10.46.71.128 - - [02/Jun/2025:08:27:35 +0000] "GET /nifi-api/processors/2fc0c10f-0197-1000-79f1-fd01e0deea11 HTTP/1.1" 200 1412 "http://10.46.67.15:8181/nifi/?processGroupId=7b71d586-0196-1000-837c-7c5442c21299&componentIds=2fc0c10f-0197-1000-79f1-fd01e0deea11" "Mozilla/5.0 (X11; Linux x86_64) AppleWebKit/537.36 (KHTML, like Gecko) Chrome/137.0.0.0 Safari/537.36"
10.46.71.128 - - [02/Jun/2025:08:27:35 +0000] "GET /nifi-api/flow/history/components/2fc0c10f-0197-1000-79f1-fd01e0deea11 HTTP/1.1" 200 98 "http://10.46.67.15:8181/nifi/?processGroupId=7b71d586-0196-1000-837c-7c5442c21299&componentIds=2fc0c10f-0197-1000-79f1-fd01e0deea11" "Mozilla/5.0 (X11; Linux x86_64) AppleWebKit/537.36 (KHTML, like Gecko) Chrome/137.0.0.0 Safari/537.36"
172.18.0.1 - - [02/Jun/2025:08:27:38 +0000] "GET /nifi-api/flow/cluster/summary HTTP/1.1" 200 93 "http://localhost:8181/nifi/?processGroupId=7b71d586-0196-1000-837c-7c5442c21299&componentIds=2fa634fb-0197-1000-7816-72ddb989a049" "Mozilla/5.0 (X11; Linux x86_64) AppleWebKit/537.36 (KHTML, like Gecko) Chrome/137.0.0.0 Safari/537.36"
172.18.0.1 - - [02/Jun/2025:08:27:38 +0000] "GET /nifi-api/flow/controller/bulletins HTTP/1.1" 200 109 "http://localhost:8181/nifi/?processGroupId=7b71d586-0196-1000-837c-7c5442c21299&componentIds=2fa634fb-0197-1000-7816-72ddb989a049" "Mozilla/5.0 (X11; Linux x86_64) AppleWebKit/537.36 (KHTML, like Gecko) Chrome/137.0.0.0 Safari/537.36"
172.18.0.1 - - [02/Jun/2025:08:27:38 +0000] "GET /nifi-api/flow/status HTTP/1.1" 200 226 "http://localhost:8181/nifi/?processGroupId=7b71d586-0196-1000-837c-7c5442c21299&componentIds=2fa634fb-0197-1000-7816-72ddb989a049" "Mozilla/5.0 (X11; Linux x86_64) AppleWebKit/537.36 (KHTML, like Gecko) Chrome/137.0.0.0 Safari/537.36"
172.18.0.1 - - [02/Jun/2025:08:27:38 +0000] "GET /nifi-api/flow/current-user HTTP/1.1" 200 392 "http://localhost:8181/nifi/?processGroupId=7b71d586-0196-1000-837c-7c5442c21299&componentIds=2fa634fb-0197-1000-7816-72ddb989a049" "Mozilla/5.0 (X11; Linux x86_64) AppleWebKit/537.36 (KHTML, like Gecko) Chrome/137.0.0.0 Safari/537.36"
172.18.0.1 - - [02/Jun/2025:08:27:38 +0000] "GET /nifi-api/flow/process-groups/7b71d586-0196-1000-837c-7c5442c21299?uiOnly=true HTTP/1.1" 200 5537 "http://localhost:8181/nifi/?processGroupId=7b71d586-0196-1000-837c-7c5442c21299&componentIds=2fa634fb-0197-1000-7816-72ddb989a049" "Mozilla/5.0 (X11; Linux x86_64) AppleWebKit/537.36 (KHTML, like Gecko) Chrome/137.0.0.0 Safari/537.36"
10.46.71.128 - - [02/Jun/2025:08:27:39 +0000] "PUT /nifi-api/processors/2fc0c10f-0197-1000-79f1-fd01e0deea11 HTTP/1.1" 200 1432 "http://10.46.67.15:8181/nifi/?processGroupId=7b71d586-0196-1000-837c-7c5442c21299&componentIds=2fc0c10f-0197-1000-79f1-fd01e0deea11" "Mozilla/5.0 (X11; Linux x86_64) AppleWebKit/537.36 (KHTML, like Gecko) Chrome/137.0.0.0 Safari/537.36"
10.46.71.128 - - [02/Jun/2025:08:27:44 +0000] "GET /nifi-api/flow/history/components/f734660c-0196-1000-1e3b-83084c4d8c03 HTTP/1.1" 200 99 "http://10.46.67.15:8181/nifi/?processGroupId=7b71d586-0196-1000-837c-7c5442c21299&componentIds=f734660c-0196-1000-1e3b-83084c4d8c03" "Mozilla/5.0 (X11; Linux x86_64) AppleWebKit/537.36 (KHTML, like Gecko) Chrome/137.0.0.0 Safari/537.36"
10.46.71.128 - - [02/Jun/2025:08:27:44 +0000] "GET /nifi-api/processors/f734660c-0196-1000-1e3b-83084c4d8c03 HTTP/1.1" 200 1378 "http://10.46.67.15:8181/nifi/?processGroupId=7b71d586-0196-1000-837c-7c5442c21299&componentIds=f734660c-0196-1000-1e3b-83084c4d8c03" "Mozilla/5.0 (X11; Linux x86_64) AppleWebKit/537.36 (KHTML, like Gecko) Chrome/137.0.0.0 Safari/537.36"
10.46.71.128 - - [02/Jun/2025:08:27:54 +0000] "GET /nifi-api/process-groups/7b71d586-0196-1000-837c-7c5442c21299 HTTP/1.1" 200 875 "http://10.46.67.15:8181/nifi/?processGroupId=7b71d586-0196-1000-837c-7c5442c21299&componentIds=f734660c-0196-1000-1e3b-83084c4d8c03" "Mozilla/5.0 (X11; Linux x86_64) AppleWebKit/537.36 (KHTML, like Gecko) Chrome/137.0.0.0 Safari/537.36"
10.46.71.128 - - [02/Jun/2025:08:28:00 +0000] "GET /nifi-api/flow/status HTTP/1.1" 200 226 "http://10.46.67.15:8181/nifi/?processGroupId=7b71d586-0196-1000-837c-7c5442c21299&componentIds=f734660c-0196-1000-1e3b-83084c4d8c03" "Mozilla/5.0 (X11; Linux x86_64) AppleWebKit/537.36 (KHTML, like Gecko) Chrome/137.0.0.0 Safari/537.36"
10.46.71.128 - - [02/Jun/2025:08:28:00 +0000] "GET /nifi-api/flow/process-groups/7b71d586-0196-1000-837c-7c5442c21299?uiOnly=true HTTP/1.1" 200 5539 "http://10.46.67.15:8181/nifi/?processGroupId=7b71d586-0196-1000-837c-7c5442c21299&componentIds=f734660c-0196-1000-1e3b-83084c4d8c03" "Mozilla/5.0 (X11; Linux x86_64) AppleWebKit/537.36 (KHTML, like Gecko) Chrome/137.0.0.0 Safari/537.36"
10.46.71.128 - - [02/Jun/2025:08:28:00 +0000] "GET /nifi-api/flow/cluster/summary HTTP/1.1" 200 93 "http://10.46.67.15:8181/nifi/?processGroupId=7b71d586-0196-1000-837c-7c5442c21299&componentIds=f734660c-0196-1000-1e3b-83084c4d8c03" "Mozilla/5.0 (X11; Linux x86_64) AppleWebKit/537.36 (KHTML, like Gecko) Chrome/137.0.0.0 Safari/537.36"
10.46.71.128 - - [02/Jun/2025:08:28:00 +0000] "GET /nifi-api/flow/current-user HTTP/1.1" 200 392 "http://10.46.67.15:8181/nifi/?processGroupId=7b71d586-0196-1000-837c-7c5442c21299&componentIds=f734660c-0196-1000-1e3b-83084c4d8c03" "Mozilla/5.0 (X11; Linux x86_64) AppleWebKit/537.36 (KHTML, like Gecko) Chrome/137.0.0.0 Safari/537.36"
10.46.71.128 - - [02/Jun/2025:08:28:00 +0000] "GET /nifi-api/flow/controller/bulletins HTTP/1.1" 200 109 "http://10.46.67.15:8181/nifi/?processGroupId=7b71d586-0196-1000-837c-7c5442c21299&componentIds=f734660c-0196-1000-1e3b-83084c4d8c03" "Mozilla/5.0 (X11; Linux x86_64) AppleWebKit/537.36 (KHTML, like Gecko) Chrome/137.0.0.0 Safari/537.36"
10.46.71.128 - - [02/Jun/2025:08:28:01 +0000] "POST /nifi-api/process-groups/7b71d586-0196-1000-837c-7c5442c21299/connections HTTP/1.1" 201 807 "http://10.46.67.15:8181/nifi/?processGroupId=7b71d586-0196-1000-837c-7c5442c21299&componentIds=2faeea1c-0197-1000-3218-e72cb6b6c1fc" "Mozilla/5.0 (X11; Linux x86_64) AppleWebKit/537.36 (KHTML, like Gecko) Chrome/137.0.0.0 Safari/537.36"
10.46.71.128 - - [02/Jun/2025:08:28:01 +0000] "GET /nifi-api/processors/2fc0c10f-0197-1000-79f1-fd01e0deea11 HTTP/1.1" 200 1370 "http://10.46.67.15:8181/nifi/?processGroupId=7b71d586-0196-1000-837c-7c5442c21299&componentIds=2faeea1c-0197-1000-3218-e72cb6b6c1fc" "Mozilla/5.0 (X11; Linux x86_64) AppleWebKit/537.36 (KHTML, like Gecko) Chrome/137.0.0.0 Safari/537.36"
10.46.71.128 - - [02/Jun/2025:08:28:01 +0000] "GET /nifi-api/processors/2faeea1c-0197-1000-3218-e72cb6b6c1fc HTTP/1.1" 200 3128 "http://10.46.67.15:8181/nifi/?processGroupId=7b71d586-0196-1000-837c-7c5442c21299&componentIds=2faeea1c-0197-1000-3218-e72cb6b6c1fc" "Mozilla/5.0 (X11; Linux x86_64) AppleWebKit/537.36 (KHTML, like Gecko) Chrome/137.0.0.0 Safari/537.36"
10.46.71.128 - - [02/Jun/2025:08:28:03 +0000] "GET /nifi-api/processors/2fc0c10f-0197-1000-79f1-fd01e0deea11 HTTP/1.1" 200 1370 "http://10.46.67.15:8181/nifi/?processGroupId=7b71d586-0196-1000-837c-7c5442c21299&componentIds=2fc0c10f-0197-1000-79f1-fd01e0deea11" "Mozilla/5.0 (X11; Linux x86_64) AppleWebKit/537.36 (KHTML, like Gecko) Chrome/137.0.0.0 Safari/537.36"
10.46.71.128 - - [02/Jun/2025:08:28:03 +0000] "GET /nifi-api/flow/history/components/2fc0c10f-0197-1000-79f1-fd01e0deea11 HTTP/1.1" 200 98 "http://10.46.67.15:8181/nifi/?processGroupId=7b71d586-0196-1000-837c-7c5442c21299&componentIds=2fc0c10f-0197-1000-79f1-fd01e0deea11" "Mozilla/5.0 (X11; Linux x86_64) AppleWebKit/537.36 (KHTML, like Gecko) Chrome/137.0.0.0 Safari/537.36"
172.18.0.1 - - [02/Jun/2025:08:28:09 +0000] "GET /nifi-api/flow/cluster/summary HTTP/1.1" 200 93 "http://localhost:8181/nifi/?processGroupId=7b71d586-0196-1000-837c-7c5442c21299&componentIds=2fa634fb-0197-1000-7816-72ddb989a049" "Mozilla/5.0 (X11; Linux x86_64) AppleWebKit/537.36 (KHTML, like Gecko) Chrome/137.0.0.0 Safari/537.36"
172.18.0.1 - - [02/Jun/2025:08:28:09 +0000] "GET /nifi-api/flow/current-user HTTP/1.1" 200 392 "http://localhost:8181/nifi/?processGroupId=7b71d586-0196-1000-837c-7c5442c21299&componentIds=2fa634fb-0197-1000-7816-72ddb989a049" "Mozilla/5.0 (X11; Linux x86_64) AppleWebKit/537.36 (KHTML, like Gecko) Chrome/137.0.0.0 Safari/537.36"
172.18.0.1 - - [02/Jun/2025:08:28:09 +0000] "GET /nifi-api/flow/status HTTP/1.1" 200 226 "http://localhost:8181/nifi/?processGroupId=7b71d586-0196-1000-837c-7c5442c21299&componentIds=2fa634fb-0197-1000-7816-72ddb989a049" "Mozilla/5.0 (X11; Linux x86_64) AppleWebKit/537.36 (KHTML, like Gecko) Chrome/137.0.0.0 Safari/537.36"
172.18.0.1 - - [02/Jun/2025:08:28:09 +0000] "GET /nifi-api/flow/controller/bulletins HTTP/1.1" 200 109 "http://localhost:8181/nifi/?processGroupId=7b71d586-0196-1000-837c-7c5442c21299&componentIds=2fa634fb-0197-1000-7816-72ddb989a049" "Mozilla/5.0 (X11; Linux x86_64) AppleWebKit/537.36 (KHTML, like Gecko) Chrome/137.0.0.0 Safari/537.36"
172.18.0.1 - - [02/Jun/2025:08:28:09 +0000] "GET /nifi-api/flow/process-groups/7b71d586-0196-1000-837c-7c5442c21299?uiOnly=true HTTP/1.1" 200 5587 "http://localhost:8181/nifi/?processGroupId=7b71d586-0196-1000-837c-7c5442c21299&componentIds=2fa634fb-0197-1000-7816-72ddb989a049" "Mozilla/5.0 (X11; Linux x86_64) AppleWebKit/537.36 (KHTML, like Gecko) Chrome/137.0.0.0 Safari/537.36"
10.46.71.128 - - [02/Jun/2025:08:28:11 +0000] "PUT /nifi-api/processors/2fc0c10f-0197-1000-79f1-fd01e0deea11 HTTP/1.1" 200 1398 "http://10.46.67.15:8181/nifi/?processGroupId=7b71d586-0196-1000-837c-7c5442c21299&componentIds=2fc0c10f-0197-1000-79f1-fd01e0deea11" "Mozilla/5.0 (X11; Linux x86_64) AppleWebKit/537.36 (KHTML, like Gecko) Chrome/137.0.0.0 Safari/537.36"
10.46.71.128 - - [02/Jun/2025:08:28:31 +0000] "GET /nifi-api/flow/status HTTP/1.1" 200 226 "http://10.46.67.15:8181/nifi/?processGroupId=7b71d586-0196-1000-837c-7c5442c21299&componentIds=2fc0c10f-0197-1000-79f1-fd01e0deea11" "Mozilla/5.0 (X11; Linux x86_64) AppleWebKit/537.36 (KHTML, like Gecko) Chrome/137.0.0.0 Safari/537.36"
10.46.71.128 - - [02/Jun/2025:08:28:31 +0000] "GET /nifi-api/flow/process-groups/7b71d586-0196-1000-837c-7c5442c21299?uiOnly=true HTTP/1.1" 200 5589 "http://10.46.67.15:8181/nifi/?processGroupId=7b71d586-0196-1000-837c-7c5442c21299&componentIds=2fc0c10f-0197-1000-79f1-fd01e0deea11" "Mozilla/5.0 (X11; Linux x86_64) AppleWebKit/537.36 (KHTML, like Gecko) Chrome/137.0.0.0 Safari/537.36"
10.46.71.128 - - [02/Jun/2025:08:28:31 +0000] "GET /nifi-api/flow/current-user HTTP/1.1" 200 392 "http://10.46.67.15:8181/nifi/?processGroupId=7b71d586-0196-1000-837c-7c5442c21299&componentIds=2fc0c10f-0197-1000-79f1-fd01e0deea11" "Mozilla/5.0 (X11; Linux x86_64) AppleWebKit/537.36 (KHTML, like Gecko) Chrome/137.0.0.0 Safari/537.36"
10.46.71.128 - - [02/Jun/2025:08:28:31 +0000] "GET /nifi-api/flow/controller/bulletins HTTP/1.1" 200 109 "http://10.46.67.15:8181/nifi/?processGroupId=7b71d586-0196-1000-837c-7c5442c21299&componentIds=2fc0c10f-0197-1000-79f1-fd01e0deea11" "Mozilla/5.0 (X11; Linux x86_64) AppleWebKit/537.36 (KHTML, like Gecko) Chrome/137.0.0.0 Safari/537.36"
10.46.71.128 - - [02/Jun/2025:08:28:31 +0000] "GET /nifi-api/flow/cluster/summary HTTP/1.1" 200 93 "http://10.46.67.15:8181/nifi/?processGroupId=7b71d586-0196-1000-837c-7c5442c21299&componentIds=2fc0c10f-0197-1000-79f1-fd01e0deea11" "Mozilla/5.0 (X11; Linux x86_64) AppleWebKit/537.36 (KHTML, like Gecko) Chrome/137.0.0.0 Safari/537.36"
172.18.0.1 - - [02/Jun/2025:08:28:40 +0000] "GET /nifi-api/flow/status HTTP/1.1" 200 226 "http://localhost:8181/nifi/?processGroupId=7b71d586-0196-1000-837c-7c5442c21299&componentIds=2fa634fb-0197-1000-7816-72ddb989a049" "Mozilla/5.0 (X11; Linux x86_64) AppleWebKit/537.36 (KHTML, like Gecko) Chrome/137.0.0.0 Safari/537.36"
172.18.0.1 - - [02/Jun/2025:08:28:40 +0000] "GET /nifi-api/flow/cluster/summary HTTP/1.1" 200 93 "http://localhost:8181/nifi/?processGroupId=7b71d586-0196-1000-837c-7c5442c21299&componentIds=2fa634fb-0197-1000-7816-72ddb989a049" "Mozilla/5.0 (X11; Linux x86_64) AppleWebKit/537.36 (KHTML, like Gecko) Chrome/137.0.0.0 Safari/537.36"
172.18.0.1 - - [02/Jun/2025:08:28:40 +0000] "GET /nifi-api/flow/controller/bulletins HTTP/1.1" 200 109 "http://localhost:8181/nifi/?processGroupId=7b71d586-0196-1000-837c-7c5442c21299&componentIds=2fa634fb-0197-1000-7816-72ddb989a049" "Mozilla/5.0 (X11; Linux x86_64) AppleWebKit/537.36 (KHTML, like Gecko) Chrome/137.0.0.0 Safari/537.36"
172.18.0.1 - - [02/Jun/2025:08:28:40 +0000] "GET /nifi-api/flow/current-user HTTP/1.1" 200 392 "http://localhost:8181/nifi/?processGroupId=7b71d586-0196-1000-837c-7c5442c21299&componentIds=2fa634fb-0197-1000-7816-72ddb989a049" "Mozilla/5.0 (X11; Linux x86_64) AppleWebKit/537.36 (KHTML, like Gecko) Chrome/137.0.0.0 Safari/537.36"
172.18.0.1 - - [02/Jun/2025:08:28:40 +0000] "GET /nifi-api/flow/process-groups/7b71d586-0196-1000-837c-7c5442c21299?uiOnly=true HTTP/1.1" 200 5586 "http://localhost:8181/nifi/?processGroupId=7b71d586-0196-1000-837c-7c5442c21299&componentIds=2fa634fb-0197-1000-7816-72ddb989a049" "Mozilla/5.0 (X11; Linux x86_64) AppleWebKit/537.36 (KHTML, like Gecko) Chrome/137.0.0.0 Safari/537.36"
10.46.71.128 - - [02/Jun/2025:08:29:01 +0000] "GET /nifi-api/flow/cluster/summary HTTP/1.1" 200 93 "http://10.46.67.15:8181/nifi/?processGroupId=7b71d586-0196-1000-837c-7c5442c21299&componentIds=2fc0c10f-0197-1000-79f1-fd01e0deea11" "Mozilla/5.0 (X11; Linux x86_64) AppleWebKit/537.36 (KHTML, like Gecko) Chrome/137.0.0.0 Safari/537.36"
10.46.71.128 - - [02/Jun/2025:08:29:01 +0000] "GET /nifi-api/flow/status HTTP/1.1" 200 223 "http://10.46.67.15:8181/nifi/?processGroupId=7b71d586-0196-1000-837c-7c5442c21299&componentIds=2fc0c10f-0197-1000-79f1-fd01e0deea11" "Mozilla/5.0 (X11; Linux x86_64) AppleWebKit/537.36 (KHTML, like Gecko) Chrome/137.0.0.0 Safari/537.36"
10.46.71.128 - - [02/Jun/2025:08:29:01 +0000] "GET /nifi-api/flow/controller/bulletins HTTP/1.1" 200 109 "http://10.46.67.15:8181/nifi/?processGroupId=7b71d586-0196-1000-837c-7c5442c21299&componentIds=2fc0c10f-0197-1000-79f1-fd01e0deea11" "Mozilla/5.0 (X11; Linux x86_64) AppleWebKit/537.36 (KHTML, like Gecko) Chrome/137.0.0.0 Safari/537.36"
10.46.71.128 - - [02/Jun/2025:08:29:01 +0000] "GET /nifi-api/flow/current-user HTTP/1.1" 200 392 "http://10.46.67.15:8181/nifi/?processGroupId=7b71d586-0196-1000-837c-7c5442c21299&componentIds=2fc0c10f-0197-1000-79f1-fd01e0deea11" "Mozilla/5.0 (X11; Linux x86_64) AppleWebKit/537.36 (KHTML, like Gecko) Chrome/137.0.0.0 Safari/537.36"
10.46.71.128 - - [02/Jun/2025:08:29:01 +0000] "GET /nifi-api/flow/process-groups/7b71d586-0196-1000-837c-7c5442c21299?uiOnly=true HTTP/1.1" 200 5589 "http://10.46.67.15:8181/nifi/?processGroupId=7b71d586-0196-1000-837c-7c5442c21299&componentIds=2fc0c10f-0197-1000-79f1-fd01e0deea11" "Mozilla/5.0 (X11; Linux x86_64) AppleWebKit/537.36 (KHTML, like Gecko) Chrome/137.0.0.0 Safari/537.36"
172.18.0.1 - - [02/Jun/2025:08:29:11 +0000] "GET /nifi-api/flow/status HTTP/1.1" 200 223 "http://localhost:8181/nifi/?processGroupId=7b71d586-0196-1000-837c-7c5442c21299&componentIds=2fa634fb-0197-1000-7816-72ddb989a049" "Mozilla/5.0 (X11; Linux x86_64) AppleWebKit/537.36 (KHTML, like Gecko) Chrome/137.0.0.0 Safari/537.36"
172.18.0.1 - - [02/Jun/2025:08:29:11 +0000] "GET /nifi-api/flow/cluster/summary HTTP/1.1" 200 93 "http://localhost:8181/nifi/?processGroupId=7b71d586-0196-1000-837c-7c5442c21299&componentIds=2fa634fb-0197-1000-7816-72ddb989a049" "Mozilla/5.0 (X11; Linux x86_64) AppleWebKit/537.36 (KHTML, like Gecko) Chrome/137.0.0.0 Safari/537.36"
172.18.0.1 - - [02/Jun/2025:08:29:11 +0000] "GET /nifi-api/flow/current-user HTTP/1.1" 200 392 "http://localhost:8181/nifi/?processGroupId=7b71d586-0196-1000-837c-7c5442c21299&componentIds=2fa634fb-0197-1000-7816-72ddb989a049" "Mozilla/5.0 (X11; Linux x86_64) AppleWebKit/537.36 (KHTML, like Gecko) Chrome/137.0.0.0 Safari/537.36"
172.18.0.1 - - [02/Jun/2025:08:29:11 +0000] "GET /nifi-api/flow/controller/bulletins HTTP/1.1" 200 109 "http://localhost:8181/nifi/?processGroupId=7b71d586-0196-1000-837c-7c5442c21299&componentIds=2fa634fb-0197-1000-7816-72ddb989a049" "Mozilla/5.0 (X11; Linux x86_64) AppleWebKit/537.36 (KHTML, like Gecko) Chrome/137.0.0.0 Safari/537.36"
172.18.0.1 - - [02/Jun/2025:08:29:11 +0000] "GET /nifi-api/flow/process-groups/7b71d586-0196-1000-837c-7c5442c21299?uiOnly=true HTTP/1.1" 200 5587 "http://localhost:8181/nifi/?processGroupId=7b71d586-0196-1000-837c-7c5442c21299&componentIds=2fa634fb-0197-1000-7816-72ddb989a049" "Mozilla/5.0 (X11; Linux x86_64) AppleWebKit/537.36 (KHTML, like Gecko) Chrome/137.0.0.0 Safari/537.36"
10.46.71.128 - - [02/Jun/2025:08:29:32 +0000] "GET /nifi-api/flow/controller/bulletins HTTP/1.1" 200 109 "http://10.46.67.15:8181/nifi/?processGroupId=7b71d586-0196-1000-837c-7c5442c21299&componentIds=2fc0c10f-0197-1000-79f1-fd01e0deea11" "Mozilla/5.0 (X11; Linux x86_64) AppleWebKit/537.36 (KHTML, like Gecko) Chrome/137.0.0.0 Safari/537.36"
10.46.71.128 - - [02/Jun/2025:08:29:32 +0000] "GET /nifi-api/flow/status HTTP/1.1" 200 223 "http://10.46.67.15:8181/nifi/?processGroupId=7b71d586-0196-1000-837c-7c5442c21299&componentIds=2fc0c10f-0197-1000-79f1-fd01e0deea11" "Mozilla/5.0 (X11; Linux x86_64) AppleWebKit/537.36 (KHTML, like Gecko) Chrome/137.0.0.0 Safari/537.36"
10.46.71.128 - - [02/Jun/2025:08:29:32 +0000] "GET /nifi-api/flow/cluster/summary HTTP/1.1" 200 93 "http://10.46.67.15:8181/nifi/?processGroupId=7b71d586-0196-1000-837c-7c5442c21299&componentIds=2fc0c10f-0197-1000-79f1-fd01e0deea11" "Mozilla/5.0 (X11; Linux x86_64) AppleWebKit/537.36 (KHTML, like Gecko) Chrome/137.0.0.0 Safari/537.36"
10.46.71.128 - - [02/Jun/2025:08:29:32 +0000] "GET /nifi-api/flow/current-user HTTP/1.1" 200 392 "http://10.46.67.15:8181/nifi/?processGroupId=7b71d586-0196-1000-837c-7c5442c21299&componentIds=2fc0c10f-0197-1000-79f1-fd01e0deea11" "Mozilla/5.0 (X11; Linux x86_64) AppleWebKit/537.36 (KHTML, like Gecko) Chrome/137.0.0.0 Safari/537.36"
10.46.71.128 - - [02/Jun/2025:08:29:32 +0000] "GET /nifi-api/flow/process-groups/7b71d586-0196-1000-837c-7c5442c21299?uiOnly=true HTTP/1.1" 200 5589 "http://10.46.67.15:8181/nifi/?processGroupId=7b71d586-0196-1000-837c-7c5442c21299&componentIds=2fc0c10f-0197-1000-79f1-fd01e0deea11" "Mozilla/5.0 (X11; Linux x86_64) AppleWebKit/537.36 (KHTML, like Gecko) Chrome/137.0.0.0 Safari/537.36"
172.18.0.1 - - [02/Jun/2025:08:29:42 +0000] "GET /nifi-api/flow/controller/bulletins HTTP/1.1" 200 109 "http://localhost:8181/nifi/?processGroupId=7b71d586-0196-1000-837c-7c5442c21299&componentIds=2fa634fb-0197-1000-7816-72ddb989a049" "Mozilla/5.0 (X11; Linux x86_64) AppleWebKit/537.36 (KHTML, like Gecko) Chrome/137.0.0.0 Safari/537.36"
172.18.0.1 - - [02/Jun/2025:08:29:42 +0000] "GET /nifi-api/flow/status HTTP/1.1" 200 223 "http://localhost:8181/nifi/?processGroupId=7b71d586-0196-1000-837c-7c5442c21299&componentIds=2fa634fb-0197-1000-7816-72ddb989a049" "Mozilla/5.0 (X11; Linux x86_64) AppleWebKit/537.36 (KHTML, like Gecko) Chrome/137.0.0.0 Safari/537.36"
172.18.0.1 - - [02/Jun/2025:08:29:42 +0000] "GET /nifi-api/flow/cluster/summary HTTP/1.1" 200 93 "http://localhost:8181/nifi/?processGroupId=7b71d586-0196-1000-837c-7c5442c21299&componentIds=2fa634fb-0197-1000-7816-72ddb989a049" "Mozilla/5.0 (X11; Linux x86_64) AppleWebKit/537.36 (KHTML, like Gecko) Chrome/137.0.0.0 Safari/537.36"
172.18.0.1 - - [02/Jun/2025:08:29:42 +0000] "GET /nifi-api/flow/current-user HTTP/1.1" 200 392 "http://localhost:8181/nifi/?processGroupId=7b71d586-0196-1000-837c-7c5442c21299&componentIds=2fa634fb-0197-1000-7816-72ddb989a049" "Mozilla/5.0 (X11; Linux x86_64) AppleWebKit/537.36 (KHTML, like Gecko) Chrome/137.0.0.0 Safari/537.36"
172.18.0.1 - - [02/Jun/2025:08:29:42 +0000] "GET /nifi-api/flow/process-groups/7b71d586-0196-1000-837c-7c5442c21299?uiOnly=true HTTP/1.1" 200 5587 "http://localhost:8181/nifi/?processGroupId=7b71d586-0196-1000-837c-7c5442c21299&componentIds=2fa634fb-0197-1000-7816-72ddb989a049" "Mozilla/5.0 (X11; Linux x86_64) AppleWebKit/537.36 (KHTML, like Gecko) Chrome/137.0.0.0 Safari/537.36"
10.46.71.128 - - [02/Jun/2025:08:30:02 +0000] "GET /nifi-api/flow/status HTTP/1.1" 200 223 "http://10.46.67.15:8181/nifi/?processGroupId=7b71d586-0196-1000-837c-7c5442c21299&componentIds=2fc0c10f-0197-1000-79f1-fd01e0deea11" "Mozilla/5.0 (X11; Linux x86_64) AppleWebKit/537.36 (KHTML, like Gecko) Chrome/137.0.0.0 Safari/537.36"
10.46.71.128 - - [02/Jun/2025:08:30:02 +0000] "GET /nifi-api/flow/current-user HTTP/1.1" 200 392 "http://10.46.67.15:8181/nifi/?processGroupId=7b71d586-0196-1000-837c-7c5442c21299&componentIds=2fc0c10f-0197-1000-79f1-fd01e0deea11" "Mozilla/5.0 (X11; Linux x86_64) AppleWebKit/537.36 (KHTML, like Gecko) Chrome/137.0.0.0 Safari/537.36"
10.46.71.128 - - [02/Jun/2025:08:30:02 +0000] "GET /nifi-api/flow/cluster/summary HTTP/1.1" 200 93 "http://10.46.67.15:8181/nifi/?processGroupId=7b71d586-0196-1000-837c-7c5442c21299&componentIds=2fc0c10f-0197-1000-79f1-fd01e0deea11" "Mozilla/5.0 (X11; Linux x86_64) AppleWebKit/537.36 (KHTML, like Gecko) Chrome/137.0.0.0 Safari/537.36"
10.46.71.128 - - [02/Jun/2025:08:30:02 +0000] "GET /nifi-api/flow/controller/bulletins HTTP/1.1" 200 109 "http://10.46.67.15:8181/nifi/?processGroupId=7b71d586-0196-1000-837c-7c5442c21299&componentIds=2fc0c10f-0197-1000-79f1-fd01e0deea11" "Mozilla/5.0 (X11; Linux x86_64) AppleWebKit/537.36 (KHTML, like Gecko) Chrome/137.0.0.0 Safari/537.36"
10.46.71.128 - - [02/Jun/2025:08:30:02 +0000] "GET /nifi-api/flow/process-groups/7b71d586-0196-1000-837c-7c5442c21299?uiOnly=true HTTP/1.1" 200 5589 "http://10.46.67.15:8181/nifi/?processGroupId=7b71d586-0196-1000-837c-7c5442c21299&componentIds=2fc0c10f-0197-1000-79f1-fd01e0deea11" "Mozilla/5.0 (X11; Linux x86_64) AppleWebKit/537.36 (KHTML, like Gecko) Chrome/137.0.0.0 Safari/537.36"
172.18.0.1 - - [02/Jun/2025:08:30:13 +0000] "GET /nifi-api/flow/status HTTP/1.1" 200 223 "http://localhost:8181/nifi/?processGroupId=7b71d586-0196-1000-837c-7c5442c21299&componentIds=2fa634fb-0197-1000-7816-72ddb989a049" "Mozilla/5.0 (X11; Linux x86_64) AppleWebKit/537.36 (KHTML, like Gecko) Chrome/137.0.0.0 Safari/537.36"
172.18.0.1 - - [02/Jun/2025:08:30:13 +0000] "GET /nifi-api/flow/current-user HTTP/1.1" 200 392 "http://localhost:8181/nifi/?processGroupId=7b71d586-0196-1000-837c-7c5442c21299&componentIds=2fa634fb-0197-1000-7816-72ddb989a049" "Mozilla/5.0 (X11; Linux x86_64) AppleWebKit/537.36 (KHTML, like Gecko) Chrome/137.0.0.0 Safari/537.36"
172.18.0.1 - - [02/Jun/2025:08:30:13 +0000] "GET /nifi-api/flow/controller/bulletins HTTP/1.1" 200 109 "http://localhost:8181/nifi/?processGroupId=7b71d586-0196-1000-837c-7c5442c21299&componentIds=2fa634fb-0197-1000-7816-72ddb989a049" "Mozilla/5.0 (X11; Linux x86_64) AppleWebKit/537.36 (KHTML, like Gecko) Chrome/137.0.0.0 Safari/537.36"
172.18.0.1 - - [02/Jun/2025:08:30:13 +0000] "GET /nifi-api/flow/process-groups/7b71d586-0196-1000-837c-7c5442c21299?uiOnly=true HTTP/1.1" 200 5586 "http://localhost:8181/nifi/?processGroupId=7b71d586-0196-1000-837c-7c5442c21299&componentIds=2fa634fb-0197-1000-7816-72ddb989a049" "Mozilla/5.0 (X11; Linux x86_64) AppleWebKit/537.36 (KHTML, like Gecko) Chrome/137.0.0.0 Safari/537.36"
172.18.0.1 - - [02/Jun/2025:08:30:13 +0000] "GET /nifi-api/flow/cluster/summary HTTP/1.1" 200 93 "http://localhost:8181/nifi/?processGroupId=7b71d586-0196-1000-837c-7c5442c21299&componentIds=2fa634fb-0197-1000-7816-72ddb989a049" "Mozilla/5.0 (X11; Linux x86_64) AppleWebKit/537.36 (KHTML, like Gecko) Chrome/137.0.0.0 Safari/537.36"
10.46.71.128 - - [02/Jun/2025:08:30:33 +0000] "GET /nifi-api/flow/cluster/summary HTTP/1.1" 200 93 "http://10.46.67.15:8181/nifi/?processGroupId=7b71d586-0196-1000-837c-7c5442c21299&componentIds=2fc0c10f-0197-1000-79f1-fd01e0deea11" "Mozilla/5.0 (X11; Linux x86_64) AppleWebKit/537.36 (KHTML, like Gecko) Chrome/137.0.0.0 Safari/537.36"
10.46.71.128 - - [02/Jun/2025:08:30:33 +0000] "GET /nifi-api/flow/status HTTP/1.1" 200 223 "http://10.46.67.15:8181/nifi/?processGroupId=7b71d586-0196-1000-837c-7c5442c21299&componentIds=2fc0c10f-0197-1000-79f1-fd01e0deea11" "Mozilla/5.0 (X11; Linux x86_64) AppleWebKit/537.36 (KHTML, like Gecko) Chrome/137.0.0.0 Safari/537.36"
10.46.71.128 - - [02/Jun/2025:08:30:33 +0000] "GET /nifi-api/flow/current-user HTTP/1.1" 200 392 "http://10.46.67.15:8181/nifi/?processGroupId=7b71d586-0196-1000-837c-7c5442c21299&componentIds=2fc0c10f-0197-1000-79f1-fd01e0deea11" "Mozilla/5.0 (X11; Linux x86_64) AppleWebKit/537.36 (KHTML, like Gecko) Chrome/137.0.0.0 Safari/537.36"
10.46.71.128 - - [02/Jun/2025:08:30:33 +0000] "GET /nifi-api/flow/controller/bulletins HTTP/1.1" 200 109 "http://10.46.67.15:8181/nifi/?processGroupId=7b71d586-0196-1000-837c-7c5442c21299&componentIds=2fc0c10f-0197-1000-79f1-fd01e0deea11" "Mozilla/5.0 (X11; Linux x86_64) AppleWebKit/537.36 (KHTML, like Gecko) Chrome/137.0.0.0 Safari/537.36"
10.46.71.128 - - [02/Jun/2025:08:30:33 +0000] "GET /nifi-api/flow/process-groups/7b71d586-0196-1000-837c-7c5442c21299?uiOnly=true HTTP/1.1" 200 5589 "http://10.46.67.15:8181/nifi/?processGroupId=7b71d586-0196-1000-837c-7c5442c21299&componentIds=2fc0c10f-0197-1000-79f1-fd01e0deea11" "Mozilla/5.0 (X11; Linux x86_64) AppleWebKit/537.36 (KHTML, like Gecko) Chrome/137.0.0.0 Safari/537.36"
172.18.0.1 - - [02/Jun/2025:08:30:44 +0000] "GET /nifi-api/flow/controller/bulletins HTTP/1.1" 200 109 "http://localhost:8181/nifi/?processGroupId=7b71d586-0196-1000-837c-7c5442c21299&componentIds=2fa634fb-0197-1000-7816-72ddb989a049" "Mozilla/5.0 (X11; Linux x86_64) AppleWebKit/537.36 (KHTML, like Gecko) Chrome/137.0.0.0 Safari/537.36"
172.18.0.1 - - [02/Jun/2025:08:30:44 +0000] "GET /nifi-api/flow/cluster/summary HTTP/1.1" 200 93 "http://localhost:8181/nifi/?processGroupId=7b71d586-0196-1000-837c-7c5442c21299&componentIds=2fa634fb-0197-1000-7816-72ddb989a049" "Mozilla/5.0 (X11; Linux x86_64) AppleWebKit/537.36 (KHTML, like Gecko) Chrome/137.0.0.0 Safari/537.36"
172.18.0.1 - - [02/Jun/2025:08:30:44 +0000] "GET /nifi-api/flow/current-user HTTP/1.1" 200 392 "http://localhost:8181/nifi/?processGroupId=7b71d586-0196-1000-837c-7c5442c21299&componentIds=2fa634fb-0197-1000-7816-72ddb989a049" "Mozilla/5.0 (X11; Linux x86_64) AppleWebKit/537.36 (KHTML, like Gecko) Chrome/137.0.0.0 Safari/537.36"
172.18.0.1 - - [02/Jun/2025:08:30:44 +0000] "GET /nifi-api/flow/status HTTP/1.1" 200 223 "http://localhost:8181/nifi/?processGroupId=7b71d586-0196-1000-837c-7c5442c21299&componentIds=2fa634fb-0197-1000-7816-72ddb989a049" "Mozilla/5.0 (X11; Linux x86_64) AppleWebKit/537.36 (KHTML, like Gecko) Chrome/137.0.0.0 Safari/537.36"
172.18.0.1 - - [02/Jun/2025:08:30:44 +0000] "GET /nifi-api/flow/process-groups/7b71d586-0196-1000-837c-7c5442c21299?uiOnly=true HTTP/1.1" 200 5586 "http://localhost:8181/nifi/?processGroupId=7b71d586-0196-1000-837c-7c5442c21299&componentIds=2fa634fb-0197-1000-7816-72ddb989a049" "Mozilla/5.0 (X11; Linux x86_64) AppleWebKit/537.36 (KHTML, like Gecko) Chrome/137.0.0.0 Safari/537.36"
10.46.71.128 - - [02/Jun/2025:08:30:57 +0000] "GET /nifi-api/processors/2faeea1c-0197-1000-3218-e72cb6b6c1fc HTTP/1.1" 200 3129 "http://10.46.67.15:8181/nifi/?processGroupId=7b71d586-0196-1000-837c-7c5442c21299&componentIds=2faeea1c-0197-1000-3218-e72cb6b6c1fc" "Mozilla/5.0 (X11; Linux x86_64) AppleWebKit/537.36 (KHTML, like Gecko) Chrome/137.0.0.0 Safari/537.36"
10.46.71.128 - - [02/Jun/2025:08:30:57 +0000] "GET /nifi-api/flow/history/components/2faeea1c-0197-1000-3218-e72cb6b6c1fc HTTP/1.1" 200 209 "http://10.46.67.15:8181/nifi/?processGroupId=7b71d586-0196-1000-837c-7c5442c21299&componentIds=2faeea1c-0197-1000-3218-e72cb6b6c1fc" "Mozilla/5.0 (X11; Linux x86_64) AppleWebKit/537.36 (KHTML, like Gecko) Chrome/137.0.0.0 Safari/537.36"
10.46.71.128 - - [02/Jun/2025:08:31:03 +0000] "GET /nifi-api/flow/status HTTP/1.1" 200 223 "http://10.46.67.15:8181/nifi/?processGroupId=7b71d586-0196-1000-837c-7c5442c21299&componentIds=2faeea1c-0197-1000-3218-e72cb6b6c1fc" "Mozilla/5.0 (X11; Linux x86_64) AppleWebKit/537.36 (KHTML, like Gecko) Chrome/137.0.0.0 Safari/537.36"
10.46.71.128 - - [02/Jun/2025:08:31:03 +0000] "GET /nifi-api/flow/process-groups/7b71d586-0196-1000-837c-7c5442c21299?uiOnly=true HTTP/1.1" 200 5589 "http://10.46.67.15:8181/nifi/?processGroupId=7b71d586-0196-1000-837c-7c5442c21299&componentIds=2faeea1c-0197-1000-3218-e72cb6b6c1fc" "Mozilla/5.0 (X11; Linux x86_64) AppleWebKit/537.36 (KHTML, like Gecko) Chrome/137.0.0.0 Safari/537.36"
10.46.71.128 - - [02/Jun/2025:08:31:03 +0000] "GET /nifi-api/flow/cluster/summary HTTP/1.1" 200 93 "http://10.46.67.15:8181/nifi/?processGroupId=7b71d586-0196-1000-837c-7c5442c21299&componentIds=2faeea1c-0197-1000-3218-e72cb6b6c1fc" "Mozilla/5.0 (X11; Linux x86_64) AppleWebKit/537.36 (KHTML, like Gecko) Chrome/137.0.0.0 Safari/537.36"
10.46.71.128 - - [02/Jun/2025:08:31:03 +0000] "GET /nifi-api/flow/controller/bulletins HTTP/1.1" 200 109 "http://10.46.67.15:8181/nifi/?processGroupId=7b71d586-0196-1000-837c-7c5442c21299&componentIds=2faeea1c-0197-1000-3218-e72cb6b6c1fc" "Mozilla/5.0 (X11; Linux x86_64) AppleWebKit/537.36 (KHTML, like Gecko) Chrome/137.0.0.0 Safari/537.36"
10.46.71.128 - - [02/Jun/2025:08:31:03 +0000] "GET /nifi-api/flow/current-user HTTP/1.1" 200 392 "http://10.46.67.15:8181/nifi/?processGroupId=7b71d586-0196-1000-837c-7c5442c21299&componentIds=2faeea1c-0197-1000-3218-e72cb6b6c1fc" "Mozilla/5.0 (X11; Linux x86_64) AppleWebKit/537.36 (KHTML, like Gecko) Chrome/137.0.0.0 Safari/537.36"
10.46.71.128 - - [02/Jun/2025:08:31:11 +0000] "PUT /nifi-api/processors/2faeea1c-0197-1000-3218-e72cb6b6c1fc HTTP/1.1" 200 3089 "http://10.46.67.15:8181/nifi/?processGroupId=7b71d586-0196-1000-837c-7c5442c21299&componentIds=2faeea1c-0197-1000-3218-e72cb6b6c1fc" "Mozilla/5.0 (X11; Linux x86_64) AppleWebKit/537.36 (KHTML, like Gecko) Chrome/137.0.0.0 Safari/537.36"
10.46.71.128 - - [02/Jun/2025:08:31:12 +0000] "GET /nifi-api/connections/2fc13934-0197-1000-8630-aae9c6d11205 HTTP/1.1" 200 789 "http://10.46.67.15:8181/nifi/?processGroupId=7b71d586-0196-1000-837c-7c5442c21299&componentIds=2faeea1c-0197-1000-3218-e72cb6b6c1fc" "Mozilla/5.0 (X11; Linux x86_64) AppleWebKit/537.36 (KHTML, like Gecko) Chrome/137.0.0.0 Safari/537.36"
10.46.71.128 - - [02/Jun/2025:08:31:13 +0000] "GET /nifi-api/flow/history/components/2fc0c10f-0197-1000-79f1-fd01e0deea11 HTTP/1.1" 200 184 "http://10.46.67.15:8181/nifi/?processGroupId=7b71d586-0196-1000-837c-7c5442c21299&componentIds=2fc0c10f-0197-1000-79f1-fd01e0deea11" "Mozilla/5.0 (X11; Linux x86_64) AppleWebKit/537.36 (KHTML, like Gecko) Chrome/137.0.0.0 Safari/537.36"
10.46.71.128 - - [02/Jun/2025:08:31:13 +0000] "GET /nifi-api/processors/2fc0c10f-0197-1000-79f1-fd01e0deea11 HTTP/1.1" 200 1379 "http://10.46.67.15:8181/nifi/?processGroupId=7b71d586-0196-1000-837c-7c5442c21299&componentIds=2fc0c10f-0197-1000-79f1-fd01e0deea11" "Mozilla/5.0 (X11; Linux x86_64) AppleWebKit/537.36 (KHTML, like Gecko) Chrome/137.0.0.0 Safari/537.36"
172.18.0.1 - - [02/Jun/2025:08:31:15 +0000] "GET /nifi-api/flow/status HTTP/1.1" 200 223 "http://localhost:8181/nifi/?processGroupId=7b71d586-0196-1000-837c-7c5442c21299&componentIds=2fa634fb-0197-1000-7816-72ddb989a049" "Mozilla/5.0 (X11; Linux x86_64) AppleWebKit/537.36 (KHTML, like Gecko) Chrome/137.0.0.0 Safari/537.36"
172.18.0.1 - - [02/Jun/2025:08:31:15 +0000] "GET /nifi-api/flow/cluster/summary HTTP/1.1" 200 93 "http://localhost:8181/nifi/?processGroupId=7b71d586-0196-1000-837c-7c5442c21299&componentIds=2fa634fb-0197-1000-7816-72ddb989a049" "Mozilla/5.0 (X11; Linux x86_64) AppleWebKit/537.36 (KHTML, like Gecko) Chrome/137.0.0.0 Safari/537.36"
172.18.0.1 - - [02/Jun/2025:08:31:15 +0000] "GET /nifi-api/flow/current-user HTTP/1.1" 200 392 "http://localhost:8181/nifi/?processGroupId=7b71d586-0196-1000-837c-7c5442c21299&componentIds=2fa634fb-0197-1000-7816-72ddb989a049" "Mozilla/5.0 (X11; Linux x86_64) AppleWebKit/537.36 (KHTML, like Gecko) Chrome/137.0.0.0 Safari/537.36"
172.18.0.1 - - [02/Jun/2025:08:31:15 +0000] "GET /nifi-api/flow/controller/bulletins HTTP/1.1" 200 109 "http://localhost:8181/nifi/?processGroupId=7b71d586-0196-1000-837c-7c5442c21299&componentIds=2fa634fb-0197-1000-7816-72ddb989a049" "Mozilla/5.0 (X11; Linux x86_64) AppleWebKit/537.36 (KHTML, like Gecko) Chrome/137.0.0.0 Safari/537.36"
172.18.0.1 - - [02/Jun/2025:08:31:15 +0000] "GET /nifi-api/flow/process-groups/7b71d586-0196-1000-837c-7c5442c21299?uiOnly=true HTTP/1.1" 200 5571 "http://localhost:8181/nifi/?processGroupId=7b71d586-0196-1000-837c-7c5442c21299&componentIds=2fa634fb-0197-1000-7816-72ddb989a049" "Mozilla/5.0 (X11; Linux x86_64) AppleWebKit/537.36 (KHTML, like Gecko) Chrome/137.0.0.0 Safari/537.36"
10.46.71.128 - - [02/Jun/2025:08:31:18 +0000] "PUT /nifi-api/processors/2fc0c10f-0197-1000-79f1-fd01e0deea11 HTTP/1.1" 200 1343 "http://10.46.67.15:8181/nifi/?processGroupId=7b71d586-0196-1000-837c-7c5442c21299&componentIds=2fc0c10f-0197-1000-79f1-fd01e0deea11" "Mozilla/5.0 (X11; Linux x86_64) AppleWebKit/537.36 (KHTML, like Gecko) Chrome/137.0.0.0 Safari/537.36"
10.46.71.128 - - [02/Jun/2025:08:31:30 +0000] "POST /nifi-api/flowfile-queues/e7f6b435-0196-1000-8262-5424b3b381a1/drop-requests HTTP/1.1" 202 336 "http://10.46.67.15:8181/nifi/?processGroupId=7b71d586-0196-1000-837c-7c5442c21299&componentIds=e7f6b435-0196-1000-8262-5424b3b381a1" "Mozilla/5.0 (X11; Linux x86_64) AppleWebKit/537.36 (KHTML, like Gecko) Chrome/137.0.0.0 Safari/537.36"
10.46.71.128 - - [02/Jun/2025:08:31:32 +0000] "GET /nifi-api/flowfile-queues/e7f6b435-0196-1000-8262-5424b3b381a1/drop-requests/2fc46a1d-0197-1000-6423-ff2ecf03b656 HTTP/1.1" 200 334 "http://10.46.67.15:8181/nifi/" "Mozilla/5.0 (X11; Linux x86_64) AppleWebKit/537.36 (KHTML, like Gecko) Chrome/137.0.0.0 Safari/537.36"
10.46.71.128 - - [02/Jun/2025:08:31:32 +0000] "GET /nifi-api/flow/connections/e7f6b435-0196-1000-8262-5424b3b381a1/status HTTP/1.1" 200 424 "http://10.46.67.15:8181/nifi/" "Mozilla/5.0 (X11; Linux x86_64) AppleWebKit/537.36 (KHTML, like Gecko) Chrome/137.0.0.0 Safari/537.36"
10.46.71.128 - - [02/Jun/2025:08:31:32 +0000] "DELETE /nifi-api/flowfile-queues/e7f6b435-0196-1000-8262-5424b3b381a1/drop-requests/2fc46a1d-0197-1000-6423-ff2ecf03b656 HTTP/1.1" 200 334 "http://10.46.67.15:8181/nifi/" "Mozilla/5.0 (X11; Linux x86_64) AppleWebKit/537.36 (KHTML, like Gecko) Chrome/137.0.0.0 Safari/537.36"
10.46.71.128 - - [02/Jun/2025:08:31:33 +0000] "GET /nifi-api/flow/status HTTP/1.1" 200 222 "http://10.46.67.15:8181/nifi/" "Mozilla/5.0 (X11; Linux x86_64) AppleWebKit/537.36 (KHTML, like Gecko) Chrome/137.0.0.0 Safari/537.36"
10.46.71.128 - - [02/Jun/2025:08:31:33 +0000] "GET /nifi-api/flow/process-groups/7b71d586-0196-1000-837c-7c5442c21299?uiOnly=true HTTP/1.1" 200 5519 "http://10.46.67.15:8181/nifi/" "Mozilla/5.0 (X11; Linux x86_64) AppleWebKit/537.36 (KHTML, like Gecko) Chrome/137.0.0.0 Safari/537.36"
10.46.71.128 - - [02/Jun/2025:08:31:33 +0000] "GET /nifi-api/flow/cluster/summary HTTP/1.1" 200 93 "http://10.46.67.15:8181/nifi/" "Mozilla/5.0 (X11; Linux x86_64) AppleWebKit/537.36 (KHTML, like Gecko) Chrome/137.0.0.0 Safari/537.36"
10.46.71.128 - - [02/Jun/2025:08:31:33 +0000] "GET /nifi-api/flow/controller/bulletins HTTP/1.1" 200 109 "http://10.46.67.15:8181/nifi/" "Mozilla/5.0 (X11; Linux x86_64) AppleWebKit/537.36 (KHTML, like Gecko) Chrome/137.0.0.0 Safari/537.36"
10.46.71.128 - - [02/Jun/2025:08:31:33 +0000] "GET /nifi-api/flow/current-user HTTP/1.1" 200 392 "http://10.46.67.15:8181/nifi/" "Mozilla/5.0 (X11; Linux x86_64) AppleWebKit/537.36 (KHTML, like Gecko) Chrome/137.0.0.0 Safari/537.36"
10.46.71.128 - - [02/Jun/2025:08:31:37 +0000] "PUT /nifi-api/processors/e7f183d8-0196-1000-e672-c384d9cecec4/run-status HTTP/1.1" 200 1718 "http://10.46.67.15:8181/nifi/?processGroupId=7b71d586-0196-1000-837c-7c5442c21299&componentIds=e7f183d8-0196-1000-e672-c384d9cecec4" "Mozilla/5.0 (X11; Linux x86_64) AppleWebKit/537.36 (KHTML, like Gecko) Chrome/137.0.0.0 Safari/537.36"
172.18.0.1 - - [02/Jun/2025:08:31:46 +0000] "GET /nifi-api/flow/cluster/summary HTTP/1.1" 200 93 "http://localhost:8181/nifi/?processGroupId=7b71d586-0196-1000-837c-7c5442c21299&componentIds=2fa634fb-0197-1000-7816-72ddb989a049" "Mozilla/5.0 (X11; Linux x86_64) AppleWebKit/537.36 (KHTML, like Gecko) Chrome/137.0.0.0 Safari/537.36"
172.18.0.1 - - [02/Jun/2025:08:31:46 +0000] "GET /nifi-api/flow/controller/bulletins HTTP/1.1" 200 109 "http://localhost:8181/nifi/?processGroupId=7b71d586-0196-1000-837c-7c5442c21299&componentIds=2fa634fb-0197-1000-7816-72ddb989a049" "Mozilla/5.0 (X11; Linux x86_64) AppleWebKit/537.36 (KHTML, like Gecko) Chrome/137.0.0.0 Safari/537.36"
172.18.0.1 - - [02/Jun/2025:08:31:46 +0000] "GET /nifi-api/flow/status HTTP/1.1" 200 220 "http://localhost:8181/nifi/?processGroupId=7b71d586-0196-1000-837c-7c5442c21299&componentIds=2fa634fb-0197-1000-7816-72ddb989a049" "Mozilla/5.0 (X11; Linux x86_64) AppleWebKit/537.36 (KHTML, like Gecko) Chrome/137.0.0.0 Safari/537.36"
172.18.0.1 - - [02/Jun/2025:08:31:46 +0000] "GET /nifi-api/flow/current-user HTTP/1.1" 200 392 "http://localhost:8181/nifi/?processGroupId=7b71d586-0196-1000-837c-7c5442c21299&componentIds=2fa634fb-0197-1000-7816-72ddb989a049" "Mozilla/5.0 (X11; Linux x86_64) AppleWebKit/537.36 (KHTML, like Gecko) Chrome/137.0.0.0 Safari/537.36"
172.18.0.1 - - [02/Jun/2025:08:31:46 +0000] "GET /nifi-api/flow/process-groups/7b71d586-0196-1000-837c-7c5442c21299?uiOnly=true HTTP/1.1" 200 6081 "http://localhost:8181/nifi/?processGroupId=7b71d586-0196-1000-837c-7c5442c21299&componentIds=2fa634fb-0197-1000-7816-72ddb989a049" "Mozilla/5.0 (X11; Linux x86_64) AppleWebKit/537.36 (KHTML, like Gecko) Chrome/137.0.0.0 Safari/537.36"
10.46.71.128 - - [02/Jun/2025:08:31:51 +0000] "PUT /nifi-api/processors/2fa634fb-0197-1000-7816-72ddb989a049/run-status HTTP/1.1" 200 1684 "http://10.46.67.15:8181/nifi/?processGroupId=7b71d586-0196-1000-837c-7c5442c21299&componentIds=2fa634fb-0197-1000-7816-72ddb989a049" "Mozilla/5.0 (X11; Linux x86_64) AppleWebKit/537.36 (KHTML, like Gecko) Chrome/137.0.0.0 Safari/537.36"
10.46.71.128 - - [02/Jun/2025:08:32:04 +0000] "GET /nifi-api/flow/process-groups/7b71d586-0196-1000-837c-7c5442c21299?uiOnly=true HTTP/1.1" 200 6326 "http://10.46.67.15:8181/nifi/?processGroupId=7b71d586-0196-1000-837c-7c5442c21299&componentIds=2fa634fb-0197-1000-7816-72ddb989a049" "Mozilla/5.0 (X11; Linux x86_64) AppleWebKit/537.36 (KHTML, like Gecko) Chrome/137.0.0.0 Safari/537.36"
10.46.71.128 - - [02/Jun/2025:08:32:04 +0000] "GET /nifi-api/flow/current-user HTTP/1.1" 200 392 "http://10.46.67.15:8181/nifi/?processGroupId=7b71d586-0196-1000-837c-7c5442c21299&componentIds=2fa634fb-0197-1000-7816-72ddb989a049" "Mozilla/5.0 (X11; Linux x86_64) AppleWebKit/537.36 (KHTML, like Gecko) Chrome/137.0.0.0 Safari/537.36"
10.46.71.128 - - [02/Jun/2025:08:32:04 +0000] "GET /nifi-api/flow/controller/bulletins HTTP/1.1" 200 109 "http://10.46.67.15:8181/nifi/?processGroupId=7b71d586-0196-1000-837c-7c5442c21299&componentIds=2fa634fb-0197-1000-7816-72ddb989a049" "Mozilla/5.0 (X11; Linux x86_64) AppleWebKit/537.36 (KHTML, like Gecko) Chrome/137.0.0.0 Safari/537.36"
10.46.71.128 - - [02/Jun/2025:08:32:04 +0000] "GET /nifi-api/flow/cluster/summary HTTP/1.1" 200 93 "http://10.46.67.15:8181/nifi/?processGroupId=7b71d586-0196-1000-837c-7c5442c21299&componentIds=2fa634fb-0197-1000-7816-72ddb989a049" "Mozilla/5.0 (X11; Linux x86_64) AppleWebKit/537.36 (KHTML, like Gecko) Chrome/137.0.0.0 Safari/537.36"
10.46.71.128 - - [02/Jun/2025:08:32:04 +0000] "GET /nifi-api/flow/status HTTP/1.1" 200 222 "http://10.46.67.15:8181/nifi/?processGroupId=7b71d586-0196-1000-837c-7c5442c21299&componentIds=2fa634fb-0197-1000-7816-72ddb989a049" "Mozilla/5.0 (X11; Linux x86_64) AppleWebKit/537.36 (KHTML, like Gecko) Chrome/137.0.0.0 Safari/537.36"
10.46.71.128 - - [02/Jun/2025:08:32:10 +0000] "POST /nifi-api/flowfile-queues/2fbccea5-0197-1000-4430-c7be5c1370a8/listing-requests HTTP/1.1" 202 329 "http://10.46.67.15:8181/nifi/?processGroupId=7b71d586-0196-1000-837c-7c5442c21299&componentIds=2fbccea5-0197-1000-4430-c7be5c1370a8" "Mozilla/5.0 (X11; Linux x86_64) AppleWebKit/537.36 (KHTML, like Gecko) Chrome/137.0.0.0 Safari/537.36"
10.46.71.128 - - [02/Jun/2025:08:32:11 +0000] "GET /nifi-api/flowfile-queues/2fbccea5-0197-1000-4430-c7be5c1370a8/listing-requests/2fc50445-0197-1000-de66-125b14cffd9e HTTP/1.1" 200 4519 "http://10.46.67.15:8181/nifi/" "Mozilla/5.0 (X11; Linux x86_64) AppleWebKit/537.36 (KHTML, like Gecko) Chrome/137.0.0.0 Safari/537.36"
10.46.71.128 - - [02/Jun/2025:08:32:11 +0000] "DELETE /nifi-api/flowfile-queues/2fbccea5-0197-1000-4430-c7be5c1370a8/listing-requests/2fc50445-0197-1000-de66-125b14cffd9e HTTP/1.1" 200 311 "http://10.46.67.15:8181/nifi/" "Mozilla/5.0 (X11; Linux x86_64) AppleWebKit/537.36 (KHTML, like Gecko) Chrome/137.0.0.0 Safari/537.36"
172.18.0.1 - - [02/Jun/2025:08:32:17 +0000] "GET /nifi-api/flow/controller/bulletins HTTP/1.1" 200 109 "http://localhost:8181/nifi/?processGroupId=7b71d586-0196-1000-837c-7c5442c21299&componentIds=2fa634fb-0197-1000-7816-72ddb989a049" "Mozilla/5.0 (X11; Linux x86_64) AppleWebKit/537.36 (KHTML, like Gecko) Chrome/137.0.0.0 Safari/537.36"
172.18.0.1 - - [02/Jun/2025:08:32:17 +0000] "GET /nifi-api/flow/cluster/summary HTTP/1.1" 200 93 "http://localhost:8181/nifi/?processGroupId=7b71d586-0196-1000-837c-7c5442c21299&componentIds=2fa634fb-0197-1000-7816-72ddb989a049" "Mozilla/5.0 (X11; Linux x86_64) AppleWebKit/537.36 (KHTML, like Gecko) Chrome/137.0.0.0 Safari/537.36"
172.18.0.1 - - [02/Jun/2025:08:32:17 +0000] "GET /nifi-api/flow/current-user HTTP/1.1" 200 392 "http://localhost:8181/nifi/?processGroupId=7b71d586-0196-1000-837c-7c5442c21299&componentIds=2fa634fb-0197-1000-7816-72ddb989a049" "Mozilla/5.0 (X11; Linux x86_64) AppleWebKit/537.36 (KHTML, like Gecko) Chrome/137.0.0.0 Safari/537.36"
172.18.0.1 - - [02/Jun/2025:08:32:17 +0000] "GET /nifi-api/flow/status HTTP/1.1" 200 219 "http://localhost:8181/nifi/?processGroupId=7b71d586-0196-1000-837c-7c5442c21299&componentIds=2fa634fb-0197-1000-7816-72ddb989a049" "Mozilla/5.0 (X11; Linux x86_64) AppleWebKit/537.36 (KHTML, like Gecko) Chrome/137.0.0.0 Safari/537.36"
172.18.0.1 - - [02/Jun/2025:08:32:17 +0000] "GET /nifi-api/flow/process-groups/7b71d586-0196-1000-837c-7c5442c21299?uiOnly=true HTTP/1.1" 200 6010 "http://localhost:8181/nifi/?processGroupId=7b71d586-0196-1000-837c-7c5442c21299&componentIds=2fa634fb-0197-1000-7816-72ddb989a049" "Mozilla/5.0 (X11; Linux x86_64) AppleWebKit/537.36 (KHTML, like Gecko) Chrome/137.0.0.0 Safari/537.36"
10.46.71.128 - - [02/Jun/2025:08:32:21 +0000] "GET /nifi-api/flowfile-queues/2fbccea5-0197-1000-4430-c7be5c1370a8/flowfiles/62d82eba-be67-43dc-a33f-215db728dd4f HTTP/1.1" 200 420 "http://10.46.67.15:8181/nifi/" "Mozilla/5.0 (X11; Linux x86_64) AppleWebKit/537.36 (KHTML, like Gecko) Chrome/137.0.0.0 Safari/537.36"
10.46.71.128 - - [02/Jun/2025:08:32:27 +0000] "GET /nifi-content-viewer/?ref=http%3A%2F%2F10.46.67.15%3A8181%2Fnifi-api%2Fflowfile-queues%2F2fbccea5-0197-1000-4430-c7be5c1370a8%2Fflowfiles%2F62d82eba-be67-43dc-a33f-215db728dd4f%2Fcontent HTTP/1.1" 200 1868 "http://10.46.67.15:8181/nifi/" "Mozilla/5.0 (X11; Linux x86_64) AppleWebKit/537.36 (KHTML, like Gecko) Chrome/137.0.0.0 Safari/537.36"
10.46.71.128 - - [02/Jun/2025:08:32:27 +0000] "GET /nifi/js/jquery/modal/jquery.modal.css HTTP/1.1" 200 497 "http://10.46.67.15:8181/nifi-content-viewer/?ref=http%3A%2F%2F10.46.67.15%3A8181%2Fnifi-api%2Fflowfile-queues%2F2fbccea5-0197-1000-4430-c7be5c1370a8%2Fflowfiles%2F62d82eba-be67-43dc-a33f-215db728dd4f%2Fcontent" "Mozilla/5.0 (X11; Linux x86_64) AppleWebKit/537.36 (KHTML, like Gecko) Chrome/137.0.0.0 Safari/537.36"
10.46.71.128 - - [02/Jun/2025:08:32:27 +0000] "GET /nifi/js/jquery/combo/jquery.combo.css HTTP/1.1" 200 535 "http://10.46.67.15:8181/nifi-content-viewer/?ref=http%3A%2F%2F10.46.67.15%3A8181%2Fnifi-api%2Fflowfile-queues%2F2fbccea5-0197-1000-4430-c7be5c1370a8%2Fflowfiles%2F62d82eba-be67-43dc-a33f-215db728dd4f%2Fcontent" "Mozilla/5.0 (X11; Linux x86_64) AppleWebKit/537.36 (KHTML, like Gecko) Chrome/137.0.0.0 Safari/537.36"
10.46.71.128 - - [02/Jun/2025:08:32:27 +0000] "GET /nifi/js/jquery/combo/jquery.combo.js HTTP/1.1" 200 1433 "http://10.46.67.15:8181/nifi-content-viewer/?ref=http%3A%2F%2F10.46.67.15%3A8181%2Fnifi-api%2Fflowfile-queues%2F2fbccea5-0197-1000-4430-c7be5c1370a8%2Fflowfiles%2F62d82eba-be67-43dc-a33f-215db728dd4f%2Fcontent" "Mozilla/5.0 (X11; Linux x86_64) AppleWebKit/537.36 (KHTML, like Gecko) Chrome/137.0.0.0 Safari/537.36"
10.46.71.128 - - [02/Jun/2025:08:32:27 +0000] "GET /nifi/js/jquery/modal/jquery.modal.js HTTP/1.1" 200 1806 "http://10.46.67.15:8181/nifi-content-viewer/?ref=http%3A%2F%2F10.46.67.15%3A8181%2Fnifi-api%2Fflowfile-queues%2F2fbccea5-0197-1000-4430-c7be5c1370a8%2Fflowfiles%2F62d82eba-be67-43dc-a33f-215db728dd4f%2Fcontent" "Mozilla/5.0 (X11; Linux x86_64) AppleWebKit/537.36 (KHTML, like Gecko) Chrome/137.0.0.0 Safari/537.36"
10.46.71.128 - - [02/Jun/2025:08:32:27 +0000] "GET /nifi-content-viewer/css/main.css HTTP/1.1" 200 993 "http://10.46.67.15:8181/nifi-content-viewer/?ref=http%3A%2F%2F10.46.67.15%3A8181%2Fnifi-api%2Fflowfile-queues%2F2fbccea5-0197-1000-4430-c7be5c1370a8%2Fflowfiles%2F62d82eba-be67-43dc-a33f-215db728dd4f%2Fcontent" "Mozilla/5.0 (X11; Linux x86_64) AppleWebKit/537.36 (KHTML, like Gecko) Chrome/137.0.0.0 Safari/537.36"
10.46.71.128 - - [02/Jun/2025:08:32:28 +0000] "GET /nifi/js/nf/nf-namespace.js HTTP/1.1" 200 22 "http://10.46.67.15:8181/nifi-content-viewer/?ref=http%3A%2F%2F10.46.67.15%3A8181%2Fnifi-api%2Fflowfile-queues%2F2fbccea5-0197-1000-4430-c7be5c1370a8%2Fflowfiles%2F62d82eba-be67-43dc-a33f-215db728dd4f%2Fcontent" "Mozilla/5.0 (X11; Linux x86_64) AppleWebKit/537.36 (KHTML, like Gecko) Chrome/137.0.0.0 Safari/537.36"
10.46.71.128 - - [02/Jun/2025:08:32:28 +0000] "GET /nifi/js/nf/nf-authorization-storage.js HTTP/1.1" 200 334 "http://10.46.67.15:8181/nifi-content-viewer/?ref=http%3A%2F%2F10.46.67.15%3A8181%2Fnifi-api%2Fflowfile-queues%2F2fbccea5-0197-1000-4430-c7be5c1370a8%2Fflowfiles%2F62d82eba-be67-43dc-a33f-215db728dd4f%2Fcontent" "Mozilla/5.0 (X11; Linux x86_64) AppleWebKit/537.36 (KHTML, like Gecko) Chrome/137.0.0.0 Safari/537.36"
10.46.71.128 - - [02/Jun/2025:08:32:28 +0000] "GET /nifi/js/codemirror/addon/fold/foldgutter.css HTTP/1.1" 200 195 "http://10.46.67.15:8181/nifi-content-viewer/?ref=http%3A%2F%2F10.46.67.15%3A8181%2Fnifi-api%2Fflowfile-queues%2F2fbccea5-0197-1000-4430-c7be5c1370a8%2Fflowfiles%2F62d82eba-be67-43dc-a33f-215db728dd4f%2Fcontent" "Mozilla/5.0 (X11; Linux x86_64) AppleWebKit/537.36 (KHTML, like Gecko) Chrome/137.0.0.0 Safari/537.36"
10.46.71.128 - - [02/Jun/2025:08:32:28 +0000] "GET /nifi/js/nf/nf-ajax-setup.js HTTP/1.1" 200 290 "http://10.46.67.15:8181/nifi-content-viewer/?ref=http%3A%2F%2F10.46.67.15%3A8181%2Fnifi-api%2Fflowfile-queues%2F2fbccea5-0197-1000-4430-c7be5c1370a8%2Fflowfiles%2F62d82eba-be67-43dc-a33f-215db728dd4f%2Fcontent" "Mozilla/5.0 (X11; Linux x86_64) AppleWebKit/537.36 (KHTML, like Gecko) Chrome/137.0.0.0 Safari/537.36"
10.46.71.128 - - [02/Jun/2025:08:32:28 +0000] "GET /nifi/js/nf/nf-universal-capture.js HTTP/1.1" 200 715 "http://10.46.67.15:8181/nifi-content-viewer/?ref=http%3A%2F%2F10.46.67.15%3A8181%2Fnifi-api%2Fflowfile-queues%2F2fbccea5-0197-1000-4430-c7be5c1370a8%2Fflowfiles%2F62d82eba-be67-43dc-a33f-215db728dd4f%2Fcontent" "Mozilla/5.0 (X11; Linux x86_64) AppleWebKit/537.36 (KHTML, like Gecko) Chrome/137.0.0.0 Safari/537.36"
10.46.71.128 - - [02/Jun/2025:08:32:28 +0000] "GET /nifi/js/nf/nf-storage.js HTTP/1.1" 200 567 "http://10.46.67.15:8181/nifi-content-viewer/?ref=http%3A%2F%2F10.46.67.15%3A8181%2Fnifi-api%2Fflowfile-queues%2F2fbccea5-0197-1000-4430-c7be5c1370a8%2Fflowfiles%2F62d82eba-be67-43dc-a33f-215db728dd4f%2Fcontent" "Mozilla/5.0 (X11; Linux x86_64) AppleWebKit/537.36 (KHTML, like Gecko) Chrome/137.0.0.0 Safari/537.36"
10.46.71.128 - - [02/Jun/2025:08:32:35 +0000] "GET /nifi-api/flow/status HTTP/1.1" 200 219 "http://10.46.67.15:8181/nifi/" "Mozilla/5.0 (X11; Linux x86_64) AppleWebKit/537.36 (KHTML, like Gecko) Chrome/137.0.0.0 Safari/537.36"
10.46.71.128 - - [02/Jun/2025:08:32:35 +0000] "GET /nifi-api/flow/controller/bulletins HTTP/1.1" 200 109 "http://10.46.67.15:8181/nifi/" "Mozilla/5.0 (X11; Linux x86_64) AppleWebKit/537.36 (KHTML, like Gecko) Chrome/137.0.0.0 Safari/537.36"
10.46.71.128 - - [02/Jun/2025:08:32:35 +0000] "GET /nifi-api/flow/current-user HTTP/1.1" 200 392 "http://10.46.67.15:8181/nifi/" "Mozilla/5.0 (X11; Linux x86_64) AppleWebKit/537.36 (KHTML, like Gecko) Chrome/137.0.0.0 Safari/537.36"
10.46.71.128 - - [02/Jun/2025:08:32:35 +0000] "GET /nifi-api/flow/cluster/summary HTTP/1.1" 200 93 "http://10.46.67.15:8181/nifi/" "Mozilla/5.0 (X11; Linux x86_64) AppleWebKit/537.36 (KHTML, like Gecko) Chrome/137.0.0.0 Safari/537.36"
10.46.71.128 - - [02/Jun/2025:08:32:35 +0000] "GET /nifi-api/flow/process-groups/7b71d586-0196-1000-837c-7c5442c21299?uiOnly=true HTTP/1.1" 200 6012 "http://10.46.67.15:8181/nifi/" "Mozilla/5.0 (X11; Linux x86_64) AppleWebKit/537.36 (KHTML, like Gecko) Chrome/137.0.0.0 Safari/537.36"
10.46.71.128 - - [02/Jun/2025:08:32:47 +0000] "POST /nifi-api/flowfile-queues/2fbccea5-0197-1000-4430-c7be5c1370a8/drop-requests HTTP/1.1" 202 345 "http://10.46.67.15:8181/nifi/?processGroupId=7b71d586-0196-1000-837c-7c5442c21299&componentIds=2fbccea5-0197-1000-4430-c7be5c1370a8" "Mozilla/5.0 (X11; Linux x86_64) AppleWebKit/537.36 (KHTML, like Gecko) Chrome/137.0.0.0 Safari/537.36"
10.46.71.128 - - [02/Jun/2025:08:32:48 +0000] "GET /nifi-api/flowfile-queues/2fbccea5-0197-1000-4430-c7be5c1370a8/drop-requests/2fc59445-0197-1000-89c6-79b60ef9e106 HTTP/1.1" 200 328 "http://10.46.67.15:8181/nifi/" "Mozilla/5.0 (X11; Linux x86_64) AppleWebKit/537.36 (KHTML, like Gecko) Chrome/137.0.0.0 Safari/537.36"
10.46.71.128 - - [02/Jun/2025:08:32:48 +0000] "DELETE /nifi-api/flowfile-queues/2fbccea5-0197-1000-4430-c7be5c1370a8/drop-requests/2fc59445-0197-1000-89c6-79b60ef9e106 HTTP/1.1" 200 328 "http://10.46.67.15:8181/nifi/" "Mozilla/5.0 (X11; Linux x86_64) AppleWebKit/537.36 (KHTML, like Gecko) Chrome/137.0.0.0 Safari/537.36"
