172.18.0.1 - - [02/Jun/2025:08:42:59 +0000] "PUT /nifi-api/processors/2fc7ed14-0197-1000-72f7-816011f38074 HTTP/1.1" 200 2723 "http://localhost:8181/nifi/?processGroupId=7b71d586-0196-1000-837c-7c5442c21299&componentIds=2fc7ed14-0197-1000-72f7-816011f38074" "Mozilla/5.0 (X11; Linux x86_64) AppleWebKit/537.36 (KHTML, like Gecko) Chrome/137.0.0.0 Safari/537.36"
172.18.0.1 - - [02/Jun/2025:08:43:01 +0000] "GET /nifi-api/flow/history/components/2fc7ed14-0197-1000-72f7-816011f38074 HTTP/1.1" 200 99 "http://localhost:8181/nifi/?processGroupId=7b71d586-0196-1000-837c-7c5442c21299&componentIds=2fc7ed14-0197-1000-72f7-816011f38074" "Mozilla/5.0 (X11; Linux x86_64) AppleWebKit/537.36 (KHTML, like Gecko) Chrome/137.0.0.0 Safari/537.36"
172.18.0.1 - - [02/Jun/2025:08:43:01 +0000] "GET /nifi-api/processors/2fc7ed14-0197-1000-72f7-816011f38074 HTTP/1.1" 200 2706 "http://localhost:8181/nifi/?processGroupId=7b71d586-0196-1000-837c-7c5442c21299&componentIds=2fc7ed14-0197-1000-72f7-816011f38074" "Mozilla/5.0 (X11; Linux x86_64) AppleWebKit/537.36 (KHTML, like Gecko) Chrome/137.0.0.0 Safari/537.36"
172.18.0.1 - - [02/Jun/2025:08:43:06 +0000] "GET /nifi-api/flow/history/components/2fc7ed14-0197-1000-72f7-816011f38074 HTTP/1.1" 200 99 "http://localhost:8181/nifi/?processGroupId=7b71d586-0196-1000-837c-7c5442c21299&componentIds=2fc7ed14-0197-1000-72f7-816011f38074" "Mozilla/5.0 (X11; Linux x86_64) AppleWebKit/537.36 (KHTML, like Gecko) Chrome/137.0.0.0 Safari/537.36"
172.18.0.1 - - [02/Jun/2025:08:43:06 +0000] "GET /nifi-api/processors/2fc7ed14-0197-1000-72f7-816011f38074 HTTP/1.1" 200 2706 "http://localhost:8181/nifi/?processGroupId=7b71d586-0196-1000-837c-7c5442c21299&componentIds=2fc7ed14-0197-1000-72f7-816011f38074" "Mozilla/5.0 (X11; Linux x86_64) AppleWebKit/537.36 (KHTML, like Gecko) Chrome/137.0.0.0 Safari/537.36"
10.46.71.128 - - [02/Jun/2025:08:43:13 +0000] "PUT /nifi-api/processors/2fc7ed14-0197-1000-72f7-816011f38074 HTTP/1.1" 400 144 "http://10.46.67.15:8181/nifi/?processGroupId=7b71d586-0196-1000-837c-7c5442c21299&componentIds=2fc7ed14-0197-1000-72f7-816011f38074" "Mozilla/5.0 (X11; Linux x86_64) AppleWebKit/537.36 (KHTML, like Gecko) Chrome/137.0.0.0 Safari/537.36"
10.46.71.128 - - [02/Jun/2025:08:43:17 +0000] "GET /nifi-api/flow/process-groups/7b71d586-0196-1000-837c-7c5442c21299?uiOnly=true HTTP/1.1" 200 5772 "http://10.46.67.15:8181/nifi/?processGroupId=7b71d586-0196-1000-837c-7c5442c21299&componentIds=2fc7ed14-0197-1000-72f7-816011f38074" "Mozilla/5.0 (X11; Linux x86_64) AppleWebKit/537.36 (KHTML, like Gecko) Chrome/137.0.0.0 Safari/537.36"
10.46.71.128 - - [02/Jun/2025:08:43:17 +0000] "GET /nifi-api/flow/cluster/summary HTTP/1.1" 200 93 "http://10.46.67.15:8181/nifi/?processGroupId=7b71d586-0196-1000-837c-7c5442c21299&componentIds=2fc7ed14-0197-1000-72f7-816011f38074" "Mozilla/5.0 (X11; Linux x86_64) AppleWebKit/537.36 (KHTML, like Gecko) Chrome/137.0.0.0 Safari/537.36"
10.46.71.128 - - [02/Jun/2025:08:43:17 +0000] "GET /nifi-api/flow/current-user HTTP/1.1" 200 392 "http://10.46.67.15:8181/nifi/?processGroupId=7b71d586-0196-1000-837c-7c5442c21299&componentIds=2fc7ed14-0197-1000-72f7-816011f38074" "Mozilla/5.0 (X11; Linux x86_64) AppleWebKit/537.36 (KHTML, like Gecko) Chrome/137.0.0.0 Safari/537.36"
10.46.71.128 - - [02/Jun/2025:08:43:17 +0000] "GET /nifi-api/flow/status HTTP/1.1" 200 220 "http://10.46.67.15:8181/nifi/?processGroupId=7b71d586-0196-1000-837c-7c5442c21299&componentIds=2fc7ed14-0197-1000-72f7-816011f38074" "Mozilla/5.0 (X11; Linux x86_64) AppleWebKit/537.36 (KHTML, like Gecko) Chrome/137.0.0.0 Safari/537.36"
10.46.71.128 - - [02/Jun/2025:08:43:17 +0000] "GET /nifi-api/flow/controller/bulletins HTTP/1.1" 200 109 "http://10.46.67.15:8181/nifi/?processGroupId=7b71d586-0196-1000-837c-7c5442c21299&componentIds=2fc7ed14-0197-1000-72f7-816011f38074" "Mozilla/5.0 (X11; Linux x86_64) AppleWebKit/537.36 (KHTML, like Gecko) Chrome/137.0.0.0 Safari/537.36"
10.46.71.128 - - [02/Jun/2025:08:43:22 +0000] "PUT /nifi-api/processors/2fc7ed14-0197-1000-72f7-816011f38074 HTTP/1.1" 200 2796 "http://10.46.67.15:8181/nifi/?processGroupId=7b71d586-0196-1000-837c-7c5442c21299&componentIds=2fc7ed14-0197-1000-72f7-816011f38074" "Mozilla/5.0 (X11; Linux x86_64) AppleWebKit/537.36 (KHTML, like Gecko) Chrome/137.0.0.0 Safari/537.36"
10.46.71.128 - - [02/Jun/2025:08:43:24 +0000] "GET /nifi-api/processors/2fc7ed14-0197-1000-72f7-816011f38074 HTTP/1.1" 200 2779 "http://10.46.67.15:8181/nifi/?processGroupId=7b71d586-0196-1000-837c-7c5442c21299&componentIds=2fc7ed14-0197-1000-72f7-816011f38074" "Mozilla/5.0 (X11; Linux x86_64) AppleWebKit/537.36 (KHTML, like Gecko) Chrome/137.0.0.0 Safari/537.36"
10.46.71.128 - - [02/Jun/2025:08:43:24 +0000] "GET /nifi-api/flow/history/components/2fc7ed14-0197-1000-72f7-816011f38074 HTTP/1.1" 200 209 "http://10.46.67.15:8181/nifi/?processGroupId=7b71d586-0196-1000-837c-7c5442c21299&componentIds=2fc7ed14-0197-1000-72f7-816011f38074" "Mozilla/5.0 (X11; Linux x86_64) AppleWebKit/537.36 (KHTML, like Gecko) Chrome/137.0.0.0 Safari/537.36"
172.18.0.1 - - [02/Jun/2025:08:43:26 +0000] "GET /nifi-api/processors/2fc7ed14-0197-1000-72f7-816011f38074 HTTP/1.1" 200 2775 "http://localhost:8181/nifi/?processGroupId=7b71d586-0196-1000-837c-7c5442c21299&componentIds=2fc7ed14-0197-1000-72f7-816011f38074" "Mozilla/5.0 (X11; Linux x86_64) AppleWebKit/537.36 (KHTML, like Gecko) Chrome/137.0.0.0 Safari/537.36"
172.18.0.1 - - [02/Jun/2025:08:43:26 +0000] "GET /nifi-api/flow/history/components/2fc7ed14-0197-1000-72f7-816011f38074 HTTP/1.1" 200 209 "http://localhost:8181/nifi/?processGroupId=7b71d586-0196-1000-837c-7c5442c21299&componentIds=2fc7ed14-0197-1000-72f7-816011f38074" "Mozilla/5.0 (X11; Linux x86_64) AppleWebKit/537.36 (KHTML, like Gecko) Chrome/137.0.0.0 Safari/537.36"
172.18.0.1 - - [02/Jun/2025:08:43:28 +0000] "GET /nifi-api/flow/cluster/summary HTTP/1.1" 200 93 "http://localhost:8181/nifi/?processGroupId=7b71d586-0196-1000-837c-7c5442c21299&componentIds=2fc7ed14-0197-1000-72f7-816011f38074" "Mozilla/5.0 (X11; Linux x86_64) AppleWebKit/537.36 (KHTML, like Gecko) Chrome/137.0.0.0 Safari/537.36"
172.18.0.1 - - [02/Jun/2025:08:43:28 +0000] "GET /nifi-api/flow/current-user HTTP/1.1" 200 392 "http://localhost:8181/nifi/?processGroupId=7b71d586-0196-1000-837c-7c5442c21299&componentIds=2fc7ed14-0197-1000-72f7-816011f38074" "Mozilla/5.0 (X11; Linux x86_64) AppleWebKit/537.36 (KHTML, like Gecko) Chrome/137.0.0.0 Safari/537.36"
172.18.0.1 - - [02/Jun/2025:08:43:28 +0000] "GET /nifi-api/flow/status HTTP/1.1" 200 220 "http://localhost:8181/nifi/?processGroupId=7b71d586-0196-1000-837c-7c5442c21299&componentIds=2fc7ed14-0197-1000-72f7-816011f38074" "Mozilla/5.0 (X11; Linux x86_64) AppleWebKit/537.36 (KHTML, like Gecko) Chrome/137.0.0.0 Safari/537.36"
172.18.0.1 - - [02/Jun/2025:08:43:28 +0000] "GET /nifi-api/flow/controller/bulletins HTTP/1.1" 200 109 "http://localhost:8181/nifi/?processGroupId=7b71d586-0196-1000-837c-7c5442c21299&componentIds=2fc7ed14-0197-1000-72f7-816011f38074" "Mozilla/5.0 (X11; Linux x86_64) AppleWebKit/537.36 (KHTML, like Gecko) Chrome/137.0.0.0 Safari/537.36"
172.18.0.1 - - [02/Jun/2025:08:43:28 +0000] "GET /nifi-api/flow/process-groups/7b71d586-0196-1000-837c-7c5442c21299?uiOnly=true HTTP/1.1" 200 5750 "http://localhost:8181/nifi/?processGroupId=7b71d586-0196-1000-837c-7c5442c21299&componentIds=2fc7ed14-0197-1000-72f7-816011f38074" "Mozilla/5.0 (X11; Linux x86_64) AppleWebKit/537.36 (KHTML, like Gecko) Chrome/137.0.0.0 Safari/537.36"
172.18.0.1 - - [02/Jun/2025:08:43:38 +0000] "GET /nifi-api/processors/2faeea1c-0197-1000-3218-e72cb6b6c1fc HTTP/1.1" 200 3194 "http://localhost:8181/nifi/?processGroupId=7b71d586-0196-1000-837c-7c5442c21299&componentIds=2faeea1c-0197-1000-3218-e72cb6b6c1fc" "Mozilla/5.0 (X11; Linux x86_64) AppleWebKit/537.36 (KHTML, like Gecko) Chrome/137.0.0.0 Safari/537.36"
172.18.0.1 - - [02/Jun/2025:08:43:38 +0000] "GET /nifi-api/flow/history/components/2faeea1c-0197-1000-3218-e72cb6b6c1fc HTTP/1.1" 200 248 "http://localhost:8181/nifi/?processGroupId=7b71d586-0196-1000-837c-7c5442c21299&componentIds=2faeea1c-0197-1000-3218-e72cb6b6c1fc" "Mozilla/5.0 (X11; Linux x86_64) AppleWebKit/537.36 (KHTML, like Gecko) Chrome/137.0.0.0 Safari/537.36"
10.46.71.128 - - [02/Jun/2025:08:43:48 +0000] "GET /nifi-api/flow/status HTTP/1.1" 200 220 "http://10.46.67.15:8181/nifi/?processGroupId=7b71d586-0196-1000-837c-7c5442c21299&componentIds=2fc7ed14-0197-1000-72f7-816011f38074" "Mozilla/5.0 (X11; Linux x86_64) AppleWebKit/537.36 (KHTML, like Gecko) Chrome/137.0.0.0 Safari/537.36"
10.46.71.128 - - [02/Jun/2025:08:43:48 +0000] "GET /nifi-api/flow/process-groups/7b71d586-0196-1000-837c-7c5442c21299?uiOnly=true HTTP/1.1" 200 5753 "http://10.46.67.15:8181/nifi/?processGroupId=7b71d586-0196-1000-837c-7c5442c21299&componentIds=2fc7ed14-0197-1000-72f7-816011f38074" "Mozilla/5.0 (X11; Linux x86_64) AppleWebKit/537.36 (KHTML, like Gecko) Chrome/137.0.0.0 Safari/537.36"
10.46.71.128 - - [02/Jun/2025:08:43:48 +0000] "GET /nifi-api/flow/current-user HTTP/1.1" 200 392 "http://10.46.67.15:8181/nifi/?processGroupId=7b71d586-0196-1000-837c-7c5442c21299&componentIds=2fc7ed14-0197-1000-72f7-816011f38074" "Mozilla/5.0 (X11; Linux x86_64) AppleWebKit/537.36 (KHTML, like Gecko) Chrome/137.0.0.0 Safari/537.36"
10.46.71.128 - - [02/Jun/2025:08:43:48 +0000] "GET /nifi-api/flow/controller/bulletins HTTP/1.1" 200 109 "http://10.46.67.15:8181/nifi/?processGroupId=7b71d586-0196-1000-837c-7c5442c21299&componentIds=2fc7ed14-0197-1000-72f7-816011f38074" "Mozilla/5.0 (X11; Linux x86_64) AppleWebKit/537.36 (KHTML, like Gecko) Chrome/137.0.0.0 Safari/537.36"
10.46.71.128 - - [02/Jun/2025:08:43:48 +0000] "GET /nifi-api/flow/cluster/summary HTTP/1.1" 200 93 "http://10.46.67.15:8181/nifi/?processGroupId=7b71d586-0196-1000-837c-7c5442c21299&componentIds=2fc7ed14-0197-1000-72f7-816011f38074" "Mozilla/5.0 (X11; Linux x86_64) AppleWebKit/537.36 (KHTML, like Gecko) Chrome/137.0.0.0 Safari/537.36"
172.18.0.1 - - [02/Jun/2025:08:43:50 +0000] "GET /nifi-api/flow/history/components/f718dc24-0196-1000-c7ff-8a58212f4078 HTTP/1.1" 200 100 "http://localhost:8181/nifi/?processGroupId=7b71d586-0196-1000-837c-7c5442c21299&componentIds=f718dc24-0196-1000-c7ff-8a58212f4078" "Mozilla/5.0 (X11; Linux x86_64) AppleWebKit/537.36 (KHTML, like Gecko) Chrome/137.0.0.0 Safari/537.36"
172.18.0.1 - - [02/Jun/2025:08:43:50 +0000] "GET /nifi-api/processors/f718dc24-0196-1000-c7ff-8a58212f4078 HTTP/1.1" 200 3180 "http://localhost:8181/nifi/?processGroupId=7b71d586-0196-1000-837c-7c5442c21299&componentIds=f718dc24-0196-1000-c7ff-8a58212f4078" "Mozilla/5.0 (X11; Linux x86_64) AppleWebKit/537.36 (KHTML, like Gecko) Chrome/137.0.0.0 Safari/537.36"
172.18.0.1 - - [02/Jun/2025:08:43:58 +0000] "GET /nifi-api/flow/controller/bulletins HTTP/1.1" 200 109 "http://localhost:8181/nifi/?processGroupId=7b71d586-0196-1000-837c-7c5442c21299&componentIds=f718dc24-0196-1000-c7ff-8a58212f4078" "Mozilla/5.0 (X11; Linux x86_64) AppleWebKit/537.36 (KHTML, like Gecko) Chrome/137.0.0.0 Safari/537.36"
172.18.0.1 - - [02/Jun/2025:08:43:58 +0000] "GET /nifi-api/flow/cluster/summary HTTP/1.1" 200 93 "http://localhost:8181/nifi/?processGroupId=7b71d586-0196-1000-837c-7c5442c21299&componentIds=f718dc24-0196-1000-c7ff-8a58212f4078" "Mozilla/5.0 (X11; Linux x86_64) AppleWebKit/537.36 (KHTML, like Gecko) Chrome/137.0.0.0 Safari/537.36"
172.18.0.1 - - [02/Jun/2025:08:43:58 +0000] "GET /nifi-api/flow/current-user HTTP/1.1" 200 392 "http://localhost:8181/nifi/?processGroupId=7b71d586-0196-1000-837c-7c5442c21299&componentIds=f718dc24-0196-1000-c7ff-8a58212f4078" "Mozilla/5.0 (X11; Linux x86_64) AppleWebKit/537.36 (KHTML, like Gecko) Chrome/137.0.0.0 Safari/537.36"
172.18.0.1 - - [02/Jun/2025:08:43:58 +0000] "GET /nifi-api/flow/status HTTP/1.1" 200 220 "http://localhost:8181/nifi/?processGroupId=7b71d586-0196-1000-837c-7c5442c21299&componentIds=f718dc24-0196-1000-c7ff-8a58212f4078" "Mozilla/5.0 (X11; Linux x86_64) AppleWebKit/537.36 (KHTML, like Gecko) Chrome/137.0.0.0 Safari/537.36"
172.18.0.1 - - [02/Jun/2025:08:43:58 +0000] "GET /nifi-api/flow/process-groups/7b71d586-0196-1000-837c-7c5442c21299?uiOnly=true HTTP/1.1" 200 5750 "http://localhost:8181/nifi/?processGroupId=7b71d586-0196-1000-837c-7c5442c21299&componentIds=f718dc24-0196-1000-c7ff-8a58212f4078" "Mozilla/5.0 (X11; Linux x86_64) AppleWebKit/537.36 (KHTML, like Gecko) Chrome/137.0.0.0 Safari/537.36"
172.18.0.1 - - [02/Jun/2025:08:44:10 +0000] "GET /nifi-api/flow/history/components/f708a83d-0196-1000-a91f-bb66e1ffeae9 HTTP/1.1" 200 100 "http://localhost:8181/nifi/?processGroupId=7b71d586-0196-1000-837c-7c5442c21299&componentIds=f708a83d-0196-1000-a91f-bb66e1ffeae9" "Mozilla/5.0 (X11; Linux x86_64) AppleWebKit/537.36 (KHTML, like Gecko) Chrome/137.0.0.0 Safari/537.36"
172.18.0.1 - - [02/Jun/2025:08:44:10 +0000] "GET /nifi-api/processors/f708a83d-0196-1000-a91f-bb66e1ffeae9 HTTP/1.1" 200 2825 "http://localhost:8181/nifi/?processGroupId=7b71d586-0196-1000-837c-7c5442c21299&componentIds=f708a83d-0196-1000-a91f-bb66e1ffeae9" "Mozilla/5.0 (X11; Linux x86_64) AppleWebKit/537.36 (KHTML, like Gecko) Chrome/137.0.0.0 Safari/537.36"
10.46.71.128 - - [02/Jun/2025:08:44:20 +0000] "GET /nifi-api/flow/status HTTP/1.1" 200 220 "http://10.46.67.15:8181/nifi/?processGroupId=7b71d586-0196-1000-837c-7c5442c21299&componentIds=2fc7ed14-0197-1000-72f7-816011f38074" "Mozilla/5.0 (X11; Linux x86_64) AppleWebKit/537.36 (KHTML, like Gecko) Chrome/137.0.0.0 Safari/537.36"
10.46.71.128 - - [02/Jun/2025:08:44:20 +0000] "GET /nifi-api/flow/current-user HTTP/1.1" 200 392 "http://10.46.67.15:8181/nifi/?processGroupId=7b71d586-0196-1000-837c-7c5442c21299&componentIds=2fc7ed14-0197-1000-72f7-816011f38074" "Mozilla/5.0 (X11; Linux x86_64) AppleWebKit/537.36 (KHTML, like Gecko) Chrome/137.0.0.0 Safari/537.36"
10.46.71.128 - - [02/Jun/2025:08:44:20 +0000] "GET /nifi-api/flow/cluster/summary HTTP/1.1" 200 93 "http://10.46.67.15:8181/nifi/?processGroupId=7b71d586-0196-1000-837c-7c5442c21299&componentIds=2fc7ed14-0197-1000-72f7-816011f38074" "Mozilla/5.0 (X11; Linux x86_64) AppleWebKit/537.36 (KHTML, like Gecko) Chrome/137.0.0.0 Safari/537.36"
10.46.71.128 - - [02/Jun/2025:08:44:20 +0000] "GET /nifi-api/flow/controller/bulletins HTTP/1.1" 200 109 "http://10.46.67.15:8181/nifi/?processGroupId=7b71d586-0196-1000-837c-7c5442c21299&componentIds=2fc7ed14-0197-1000-72f7-816011f38074" "Mozilla/5.0 (X11; Linux x86_64) AppleWebKit/537.36 (KHTML, like Gecko) Chrome/137.0.0.0 Safari/537.36"
10.46.71.128 - - [02/Jun/2025:08:44:20 +0000] "GET /nifi-api/flow/process-groups/7b71d586-0196-1000-837c-7c5442c21299?uiOnly=true HTTP/1.1" 200 5753 "http://10.46.67.15:8181/nifi/?processGroupId=7b71d586-0196-1000-837c-7c5442c21299&componentIds=2fc7ed14-0197-1000-72f7-816011f38074" "Mozilla/5.0 (X11; Linux x86_64) AppleWebKit/537.36 (KHTML, like Gecko) Chrome/137.0.0.0 Safari/537.36"
172.18.0.1 - - [02/Jun/2025:08:44:28 +0000] "GET /nifi-api/flow/current-user HTTP/1.1" 200 392 "http://localhost:8181/nifi/?processGroupId=7b71d586-0196-1000-837c-7c5442c21299&componentIds=f708a83d-0196-1000-a91f-bb66e1ffeae9" "Mozilla/5.0 (X11; Linux x86_64) AppleWebKit/537.36 (KHTML, like Gecko) Chrome/137.0.0.0 Safari/537.36"
172.18.0.1 - - [02/Jun/2025:08:44:28 +0000] "GET /nifi-api/flow/status HTTP/1.1" 200 220 "http://localhost:8181/nifi/?processGroupId=7b71d586-0196-1000-837c-7c5442c21299&componentIds=f708a83d-0196-1000-a91f-bb66e1ffeae9" "Mozilla/5.0 (X11; Linux x86_64) AppleWebKit/537.36 (KHTML, like Gecko) Chrome/137.0.0.0 Safari/537.36"
172.18.0.1 - - [02/Jun/2025:08:44:28 +0000] "GET /nifi-api/flow/cluster/summary HTTP/1.1" 200 93 "http://localhost:8181/nifi/?processGroupId=7b71d586-0196-1000-837c-7c5442c21299&componentIds=f708a83d-0196-1000-a91f-bb66e1ffeae9" "Mozilla/5.0 (X11; Linux x86_64) AppleWebKit/537.36 (KHTML, like Gecko) Chrome/137.0.0.0 Safari/537.36"
172.18.0.1 - - [02/Jun/2025:08:44:28 +0000] "GET /nifi-api/flow/controller/bulletins HTTP/1.1" 200 109 "http://localhost:8181/nifi/?processGroupId=7b71d586-0196-1000-837c-7c5442c21299&componentIds=f708a83d-0196-1000-a91f-bb66e1ffeae9" "Mozilla/5.0 (X11; Linux x86_64) AppleWebKit/537.36 (KHTML, like Gecko) Chrome/137.0.0.0 Safari/537.36"
172.18.0.1 - - [02/Jun/2025:08:44:28 +0000] "GET /nifi-api/flow/process-groups/7b71d586-0196-1000-837c-7c5442c21299?uiOnly=true HTTP/1.1" 200 5750 "http://localhost:8181/nifi/?processGroupId=7b71d586-0196-1000-837c-7c5442c21299&componentIds=f708a83d-0196-1000-a91f-bb66e1ffeae9" "Mozilla/5.0 (X11; Linux x86_64) AppleWebKit/537.36 (KHTML, like Gecko) Chrome/137.0.0.0 Safari/537.36"
10.46.71.128 - - [02/Jun/2025:08:44:31 +0000] "GET /nifi-api/flow/history/components/f718dc24-0196-1000-c7ff-8a58212f4078 HTTP/1.1" 200 100 "http://10.46.67.15:8181/nifi/?processGroupId=7b71d586-0196-1000-837c-7c5442c21299&componentIds=f718dc24-0196-1000-c7ff-8a58212f4078" "Mozilla/5.0 (X11; Linux x86_64) AppleWebKit/537.36 (KHTML, like Gecko) Chrome/137.0.0.0 Safari/537.36"
10.46.71.128 - - [02/Jun/2025:08:44:31 +0000] "GET /nifi-api/processors/f718dc24-0196-1000-c7ff-8a58212f4078 HTTP/1.1" 200 3186 "http://10.46.67.15:8181/nifi/?processGroupId=7b71d586-0196-1000-837c-7c5442c21299&componentIds=f718dc24-0196-1000-c7ff-8a58212f4078" "Mozilla/5.0 (X11; Linux x86_64) AppleWebKit/537.36 (KHTML, like Gecko) Chrome/137.0.0.0 Safari/537.36"
172.18.0.1 - - [02/Jun/2025:08:44:45 +0000] "GET /nifi-api/processors/2faeea1c-0197-1000-3218-e72cb6b6c1fc HTTP/1.1" 200 3194 "http://localhost:8181/nifi/?processGroupId=7b71d586-0196-1000-837c-7c5442c21299&componentIds=2faeea1c-0197-1000-3218-e72cb6b6c1fc" "Mozilla/5.0 (X11; Linux x86_64) AppleWebKit/537.36 (KHTML, like Gecko) Chrome/137.0.0.0 Safari/537.36"
172.18.0.1 - - [02/Jun/2025:08:44:45 +0000] "GET /nifi-api/flow/history/components/2faeea1c-0197-1000-3218-e72cb6b6c1fc HTTP/1.1" 200 248 "http://localhost:8181/nifi/?processGroupId=7b71d586-0196-1000-837c-7c5442c21299&componentIds=2faeea1c-0197-1000-3218-e72cb6b6c1fc" "Mozilla/5.0 (X11; Linux x86_64) AppleWebKit/537.36 (KHTML, like Gecko) Chrome/137.0.0.0 Safari/537.36"
10.46.71.128 - - [02/Jun/2025:08:44:50 +0000] "GET /nifi-api/flow/status HTTP/1.1" 200 220 "http://10.46.67.15:8181/nifi/?processGroupId=7b71d586-0196-1000-837c-7c5442c21299&componentIds=f718dc24-0196-1000-c7ff-8a58212f4078" "Mozilla/5.0 (X11; Linux x86_64) AppleWebKit/537.36 (KHTML, like Gecko) Chrome/137.0.0.0 Safari/537.36"
10.46.71.128 - - [02/Jun/2025:08:44:50 +0000] "GET /nifi-api/flow/process-groups/7b71d586-0196-1000-837c-7c5442c21299?uiOnly=true HTTP/1.1" 200 5753 "http://10.46.67.15:8181/nifi/?processGroupId=7b71d586-0196-1000-837c-7c5442c21299&componentIds=f718dc24-0196-1000-c7ff-8a58212f4078" "Mozilla/5.0 (X11; Linux x86_64) AppleWebKit/537.36 (KHTML, like Gecko) Chrome/137.0.0.0 Safari/537.36"
10.46.71.128 - - [02/Jun/2025:08:44:50 +0000] "GET /nifi-api/flow/cluster/summary HTTP/1.1" 200 93 "http://10.46.67.15:8181/nifi/?processGroupId=7b71d586-0196-1000-837c-7c5442c21299&componentIds=f718dc24-0196-1000-c7ff-8a58212f4078" "Mozilla/5.0 (X11; Linux x86_64) AppleWebKit/537.36 (KHTML, like Gecko) Chrome/137.0.0.0 Safari/537.36"
10.46.71.128 - - [02/Jun/2025:08:44:50 +0000] "GET /nifi-api/flow/current-user HTTP/1.1" 200 392 "http://10.46.67.15:8181/nifi/?processGroupId=7b71d586-0196-1000-837c-7c5442c21299&componentIds=f718dc24-0196-1000-c7ff-8a58212f4078" "Mozilla/5.0 (X11; Linux x86_64) AppleWebKit/537.36 (KHTML, like Gecko) Chrome/137.0.0.0 Safari/537.36"
10.46.71.128 - - [02/Jun/2025:08:44:50 +0000] "GET /nifi-api/flow/controller/bulletins HTTP/1.1" 200 109 "http://10.46.67.15:8181/nifi/?processGroupId=7b71d586-0196-1000-837c-7c5442c21299&componentIds=f718dc24-0196-1000-c7ff-8a58212f4078" "Mozilla/5.0 (X11; Linux x86_64) AppleWebKit/537.36 (KHTML, like Gecko) Chrome/137.0.0.0 Safari/537.36"
172.18.0.1 - - [02/Jun/2025:08:44:53 +0000] "GET /nifi-api/flow/current-user HTTP/1.1" 200 392 "http://localhost:8181/nifi/?processGroupId=7b71d586-0196-1000-837c-7c5442c21299&componentIds=2faeea1c-0197-1000-3218-e72cb6b6c1fc" "Mozilla/5.0 (X11; Linux x86_64) AppleWebKit/537.36 (KHTML, like Gecko) Chrome/137.0.0.0 Safari/537.36"
172.18.0.1 - - [02/Jun/2025:08:44:53 +0000] "GET /nifi-api/flow/controller/bulletins HTTP/1.1" 200 109 "http://localhost:8181/nifi/?processGroupId=7b71d586-0196-1000-837c-7c5442c21299&componentIds=2faeea1c-0197-1000-3218-e72cb6b6c1fc" "Mozilla/5.0 (X11; Linux x86_64) AppleWebKit/537.36 (KHTML, like Gecko) Chrome/137.0.0.0 Safari/537.36"
172.18.0.1 - - [02/Jun/2025:08:44:53 +0000] "GET /nifi-api/flow/status HTTP/1.1" 200 220 "http://localhost:8181/nifi/?processGroupId=7b71d586-0196-1000-837c-7c5442c21299&componentIds=2faeea1c-0197-1000-3218-e72cb6b6c1fc" "Mozilla/5.0 (X11; Linux x86_64) AppleWebKit/537.36 (KHTML, like Gecko) Chrome/137.0.0.0 Safari/537.36"
172.18.0.1 - - [02/Jun/2025:08:44:53 +0000] "GET /nifi-api/flow/cluster/summary HTTP/1.1" 200 93 "http://localhost:8181/nifi/?processGroupId=7b71d586-0196-1000-837c-7c5442c21299&componentIds=2faeea1c-0197-1000-3218-e72cb6b6c1fc" "Mozilla/5.0 (X11; Linux x86_64) AppleWebKit/537.36 (KHTML, like Gecko) Chrome/137.0.0.0 Safari/537.36"
172.18.0.1 - - [02/Jun/2025:08:44:53 +0000] "GET /nifi-api/flow/process-groups/5cc217b9-0196-1000-c3e3-1bfe83f536a5?uiOnly=true HTTP/1.1" 200 1643 "http://localhost:8181/nifi/?processGroupId=7b71d586-0196-1000-837c-7c5442c21299&componentIds=2faeea1c-0197-1000-3218-e72cb6b6c1fc" "Mozilla/5.0 (X11; Linux x86_64) AppleWebKit/537.36 (KHTML, like Gecko) Chrome/137.0.0.0 Safari/537.36"
172.18.0.1 - - [02/Jun/2025:08:44:55 +0000] "GET /nifi-api/flow/current-user HTTP/1.1" 200 392 "http://localhost:8181/nifi/?processGroupId=root&componentIds=7b71d586-0196-1000-837c-7c5442c21299" "Mozilla/5.0 (X11; Linux x86_64) AppleWebKit/537.36 (KHTML, like Gecko) Chrome/137.0.0.0 Safari/537.36"
172.18.0.1 - - [02/Jun/2025:08:44:55 +0000] "GET /nifi-api/flow/cluster/summary HTTP/1.1" 200 93 "http://localhost:8181/nifi/?processGroupId=root&componentIds=7b71d586-0196-1000-837c-7c5442c21299" "Mozilla/5.0 (X11; Linux x86_64) AppleWebKit/537.36 (KHTML, like Gecko) Chrome/137.0.0.0 Safari/537.36"
172.18.0.1 - - [02/Jun/2025:08:44:55 +0000] "GET /nifi-api/flow/controller/bulletins HTTP/1.1" 200 109 "http://localhost:8181/nifi/?processGroupId=root&componentIds=7b71d586-0196-1000-837c-7c5442c21299" "Mozilla/5.0 (X11; Linux x86_64) AppleWebKit/537.36 (KHTML, like Gecko) Chrome/137.0.0.0 Safari/537.36"
172.18.0.1 - - [02/Jun/2025:08:44:55 +0000] "GET /nifi-api/flow/status HTTP/1.1" 200 220 "http://localhost:8181/nifi/?processGroupId=root&componentIds=7b71d586-0196-1000-837c-7c5442c21299" "Mozilla/5.0 (X11; Linux x86_64) AppleWebKit/537.36 (KHTML, like Gecko) Chrome/137.0.0.0 Safari/537.36"
172.18.0.1 - - [02/Jun/2025:08:44:55 +0000] "GET /nifi-api/flow/process-groups/7b71d586-0196-1000-837c-7c5442c21299?uiOnly=true HTTP/1.1" 200 5750 "http://localhost:8181/nifi/?processGroupId=root&componentIds=7b71d586-0196-1000-837c-7c5442c21299" "Mozilla/5.0 (X11; Linux x86_64) AppleWebKit/537.36 (KHTML, like Gecko) Chrome/137.0.0.0 Safari/537.36"
172.18.0.1 - - [02/Jun/2025:08:44:55 +0000] "GET /nifi-api/input-ports/e78466e4-0196-1000-7861-cccb6b9418b7 HTTP/1.1" 200 492 "http://localhost:8181/nifi/?processGroupId=root&componentIds=7b71d586-0196-1000-837c-7c5442c21299" "Mozilla/5.0 (X11; Linux x86_64) AppleWebKit/537.36 (KHTML, like Gecko) Chrome/137.0.0.0 Safari/537.36"
172.18.0.1 - - [02/Jun/2025:08:44:59 +0000] "GET /nifi-api/flow/controller/bulletins HTTP/1.1" 200 109 "http://localhost:8181/nifi/?processGroupId=7b71d586-0196-1000-837c-7c5442c21299&componentIds=" "Mozilla/5.0 (X11; Linux x86_64) AppleWebKit/537.36 (KHTML, like Gecko) Chrome/137.0.0.0 Safari/537.36"
172.18.0.1 - - [02/Jun/2025:08:44:59 +0000] "GET /nifi-api/flow/current-user HTTP/1.1" 200 392 "http://localhost:8181/nifi/?processGroupId=7b71d586-0196-1000-837c-7c5442c21299&componentIds=" "Mozilla/5.0 (X11; Linux x86_64) AppleWebKit/537.36 (KHTML, like Gecko) Chrome/137.0.0.0 Safari/537.36"
172.18.0.1 - - [02/Jun/2025:08:44:59 +0000] "GET /nifi-api/flow/cluster/summary HTTP/1.1" 200 93 "http://localhost:8181/nifi/?processGroupId=7b71d586-0196-1000-837c-7c5442c21299&componentIds=" "Mozilla/5.0 (X11; Linux x86_64) AppleWebKit/537.36 (KHTML, like Gecko) Chrome/137.0.0.0 Safari/537.36"
172.18.0.1 - - [02/Jun/2025:08:44:59 +0000] "GET /nifi-api/flow/status HTTP/1.1" 200 220 "http://localhost:8181/nifi/?processGroupId=7b71d586-0196-1000-837c-7c5442c21299&componentIds=" "Mozilla/5.0 (X11; Linux x86_64) AppleWebKit/537.36 (KHTML, like Gecko) Chrome/137.0.0.0 Safari/537.36"
172.18.0.1 - - [02/Jun/2025:08:44:59 +0000] "GET /nifi-api/flow/process-groups/7b71d586-0196-1000-837c-7c5442c21299?uiOnly=true HTTP/1.1" 200 5750 "http://localhost:8181/nifi/?processGroupId=7b71d586-0196-1000-837c-7c5442c21299&componentIds=" "Mozilla/5.0 (X11; Linux x86_64) AppleWebKit/537.36 (KHTML, like Gecko) Chrome/137.0.0.0 Safari/537.36"
172.18.0.1 - - [02/Jun/2025:08:45:00 +0000] "GET /nifi-api/flow/history/components/f718dc24-0196-1000-c7ff-8a58212f4078 HTTP/1.1" 200 100 "http://localhost:8181/nifi/?processGroupId=7b71d586-0196-1000-837c-7c5442c21299&componentIds=f718dc24-0196-1000-c7ff-8a58212f4078" "Mozilla/5.0 (X11; Linux x86_64) AppleWebKit/537.36 (KHTML, like Gecko) Chrome/137.0.0.0 Safari/537.36"
172.18.0.1 - - [02/Jun/2025:08:45:00 +0000] "GET /nifi-api/processors/f718dc24-0196-1000-c7ff-8a58212f4078 HTTP/1.1" 200 3180 "http://localhost:8181/nifi/?processGroupId=7b71d586-0196-1000-837c-7c5442c21299&componentIds=f718dc24-0196-1000-c7ff-8a58212f4078" "Mozilla/5.0 (X11; Linux x86_64) AppleWebKit/537.36 (KHTML, like Gecko) Chrome/137.0.0.0 Safari/537.36"
10.46.71.128 - - [02/Jun/2025:08:45:12 +0000] "GET /nifi-api/flow/history/components/2fc7ed14-0197-1000-72f7-816011f38074 HTTP/1.1" 200 209 "http://10.46.67.15:8181/nifi/?processGroupId=7b71d586-0196-1000-837c-7c5442c21299&componentIds=2fc7ed14-0197-1000-72f7-816011f38074" "Mozilla/5.0 (X11; Linux x86_64) AppleWebKit/537.36 (KHTML, like Gecko) Chrome/137.0.0.0 Safari/537.36"
10.46.71.128 - - [02/Jun/2025:08:45:12 +0000] "GET /nifi-api/processors/2fc7ed14-0197-1000-72f7-816011f38074 HTTP/1.1" 200 2779 "http://10.46.67.15:8181/nifi/?processGroupId=7b71d586-0196-1000-837c-7c5442c21299&componentIds=2fc7ed14-0197-1000-72f7-816011f38074" "Mozilla/5.0 (X11; Linux x86_64) AppleWebKit/537.36 (KHTML, like Gecko) Chrome/137.0.0.0 Safari/537.36"
10.46.71.128 - - [02/Jun/2025:08:45:21 +0000] "GET /nifi-api/flow/status HTTP/1.1" 200 220 "http://10.46.67.15:8181/nifi/?processGroupId=7b71d586-0196-1000-837c-7c5442c21299&componentIds=2fc7ed14-0197-1000-72f7-816011f38074" "Mozilla/5.0 (X11; Linux x86_64) AppleWebKit/537.36 (KHTML, like Gecko) Chrome/137.0.0.0 Safari/537.36"
10.46.71.128 - - [02/Jun/2025:08:45:21 +0000] "GET /nifi-api/flow/process-groups/7b71d586-0196-1000-837c-7c5442c21299?uiOnly=true HTTP/1.1" 200 5754 "http://10.46.67.15:8181/nifi/?processGroupId=7b71d586-0196-1000-837c-7c5442c21299&componentIds=2fc7ed14-0197-1000-72f7-816011f38074" "Mozilla/5.0 (X11; Linux x86_64) AppleWebKit/537.36 (KHTML, like Gecko) Chrome/137.0.0.0 Safari/537.36"
10.46.71.128 - - [02/Jun/2025:08:45:21 +0000] "GET /nifi-api/flow/current-user HTTP/1.1" 200 392 "http://10.46.67.15:8181/nifi/?processGroupId=7b71d586-0196-1000-837c-7c5442c21299&componentIds=2fc7ed14-0197-1000-72f7-816011f38074" "Mozilla/5.0 (X11; Linux x86_64) AppleWebKit/537.36 (KHTML, like Gecko) Chrome/137.0.0.0 Safari/537.36"
10.46.71.128 - - [02/Jun/2025:08:45:21 +0000] "GET /nifi-api/flow/controller/bulletins HTTP/1.1" 200 109 "http://10.46.67.15:8181/nifi/?processGroupId=7b71d586-0196-1000-837c-7c5442c21299&componentIds=2fc7ed14-0197-1000-72f7-816011f38074" "Mozilla/5.0 (X11; Linux x86_64) AppleWebKit/537.36 (KHTML, like Gecko) Chrome/137.0.0.0 Safari/537.36"
10.46.71.128 - - [02/Jun/2025:08:45:21 +0000] "GET /nifi-api/flow/cluster/summary HTTP/1.1" 200 93 "http://10.46.67.15:8181/nifi/?processGroupId=7b71d586-0196-1000-837c-7c5442c21299&componentIds=2fc7ed14-0197-1000-72f7-816011f38074" "Mozilla/5.0 (X11; Linux x86_64) AppleWebKit/537.36 (KHTML, like Gecko) Chrome/137.0.0.0 Safari/537.36"
172.18.0.1 - - [02/Jun/2025:08:45:21 +0000] "GET /nifi-api/processors/2faeea1c-0197-1000-3218-e72cb6b6c1fc HTTP/1.1" 200 3194 "http://localhost:8181/nifi/?processGroupId=7b71d586-0196-1000-837c-7c5442c21299&componentIds=2faeea1c-0197-1000-3218-e72cb6b6c1fc" "Mozilla/5.0 (X11; Linux x86_64) AppleWebKit/537.36 (KHTML, like Gecko) Chrome/137.0.0.0 Safari/537.36"
172.18.0.1 - - [02/Jun/2025:08:45:21 +0000] "GET /nifi-api/flow/history/components/2faeea1c-0197-1000-3218-e72cb6b6c1fc HTTP/1.1" 200 248 "http://localhost:8181/nifi/?processGroupId=7b71d586-0196-1000-837c-7c5442c21299&componentIds=2faeea1c-0197-1000-3218-e72cb6b6c1fc" "Mozilla/5.0 (X11; Linux x86_64) AppleWebKit/537.36 (KHTML, like Gecko) Chrome/137.0.0.0 Safari/537.36"
172.18.0.1 - - [02/Jun/2025:08:45:23 +0000] "GET /nifi/fonts/Roboto/Roboto-LightItalic.ttf HTTP/1.1" 200 93245 "http://localhost:8181/nifi/css/nf-common-ui.css?1.28.1" "Mozilla/5.0 (X11; Linux x86_64) AppleWebKit/537.36 (KHTML, like Gecko) Chrome/137.0.0.0 Safari/537.36"
172.18.0.1 - - [02/Jun/2025:08:45:29 +0000] "GET /nifi-api/flow/status HTTP/1.1" 200 220 "http://localhost:8181/nifi/?processGroupId=7b71d586-0196-1000-837c-7c5442c21299&componentIds=2faeea1c-0197-1000-3218-e72cb6b6c1fc" "Mozilla/5.0 (X11; Linux x86_64) AppleWebKit/537.36 (KHTML, like Gecko) Chrome/137.0.0.0 Safari/537.36"
172.18.0.1 - - [02/Jun/2025:08:45:29 +0000] "GET /nifi-api/flow/cluster/summary HTTP/1.1" 200 93 "http://localhost:8181/nifi/?processGroupId=7b71d586-0196-1000-837c-7c5442c21299&componentIds=2faeea1c-0197-1000-3218-e72cb6b6c1fc" "Mozilla/5.0 (X11; Linux x86_64) AppleWebKit/537.36 (KHTML, like Gecko) Chrome/137.0.0.0 Safari/537.36"
172.18.0.1 - - [02/Jun/2025:08:45:29 +0000] "GET /nifi-api/flow/controller/bulletins HTTP/1.1" 200 109 "http://localhost:8181/nifi/?processGroupId=7b71d586-0196-1000-837c-7c5442c21299&componentIds=2faeea1c-0197-1000-3218-e72cb6b6c1fc" "Mozilla/5.0 (X11; Linux x86_64) AppleWebKit/537.36 (KHTML, like Gecko) Chrome/137.0.0.0 Safari/537.36"
172.18.0.1 - - [02/Jun/2025:08:45:29 +0000] "GET /nifi-api/flow/current-user HTTP/1.1" 200 392 "http://localhost:8181/nifi/?processGroupId=7b71d586-0196-1000-837c-7c5442c21299&componentIds=2faeea1c-0197-1000-3218-e72cb6b6c1fc" "Mozilla/5.0 (X11; Linux x86_64) AppleWebKit/537.36 (KHTML, like Gecko) Chrome/137.0.0.0 Safari/537.36"
172.18.0.1 - - [02/Jun/2025:08:45:29 +0000] "GET /nifi-api/flow/process-groups/7b71d586-0196-1000-837c-7c5442c21299?uiOnly=true HTTP/1.1" 200 5751 "http://localhost:8181/nifi/?processGroupId=7b71d586-0196-1000-837c-7c5442c21299&componentIds=2faeea1c-0197-1000-3218-e72cb6b6c1fc" "Mozilla/5.0 (X11; Linux x86_64) AppleWebKit/537.36 (KHTML, like Gecko) Chrome/137.0.0.0 Safari/537.36"
10.46.71.128 - - [02/Jun/2025:08:45:52 +0000] "GET /nifi-api/flow/current-user HTTP/1.1" 200 392 "http://10.46.67.15:8181/nifi/?processGroupId=7b71d586-0196-1000-837c-7c5442c21299&componentIds=2fc7ed14-0197-1000-72f7-816011f38074" "Mozilla/5.0 (X11; Linux x86_64) AppleWebKit/537.36 (KHTML, like Gecko) Chrome/137.0.0.0 Safari/537.36"
10.46.71.128 - - [02/Jun/2025:08:45:52 +0000] "GET /nifi-api/flow/controller/bulletins HTTP/1.1" 200 109 "http://10.46.67.15:8181/nifi/?processGroupId=7b71d586-0196-1000-837c-7c5442c21299&componentIds=2fc7ed14-0197-1000-72f7-816011f38074" "Mozilla/5.0 (X11; Linux x86_64) AppleWebKit/537.36 (KHTML, like Gecko) Chrome/137.0.0.0 Safari/537.36"
10.46.71.128 - - [02/Jun/2025:08:45:52 +0000] "GET /nifi-api/flow/cluster/summary HTTP/1.1" 200 93 "http://10.46.67.15:8181/nifi/?processGroupId=7b71d586-0196-1000-837c-7c5442c21299&componentIds=2fc7ed14-0197-1000-72f7-816011f38074" "Mozilla/5.0 (X11; Linux x86_64) AppleWebKit/537.36 (KHTML, like Gecko) Chrome/137.0.0.0 Safari/537.36"
10.46.71.128 - - [02/Jun/2025:08:45:52 +0000] "GET /nifi-api/flow/status HTTP/1.1" 200 220 "http://10.46.67.15:8181/nifi/?processGroupId=7b71d586-0196-1000-837c-7c5442c21299&componentIds=2fc7ed14-0197-1000-72f7-816011f38074" "Mozilla/5.0 (X11; Linux x86_64) AppleWebKit/537.36 (KHTML, like Gecko) Chrome/137.0.0.0 Safari/537.36"
10.46.71.128 - - [02/Jun/2025:08:45:52 +0000] "GET /nifi-api/flow/process-groups/7b71d586-0196-1000-837c-7c5442c21299?uiOnly=true HTTP/1.1" 200 5753 "http://10.46.67.15:8181/nifi/?processGroupId=7b71d586-0196-1000-837c-7c5442c21299&componentIds=2fc7ed14-0197-1000-72f7-816011f38074" "Mozilla/5.0 (X11; Linux x86_64) AppleWebKit/537.36 (KHTML, like Gecko) Chrome/137.0.0.0 Safari/537.36"
172.18.0.1 - - [02/Jun/2025:08:45:59 +0000] "GET /nifi-api/flow/current-user HTTP/1.1" 200 392 "http://localhost:8181/nifi/?processGroupId=7b71d586-0196-1000-837c-7c5442c21299&componentIds=2faeea1c-0197-1000-3218-e72cb6b6c1fc" "Mozilla/5.0 (X11; Linux x86_64) AppleWebKit/537.36 (KHTML, like Gecko) Chrome/137.0.0.0 Safari/537.36"
172.18.0.1 - - [02/Jun/2025:08:45:59 +0000] "GET /nifi-api/flow/controller/bulletins HTTP/1.1" 200 109 "http://localhost:8181/nifi/?processGroupId=7b71d586-0196-1000-837c-7c5442c21299&componentIds=2faeea1c-0197-1000-3218-e72cb6b6c1fc" "Mozilla/5.0 (X11; Linux x86_64) AppleWebKit/537.36 (KHTML, like Gecko) Chrome/137.0.0.0 Safari/537.36"
172.18.0.1 - - [02/Jun/2025:08:45:59 +0000] "GET /nifi-api/flow/status HTTP/1.1" 200 220 "http://localhost:8181/nifi/?processGroupId=7b71d586-0196-1000-837c-7c5442c21299&componentIds=2faeea1c-0197-1000-3218-e72cb6b6c1fc" "Mozilla/5.0 (X11; Linux x86_64) AppleWebKit/537.36 (KHTML, like Gecko) Chrome/137.0.0.0 Safari/537.36"
172.18.0.1 - - [02/Jun/2025:08:45:59 +0000] "GET /nifi-api/flow/cluster/summary HTTP/1.1" 200 93 "http://localhost:8181/nifi/?processGroupId=7b71d586-0196-1000-837c-7c5442c21299&componentIds=2faeea1c-0197-1000-3218-e72cb6b6c1fc" "Mozilla/5.0 (X11; Linux x86_64) AppleWebKit/537.36 (KHTML, like Gecko) Chrome/137.0.0.0 Safari/537.36"
172.18.0.1 - - [02/Jun/2025:08:45:59 +0000] "GET /nifi-api/flow/process-groups/7b71d586-0196-1000-837c-7c5442c21299?uiOnly=true HTTP/1.1" 200 5751 "http://localhost:8181/nifi/?processGroupId=7b71d586-0196-1000-837c-7c5442c21299&componentIds=2faeea1c-0197-1000-3218-e72cb6b6c1fc" "Mozilla/5.0 (X11; Linux x86_64) AppleWebKit/537.36 (KHTML, like Gecko) Chrome/137.0.0.0 Safari/537.36"
10.46.71.128 - - [02/Jun/2025:08:46:23 +0000] "GET /nifi-api/flow/controller/bulletins HTTP/1.1" 200 109 "http://10.46.67.15:8181/nifi/?processGroupId=7b71d586-0196-1000-837c-7c5442c21299&componentIds=2fc7ed14-0197-1000-72f7-816011f38074" "Mozilla/5.0 (X11; Linux x86_64) AppleWebKit/537.36 (KHTML, like Gecko) Chrome/137.0.0.0 Safari/537.36"
10.46.71.128 - - [02/Jun/2025:08:46:23 +0000] "GET /nifi-api/flow/status HTTP/1.1" 200 220 "http://10.46.67.15:8181/nifi/?processGroupId=7b71d586-0196-1000-837c-7c5442c21299&componentIds=2fc7ed14-0197-1000-72f7-816011f38074" "Mozilla/5.0 (X11; Linux x86_64) AppleWebKit/537.36 (KHTML, like Gecko) Chrome/137.0.0.0 Safari/537.36"
10.46.71.128 - - [02/Jun/2025:08:46:23 +0000] "GET /nifi-api/flow/current-user HTTP/1.1" 200 392 "http://10.46.67.15:8181/nifi/?processGroupId=7b71d586-0196-1000-837c-7c5442c21299&componentIds=2fc7ed14-0197-1000-72f7-816011f38074" "Mozilla/5.0 (X11; Linux x86_64) AppleWebKit/537.36 (KHTML, like Gecko) Chrome/137.0.0.0 Safari/537.36"
10.46.71.128 - - [02/Jun/2025:08:46:23 +0000] "GET /nifi-api/flow/cluster/summary HTTP/1.1" 200 93 "http://10.46.67.15:8181/nifi/?processGroupId=7b71d586-0196-1000-837c-7c5442c21299&componentIds=2fc7ed14-0197-1000-72f7-816011f38074" "Mozilla/5.0 (X11; Linux x86_64) AppleWebKit/537.36 (KHTML, like Gecko) Chrome/137.0.0.0 Safari/537.36"
10.46.71.128 - - [02/Jun/2025:08:46:23 +0000] "GET /nifi-api/flow/process-groups/7b71d586-0196-1000-837c-7c5442c21299?uiOnly=true HTTP/1.1" 200 5753 "http://10.46.67.15:8181/nifi/?processGroupId=7b71d586-0196-1000-837c-7c5442c21299&componentIds=2fc7ed14-0197-1000-72f7-816011f38074" "Mozilla/5.0 (X11; Linux x86_64) AppleWebKit/537.36 (KHTML, like Gecko) Chrome/137.0.0.0 Safari/537.36"
172.18.0.1 - - [02/Jun/2025:08:46:29 +0000] "GET /nifi-api/flow/status HTTP/1.1" 200 220 "http://localhost:8181/nifi/?processGroupId=7b71d586-0196-1000-837c-7c5442c21299&componentIds=2faeea1c-0197-1000-3218-e72cb6b6c1fc" "Mozilla/5.0 (X11; Linux x86_64) AppleWebKit/537.36 (KHTML, like Gecko) Chrome/137.0.0.0 Safari/537.36"
172.18.0.1 - - [02/Jun/2025:08:46:29 +0000] "GET /nifi-api/flow/current-user HTTP/1.1" 200 392 "http://localhost:8181/nifi/?processGroupId=7b71d586-0196-1000-837c-7c5442c21299&componentIds=2faeea1c-0197-1000-3218-e72cb6b6c1fc" "Mozilla/5.0 (X11; Linux x86_64) AppleWebKit/537.36 (KHTML, like Gecko) Chrome/137.0.0.0 Safari/537.36"
172.18.0.1 - - [02/Jun/2025:08:46:29 +0000] "GET /nifi-api/flow/cluster/summary HTTP/1.1" 200 93 "http://localhost:8181/nifi/?processGroupId=7b71d586-0196-1000-837c-7c5442c21299&componentIds=2faeea1c-0197-1000-3218-e72cb6b6c1fc" "Mozilla/5.0 (X11; Linux x86_64) AppleWebKit/537.36 (KHTML, like Gecko) Chrome/137.0.0.0 Safari/537.36"
172.18.0.1 - - [02/Jun/2025:08:46:29 +0000] "GET /nifi-api/flow/controller/bulletins HTTP/1.1" 200 109 "http://localhost:8181/nifi/?processGroupId=7b71d586-0196-1000-837c-7c5442c21299&componentIds=2faeea1c-0197-1000-3218-e72cb6b6c1fc" "Mozilla/5.0 (X11; Linux x86_64) AppleWebKit/537.36 (KHTML, like Gecko) Chrome/137.0.0.0 Safari/537.36"
172.18.0.1 - - [02/Jun/2025:08:46:29 +0000] "GET /nifi-api/flow/process-groups/7b71d586-0196-1000-837c-7c5442c21299?uiOnly=true HTTP/1.1" 200 5751 "http://localhost:8181/nifi/?processGroupId=7b71d586-0196-1000-837c-7c5442c21299&componentIds=2faeea1c-0197-1000-3218-e72cb6b6c1fc" "Mozilla/5.0 (X11; Linux x86_64) AppleWebKit/537.36 (KHTML, like Gecko) Chrome/137.0.0.0 Safari/537.36"
172.18.0.1 - - [02/Jun/2025:08:46:32 +0000] "PUT /nifi-api/processors/2faeea1c-0197-1000-3218-e72cb6b6c1fc HTTP/1.1" 200 3276 "http://localhost:8181/nifi/?processGroupId=7b71d586-0196-1000-837c-7c5442c21299&componentIds=2faeea1c-0197-1000-3218-e72cb6b6c1fc" "Mozilla/5.0 (X11; Linux x86_64) AppleWebKit/537.36 (KHTML, like Gecko) Chrome/137.0.0.0 Safari/537.36"
172.18.0.1 - - [02/Jun/2025:08:46:32 +0000] "GET /nifi-api/connections/2fc13934-0197-1000-8630-aae9c6d11205 HTTP/1.1" 200 805 "http://localhost:8181/nifi/?processGroupId=7b71d586-0196-1000-837c-7c5442c21299&componentIds=2faeea1c-0197-1000-3218-e72cb6b6c1fc" "Mozilla/5.0 (X11; Linux x86_64) AppleWebKit/537.36 (KHTML, like Gecko) Chrome/137.0.0.0 Safari/537.36"
10.46.71.128 - - [02/Jun/2025:08:46:54 +0000] "GET /nifi-api/processors/2fc7ed14-0197-1000-72f7-816011f38074/descriptors?propertyName=NBPASSENGERS&sensitive=false HTTP/1.1" 200 168 "http://10.46.67.15:8181/nifi/?processGroupId=7b71d586-0196-1000-837c-7c5442c21299&componentIds=2fc7ed14-0197-1000-72f7-816011f38074" "Mozilla/5.0 (X11; Linux x86_64) AppleWebKit/537.36 (KHTML, like Gecko) Chrome/137.0.0.0 Safari/537.36"
10.46.71.128 - - [02/Jun/2025:08:46:55 +0000] "GET /nifi-api/flow/process-groups/7b71d586-0196-1000-837c-7c5442c21299?uiOnly=true HTTP/1.1" 200 5774 "http://10.46.67.15:8181/nifi/?processGroupId=7b71d586-0196-1000-837c-7c5442c21299&componentIds=2fc7ed14-0197-1000-72f7-816011f38074" "Mozilla/5.0 (X11; Linux x86_64) AppleWebKit/537.36 (KHTML, like Gecko) Chrome/137.0.0.0 Safari/537.36"
10.46.71.128 - - [02/Jun/2025:08:46:55 +0000] "GET /nifi-api/flow/current-user HTTP/1.1" 200 392 "http://10.46.67.15:8181/nifi/?processGroupId=7b71d586-0196-1000-837c-7c5442c21299&componentIds=2fc7ed14-0197-1000-72f7-816011f38074" "Mozilla/5.0 (X11; Linux x86_64) AppleWebKit/537.36 (KHTML, like Gecko) Chrome/137.0.0.0 Safari/537.36"
10.46.71.128 - - [02/Jun/2025:08:46:55 +0000] "GET /nifi-api/flow/status HTTP/1.1" 200 220 "http://10.46.67.15:8181/nifi/?processGroupId=7b71d586-0196-1000-837c-7c5442c21299&componentIds=2fc7ed14-0197-1000-72f7-816011f38074" "Mozilla/5.0 (X11; Linux x86_64) AppleWebKit/537.36 (KHTML, like Gecko) Chrome/137.0.0.0 Safari/537.36"
10.46.71.128 - - [02/Jun/2025:08:46:55 +0000] "GET /nifi-api/flow/cluster/summary HTTP/1.1" 200 93 "http://10.46.67.15:8181/nifi/?processGroupId=7b71d586-0196-1000-837c-7c5442c21299&componentIds=2fc7ed14-0197-1000-72f7-816011f38074" "Mozilla/5.0 (X11; Linux x86_64) AppleWebKit/537.36 (KHTML, like Gecko) Chrome/137.0.0.0 Safari/537.36"
10.46.71.128 - - [02/Jun/2025:08:46:55 +0000] "GET /nifi-api/flow/controller/bulletins HTTP/1.1" 200 109 "http://10.46.67.15:8181/nifi/?processGroupId=7b71d586-0196-1000-837c-7c5442c21299&componentIds=2fc7ed14-0197-1000-72f7-816011f38074" "Mozilla/5.0 (X11; Linux x86_64) AppleWebKit/537.36 (KHTML, like Gecko) Chrome/137.0.0.0 Safari/537.36"
172.18.0.1 - - [02/Jun/2025:08:46:59 +0000] "GET /nifi-api/flow/controller/bulletins HTTP/1.1" 200 109 "http://localhost:8181/nifi/?processGroupId=7b71d586-0196-1000-837c-7c5442c21299&componentIds=f7554212-0196-1000-4830-89b9d8440bae" "Mozilla/5.0 (X11; Linux x86_64) AppleWebKit/537.36 (KHTML, like Gecko) Chrome/137.0.0.0 Safari/537.36"
172.18.0.1 - - [02/Jun/2025:08:46:59 +0000] "GET /nifi-api/flow/cluster/summary HTTP/1.1" 200 93 "http://localhost:8181/nifi/?processGroupId=7b71d586-0196-1000-837c-7c5442c21299&componentIds=f7554212-0196-1000-4830-89b9d8440bae" "Mozilla/5.0 (X11; Linux x86_64) AppleWebKit/537.36 (KHTML, like Gecko) Chrome/137.0.0.0 Safari/537.36"
172.18.0.1 - - [02/Jun/2025:08:46:59 +0000] "GET /nifi-api/flow/status HTTP/1.1" 200 220 "http://localhost:8181/nifi/?processGroupId=7b71d586-0196-1000-837c-7c5442c21299&componentIds=f7554212-0196-1000-4830-89b9d8440bae" "Mozilla/5.0 (X11; Linux x86_64) AppleWebKit/537.36 (KHTML, like Gecko) Chrome/137.0.0.0 Safari/537.36"
172.18.0.1 - - [02/Jun/2025:08:46:59 +0000] "GET /nifi-api/flow/current-user HTTP/1.1" 200 392 "http://localhost:8181/nifi/?processGroupId=7b71d586-0196-1000-837c-7c5442c21299&componentIds=f7554212-0196-1000-4830-89b9d8440bae" "Mozilla/5.0 (X11; Linux x86_64) AppleWebKit/537.36 (KHTML, like Gecko) Chrome/137.0.0.0 Safari/537.36"
172.18.0.1 - - [02/Jun/2025:08:46:59 +0000] "GET /nifi-api/flow/process-groups/7b71d586-0196-1000-837c-7c5442c21299?uiOnly=true HTTP/1.1" 200 5772 "http://localhost:8181/nifi/?processGroupId=7b71d586-0196-1000-837c-7c5442c21299&componentIds=f7554212-0196-1000-4830-89b9d8440bae" "Mozilla/5.0 (X11; Linux x86_64) AppleWebKit/537.36 (KHTML, like Gecko) Chrome/137.0.0.0 Safari/537.36"
172.18.0.1 - - [02/Jun/2025:08:47:00 +0000] "PUT /nifi-api/processors/f7554212-0196-1000-4830-89b9d8440bae/run-status HTTP/1.1" 200 2186 "http://localhost:8181/nifi/?processGroupId=7b71d586-0196-1000-837c-7c5442c21299&componentIds=f7554212-0196-1000-4830-89b9d8440bae" "Mozilla/5.0 (X11; Linux x86_64) AppleWebKit/537.36 (KHTML, like Gecko) Chrome/137.0.0.0 Safari/537.36"
172.18.0.1 - - [02/Jun/2025:08:47:01 +0000] "DELETE /nifi-api/processors/f7554212-0196-1000-4830-89b9d8440bae?version=1&clientId=2fbe4d68-0197-1000-f8f7-f50d11f9f824&disconnectedNodeAcknowledged=false HTTP/1.1" 409 125 "http://localhost:8181/nifi/?processGroupId=7b71d586-0196-1000-837c-7c5442c21299&componentIds=f7554212-0196-1000-4830-89b9d8440bae" "Mozilla/5.0 (X11; Linux x86_64) AppleWebKit/537.36 (KHTML, like Gecko) Chrome/137.0.0.0 Safari/537.36"
172.18.0.1 - - [02/Jun/2025:08:47:08 +0000] "PUT /nifi-api/processors/f718dc24-0196-1000-c7ff-8a58212f4078/run-status HTTP/1.1" 200 3230 "http://localhost:8181/nifi/?processGroupId=7b71d586-0196-1000-837c-7c5442c21299&componentIds=f718dc24-0196-1000-c7ff-8a58212f4078" "Mozilla/5.0 (X11; Linux x86_64) AppleWebKit/537.36 (KHTML, like Gecko) Chrome/137.0.0.0 Safari/537.36"
172.18.0.1 - - [02/Jun/2025:08:47:09 +0000] "DELETE /nifi-api/connections/f749da1e-0196-1000-47cd-65de2a891642?version=0&clientId=2fbe4d68-0197-1000-f8f7-f50d11f9f824&disconnectedNodeAcknowledged=false HTTP/1.1" 200 638 "http://localhost:8181/nifi/?processGroupId=7b71d586-0196-1000-837c-7c5442c21299&componentIds=f749da1e-0196-1000-47cd-65de2a891642" "Mozilla/5.0 (X11; Linux x86_64) AppleWebKit/537.36 (KHTML, like Gecko) Chrome/137.0.0.0 Safari/537.36"
172.18.0.1 - - [02/Jun/2025:08:47:09 +0000] "GET /nifi-api/processors/f718dc24-0196-1000-c7ff-8a58212f4078 HTTP/1.1" 200 3213 "http://localhost:8181/nifi/?processGroupId=7b71d586-0196-1000-837c-7c5442c21299&componentIds=f749da1e-0196-1000-47cd-65de2a891642" "Mozilla/5.0 (X11; Linux x86_64) AppleWebKit/537.36 (KHTML, like Gecko) Chrome/137.0.0.0 Safari/537.36"
172.18.0.1 - - [02/Jun/2025:08:47:09 +0000] "GET /nifi-api/processors/f7554212-0196-1000-4830-89b9d8440bae HTTP/1.1" 200 2229 "http://localhost:8181/nifi/?processGroupId=7b71d586-0196-1000-837c-7c5442c21299&componentIds=f749da1e-0196-1000-47cd-65de2a891642" "Mozilla/5.0 (X11; Linux x86_64) AppleWebKit/537.36 (KHTML, like Gecko) Chrome/137.0.0.0 Safari/537.36"
172.18.0.1 - - [02/Jun/2025:08:47:10 +0000] "DELETE /nifi-api/processors/f7554212-0196-1000-4830-89b9d8440bae?version=1&clientId=2fbe4d68-0197-1000-f8f7-f50d11f9f824&disconnectedNodeAcknowledged=false HTTP/1.1" 200 1913 "http://localhost:8181/nifi/?processGroupId=7b71d586-0196-1000-837c-7c5442c21299&componentIds=f7554212-0196-1000-4830-89b9d8440bae" "Mozilla/5.0 (X11; Linux x86_64) AppleWebKit/537.36 (KHTML, like Gecko) Chrome/137.0.0.0 Safari/537.36"
172.18.0.1 - - [02/Jun/2025:08:47:19 +0000] "PUT /nifi-api/processors/2faeea1c-0197-1000-3218-e72cb6b6c1fc HTTP/1.1" 200 3275 "http://localhost:8181/nifi/?processGroupId=7b71d586-0196-1000-837c-7c5442c21299&componentIds=2faeea1c-0197-1000-3218-e72cb6b6c1fc" "Mozilla/5.0 (X11; Linux x86_64) AppleWebKit/537.36 (KHTML, like Gecko) Chrome/137.0.0.0 Safari/537.36"
172.18.0.1 - - [02/Jun/2025:08:47:22 +0000] "PUT /nifi-api/processors/2fc0c10f-0197-1000-79f1-fd01e0deea11 HTTP/1.1" 200 1343 "http://localhost:8181/nifi/?processGroupId=7b71d586-0196-1000-837c-7c5442c21299&componentIds=2fc0c10f-0197-1000-79f1-fd01e0deea11" "Mozilla/5.0 (X11; Linux x86_64) AppleWebKit/537.36 (KHTML, like Gecko) Chrome/137.0.0.0 Safari/537.36"
172.18.0.1 - - [02/Jun/2025:08:47:24 +0000] "PUT /nifi-api/processors/2faeea1c-0197-1000-3218-e72cb6b6c1fc HTTP/1.1" 200 3275 "http://localhost:8181/nifi/?processGroupId=7b71d586-0196-1000-837c-7c5442c21299&componentIds=2faeea1c-0197-1000-3218-e72cb6b6c1fc" "Mozilla/5.0 (X11; Linux x86_64) AppleWebKit/537.36 (KHTML, like Gecko) Chrome/137.0.0.0 Safari/537.36"
10.46.71.128 - - [02/Jun/2025:08:47:25 +0000] "GET /nifi-api/flow/status HTTP/1.1" 200 219 "http://10.46.67.15:8181/nifi/?processGroupId=7b71d586-0196-1000-837c-7c5442c21299&componentIds=2fc7ed14-0197-1000-72f7-816011f38074" "Mozilla/5.0 (X11; Linux x86_64) AppleWebKit/537.36 (KHTML, like Gecko) Chrome/137.0.0.0 Safari/537.36"
10.46.71.128 - - [02/Jun/2025:08:47:25 +0000] "GET /nifi-api/flow/controller/bulletins HTTP/1.1" 200 109 "http://10.46.67.15:8181/nifi/?processGroupId=7b71d586-0196-1000-837c-7c5442c21299&componentIds=2fc7ed14-0197-1000-72f7-816011f38074" "Mozilla/5.0 (X11; Linux x86_64) AppleWebKit/537.36 (KHTML, like Gecko) Chrome/137.0.0.0 Safari/537.36"
10.46.71.128 - - [02/Jun/2025:08:47:25 +0000] "GET /nifi-api/flow/cluster/summary HTTP/1.1" 200 93 "http://10.46.67.15:8181/nifi/?processGroupId=7b71d586-0196-1000-837c-7c5442c21299&componentIds=2fc7ed14-0197-1000-72f7-816011f38074" "Mozilla/5.0 (X11; Linux x86_64) AppleWebKit/537.36 (KHTML, like Gecko) Chrome/137.0.0.0 Safari/537.36"
10.46.71.128 - - [02/Jun/2025:08:47:25 +0000] "GET /nifi-api/flow/current-user HTTP/1.1" 200 392 "http://10.46.67.15:8181/nifi/?processGroupId=7b71d586-0196-1000-837c-7c5442c21299&componentIds=2fc7ed14-0197-1000-72f7-816011f38074" "Mozilla/5.0 (X11; Linux x86_64) AppleWebKit/537.36 (KHTML, like Gecko) Chrome/137.0.0.0 Safari/537.36"
10.46.71.128 - - [02/Jun/2025:08:47:25 +0000] "GET /nifi-api/flow/process-groups/7b71d586-0196-1000-837c-7c5442c21299?uiOnly=true HTTP/1.1" 200 5484 "http://10.46.67.15:8181/nifi/?processGroupId=7b71d586-0196-1000-837c-7c5442c21299&componentIds=2fc7ed14-0197-1000-72f7-816011f38074" "Mozilla/5.0 (X11; Linux x86_64) AppleWebKit/537.36 (KHTML, like Gecko) Chrome/137.0.0.0 Safari/537.36"
10.46.71.128 - - [02/Jun/2025:08:47:26 +0000] "GET /nifi-api/processors/f718dc24-0196-1000-c7ff-8a58212f4078 HTTP/1.1" 200 3218 "http://10.46.67.15:8181/nifi/?processGroupId=7b71d586-0196-1000-837c-7c5442c21299&componentIds=2fc7ed14-0197-1000-72f7-816011f38074" "Mozilla/5.0 (X11; Linux x86_64) AppleWebKit/537.36 (KHTML, like Gecko) Chrome/137.0.0.0 Safari/537.36"
172.18.0.1 - - [02/Jun/2025:08:47:29 +0000] "GET /nifi-api/flow/status HTTP/1.1" 200 219 "http://localhost:8181/nifi/?processGroupId=7b71d586-0196-1000-837c-7c5442c21299&componentIds=2faeea1c-0197-1000-3218-e72cb6b6c1fc" "Mozilla/5.0 (X11; Linux x86_64) AppleWebKit/537.36 (KHTML, like Gecko) Chrome/137.0.0.0 Safari/537.36"
172.18.0.1 - - [02/Jun/2025:08:47:29 +0000] "GET /nifi-api/flow/current-user HTTP/1.1" 200 392 "http://localhost:8181/nifi/?processGroupId=7b71d586-0196-1000-837c-7c5442c21299&componentIds=2faeea1c-0197-1000-3218-e72cb6b6c1fc" "Mozilla/5.0 (X11; Linux x86_64) AppleWebKit/537.36 (KHTML, like Gecko) Chrome/137.0.0.0 Safari/537.36"
172.18.0.1 - - [02/Jun/2025:08:47:29 +0000] "GET /nifi-api/flow/controller/bulletins HTTP/1.1" 200 109 "http://localhost:8181/nifi/?processGroupId=7b71d586-0196-1000-837c-7c5442c21299&componentIds=2faeea1c-0197-1000-3218-e72cb6b6c1fc" "Mozilla/5.0 (X11; Linux x86_64) AppleWebKit/537.36 (KHTML, like Gecko) Chrome/137.0.0.0 Safari/537.36"
172.18.0.1 - - [02/Jun/2025:08:47:29 +0000] "GET /nifi-api/flow/cluster/summary HTTP/1.1" 200 93 "http://localhost:8181/nifi/?processGroupId=7b71d586-0196-1000-837c-7c5442c21299&componentIds=2faeea1c-0197-1000-3218-e72cb6b6c1fc" "Mozilla/5.0 (X11; Linux x86_64) AppleWebKit/537.36 (KHTML, like Gecko) Chrome/137.0.0.0 Safari/537.36"
