172.18.0.1 - - [02/Jun/2025:08:47:29 +0000] "GET /nifi-api/flow/process-groups/7b71d586-0196-1000-837c-7c5442c21299?uiOnly=true HTTP/1.1" 200 5481 "http://localhost:8181/nifi/?processGroupId=7b71d586-0196-1000-837c-7c5442c21299&componentIds=2faeea1c-0197-1000-3218-e72cb6b6c1fc" "Mozilla/5.0 (X11; Linux x86_64) AppleWebKit/537.36 (KHTML, like Gecko) Chrome/137.0.0.0 Safari/537.36"
172.18.0.1 - - [02/Jun/2025:08:47:37 +0000] "GET /nifi-api/process-groups/7b71d586-0196-1000-837c-7c5442c21299 HTTP/1.1" 200 866 "http://localhost:8181/nifi/?processGroupId=7b71d586-0196-1000-837c-7c5442c21299&componentIds=2faeea1c-0197-1000-3218-e72cb6b6c1fc" "Mozilla/5.0 (X11; Linux x86_64) AppleWebKit/537.36 (KHTML, like Gecko) Chrome/137.0.0.0 Safari/537.36"
172.18.0.1 - - [02/Jun/2025:08:47:40 +0000] "POST /nifi-api/process-groups/7b71d586-0196-1000-837c-7c5442c21299/connections HTTP/1.1" 201 881 "http://localhost:8181/nifi/?processGroupId=7b71d586-0196-1000-837c-7c5442c21299&componentIds=2faeea1c-0197-1000-3218-e72cb6b6c1fc" "Mozilla/5.0 (X11; Linux x86_64) AppleWebKit/537.36 (KHTML, like Gecko) Chrome/137.0.0.0 Safari/537.36"
172.18.0.1 - - [02/Jun/2025:08:47:40 +0000] "GET /nifi-api/processors/f73ac9c0-0196-1000-96e5-04249ace90d2 HTTP/1.1" 200 2816 "http://localhost:8181/nifi/?processGroupId=7b71d586-0196-1000-837c-7c5442c21299&componentIds=2faeea1c-0197-1000-3218-e72cb6b6c1fc" "Mozilla/5.0 (X11; Linux x86_64) AppleWebKit/537.36 (KHTML, like Gecko) Chrome/137.0.0.0 Safari/537.36"
172.18.0.1 - - [02/Jun/2025:08:47:40 +0000] "GET /nifi-api/processors/2faeea1c-0197-1000-3218-e72cb6b6c1fc HTTP/1.1" 200 3256 "http://localhost:8181/nifi/?processGroupId=7b71d586-0196-1000-837c-7c5442c21299&componentIds=2faeea1c-0197-1000-3218-e72cb6b6c1fc" "Mozilla/5.0 (X11; Linux x86_64) AppleWebKit/537.36 (KHTML, like Gecko) Chrome/137.0.0.0 Safari/537.36"
172.18.0.1 - - [02/Jun/2025:08:47:45 +0000] "DELETE /nifi-api/connections/2fc13934-0197-1000-8630-aae9c6d11205?version=1&clientId=2fbe4d68-0197-1000-f8f7-f50d11f9f824&disconnectedNodeAcknowledged=false HTTP/1.1" 409 76 "http://localhost:8181/nifi/?processGroupId=7b71d586-0196-1000-837c-7c5442c21299&componentIds=2fc13934-0197-1000-8630-aae9c6d11205" "Mozilla/5.0 (X11; Linux x86_64) AppleWebKit/537.36 (KHTML, like Gecko) Chrome/137.0.0.0 Safari/537.36"
172.18.0.1 - - [02/Jun/2025:08:47:54 +0000] "POST /nifi-api/flowfile-queues/2fc13934-0197-1000-8630-aae9c6d11205/drop-requests HTTP/1.1" 202 343 "http://localhost:8181/nifi/?processGroupId=7b71d586-0196-1000-837c-7c5442c21299&componentIds=2fc13934-0197-1000-8630-aae9c6d11205" "Mozilla/5.0 (X11; Linux x86_64) AppleWebKit/537.36 (KHTML, like Gecko) Chrome/137.0.0.0 Safari/537.36"
172.18.0.1 - - [02/Jun/2025:08:47:55 +0000] "GET /nifi-api/flowfile-queues/2fc13934-0197-1000-8630-aae9c6d11205/drop-requests/2fd36d07-0197-1000-288b-7ff0147c08f8 HTTP/1.1" 200 323 "http://localhost:8181/nifi/" "Mozilla/5.0 (X11; Linux x86_64) AppleWebKit/537.36 (KHTML, like Gecko) Chrome/137.0.0.0 Safari/537.36"
172.18.0.1 - - [02/Jun/2025:08:47:55 +0000] "GET /nifi-api/flow/connections/2fc13934-0197-1000-8630-aae9c6d11205/status HTTP/1.1" 200 400 "http://localhost:8181/nifi/" "Mozilla/5.0 (X11; Linux x86_64) AppleWebKit/537.36 (KHTML, like Gecko) Chrome/137.0.0.0 Safari/537.36"
172.18.0.1 - - [02/Jun/2025:08:47:55 +0000] "DELETE /nifi-api/flowfile-queues/2fc13934-0197-1000-8630-aae9c6d11205/drop-requests/2fd36d07-0197-1000-288b-7ff0147c08f8 HTTP/1.1" 200 323 "http://localhost:8181/nifi/" "Mozilla/5.0 (X11; Linux x86_64) AppleWebKit/537.36 (KHTML, like Gecko) Chrome/137.0.0.0 Safari/537.36"
10.46.71.128 - - [02/Jun/2025:08:47:57 +0000] "GET /nifi-api/flow/cluster/summary HTTP/1.1" 200 93 "http://10.46.67.15:8181/nifi/?processGroupId=7b71d586-0196-1000-837c-7c5442c21299&componentIds=2fc7ed14-0197-1000-72f7-816011f38074" "Mozilla/5.0 (X11; Linux x86_64) AppleWebKit/537.36 (KHTML, like Gecko) Chrome/137.0.0.0 Safari/537.36"
10.46.71.128 - - [02/Jun/2025:08:47:57 +0000] "GET /nifi-api/flow/controller/bulletins HTTP/1.1" 200 109 "http://10.46.67.15:8181/nifi/?processGroupId=7b71d586-0196-1000-837c-7c5442c21299&componentIds=2fc7ed14-0197-1000-72f7-816011f38074" "Mozilla/5.0 (X11; Linux x86_64) AppleWebKit/537.36 (KHTML, like Gecko) Chrome/137.0.0.0 Safari/537.36"
10.46.71.128 - - [02/Jun/2025:08:47:57 +0000] "GET /nifi-api/flow/current-user HTTP/1.1" 200 392 "http://10.46.67.15:8181/nifi/?processGroupId=7b71d586-0196-1000-837c-7c5442c21299&componentIds=2fc7ed14-0197-1000-72f7-816011f38074" "Mozilla/5.0 (X11; Linux x86_64) AppleWebKit/537.36 (KHTML, like Gecko) Chrome/137.0.0.0 Safari/537.36"
10.46.71.128 - - [02/Jun/2025:08:47:57 +0000] "GET /nifi-api/flow/status HTTP/1.1" 200 218 "http://10.46.67.15:8181/nifi/?processGroupId=7b71d586-0196-1000-837c-7c5442c21299&componentIds=2fc7ed14-0197-1000-72f7-816011f38074" "Mozilla/5.0 (X11; Linux x86_64) AppleWebKit/537.36 (KHTML, like Gecko) Chrome/137.0.0.0 Safari/537.36"
10.46.71.128 - - [02/Jun/2025:08:47:57 +0000] "GET /nifi-api/flow/process-groups/7b71d586-0196-1000-837c-7c5442c21299?uiOnly=true HTTP/1.1" 200 5533 "http://10.46.67.15:8181/nifi/?processGroupId=7b71d586-0196-1000-837c-7c5442c21299&componentIds=2fc7ed14-0197-1000-72f7-816011f38074" "Mozilla/5.0 (X11; Linux x86_64) AppleWebKit/537.36 (KHTML, like Gecko) Chrome/137.0.0.0 Safari/537.36"
172.18.0.1 - - [02/Jun/2025:08:47:58 +0000] "DELETE /nifi-api/connections/2fc13934-0197-1000-8630-aae9c6d11205?version=1&clientId=2fbe4d68-0197-1000-f8f7-f50d11f9f824&disconnectedNodeAcknowledged=false HTTP/1.1" 200 527 "http://localhost:8181/nifi/?processGroupId=7b71d586-0196-1000-837c-7c5442c21299&componentIds=2fc13934-0197-1000-8630-aae9c6d11205" "Mozilla/5.0 (X11; Linux x86_64) AppleWebKit/537.36 (KHTML, like Gecko) Chrome/137.0.0.0 Safari/537.36"
172.18.0.1 - - [02/Jun/2025:08:47:59 +0000] "GET /nifi-api/processors/2faeea1c-0197-1000-3218-e72cb6b6c1fc HTTP/1.1" 200 3256 "http://localhost:8181/nifi/?processGroupId=7b71d586-0196-1000-837c-7c5442c21299&componentIds=2fc13934-0197-1000-8630-aae9c6d11205" "Mozilla/5.0 (X11; Linux x86_64) AppleWebKit/537.36 (KHTML, like Gecko) Chrome/137.0.0.0 Safari/537.36"
172.18.0.1 - - [02/Jun/2025:08:47:59 +0000] "GET /nifi-api/processors/2fc0c10f-0197-1000-79f1-fd01e0deea11 HTTP/1.1" 200 1386 "http://localhost:8181/nifi/?processGroupId=7b71d586-0196-1000-837c-7c5442c21299&componentIds=2fc13934-0197-1000-8630-aae9c6d11205" "Mozilla/5.0 (X11; Linux x86_64) AppleWebKit/537.36 (KHTML, like Gecko) Chrome/137.0.0.0 Safari/537.36"
172.18.0.1 - - [02/Jun/2025:08:47:59 +0000] "GET /nifi-api/flow/status HTTP/1.1" 200 219 "http://localhost:8181/nifi/?processGroupId=7b71d586-0196-1000-837c-7c5442c21299&componentIds=" "Mozilla/5.0 (X11; Linux x86_64) AppleWebKit/537.36 (KHTML, like Gecko) Chrome/137.0.0.0 Safari/537.36"
172.18.0.1 - - [02/Jun/2025:08:47:59 +0000] "GET /nifi-api/flow/cluster/summary HTTP/1.1" 200 93 "http://localhost:8181/nifi/?processGroupId=7b71d586-0196-1000-837c-7c5442c21299&componentIds=" "Mozilla/5.0 (X11; Linux x86_64) AppleWebKit/537.36 (KHTML, like Gecko) Chrome/137.0.0.0 Safari/537.36"
172.18.0.1 - - [02/Jun/2025:08:47:59 +0000] "GET /nifi-api/flow/current-user HTTP/1.1" 200 392 "http://localhost:8181/nifi/?processGroupId=7b71d586-0196-1000-837c-7c5442c21299&componentIds=" "Mozilla/5.0 (X11; Linux x86_64) AppleWebKit/537.36 (KHTML, like Gecko) Chrome/137.0.0.0 Safari/537.36"
172.18.0.1 - - [02/Jun/2025:08:47:59 +0000] "GET /nifi-api/flow/controller/bulletins HTTP/1.1" 200 109 "http://localhost:8181/nifi/?processGroupId=7b71d586-0196-1000-837c-7c5442c21299&componentIds=" "Mozilla/5.0 (X11; Linux x86_64) AppleWebKit/537.36 (KHTML, like Gecko) Chrome/137.0.0.0 Safari/537.36"
172.18.0.1 - - [02/Jun/2025:08:47:59 +0000] "GET /nifi-api/flow/process-groups/7b71d586-0196-1000-837c-7c5442c21299?uiOnly=true HTTP/1.1" 200 5456 "http://localhost:8181/nifi/?processGroupId=7b71d586-0196-1000-837c-7c5442c21299&componentIds=" "Mozilla/5.0 (X11; Linux x86_64) AppleWebKit/537.36 (KHTML, like Gecko) Chrome/137.0.0.0 Safari/537.36"
172.18.0.1 - - [02/Jun/2025:08:48:01 +0000] "DELETE /nifi-api/processors/2fc0c10f-0197-1000-79f1-fd01e0deea11?version=6&clientId=2fbe4d68-0197-1000-f8f7-f50d11f9f824&disconnectedNodeAcknowledged=false HTTP/1.1" 200 1133 "http://localhost:8181/nifi/?processGroupId=7b71d586-0196-1000-837c-7c5442c21299&componentIds=" "Mozilla/5.0 (X11; Linux x86_64) AppleWebKit/537.36 (KHTML, like Gecko) Chrome/137.0.0.0 Safari/537.36"
172.18.0.1 - - [02/Jun/2025:08:48:06 +0000] "PUT /nifi-api/processors/2faeea1c-0197-1000-3218-e72cb6b6c1fc HTTP/1.1" 200 3274 "http://localhost:8181/nifi/?processGroupId=7b71d586-0196-1000-837c-7c5442c21299&componentIds=2faeea1c-0197-1000-3218-e72cb6b6c1fc" "Mozilla/5.0 (X11; Linux x86_64) AppleWebKit/537.36 (KHTML, like Gecko) Chrome/137.0.0.0 Safari/537.36"
172.18.0.1 - - [02/Jun/2025:08:48:17 +0000] "PUT /nifi-api/processors/2fc7ed14-0197-1000-72f7-816011f38074 HTTP/1.1" 200 2790 "http://localhost:8181/nifi/?processGroupId=7b71d586-0196-1000-837c-7c5442c21299&componentIds=2fc7ed14-0197-1000-72f7-816011f38074" "Mozilla/5.0 (X11; Linux x86_64) AppleWebKit/537.36 (KHTML, like Gecko) Chrome/137.0.0.0 Safari/537.36"
172.18.0.1 - - [02/Jun/2025:08:48:19 +0000] "PUT /nifi-api/processors/2fc7ed14-0197-1000-72f7-816011f38074 HTTP/1.1" 200 2790 "http://localhost:8181/nifi/?processGroupId=7b71d586-0196-1000-837c-7c5442c21299&componentIds=2fc7ed14-0197-1000-72f7-816011f38074" "Mozilla/5.0 (X11; Linux x86_64) AppleWebKit/537.36 (KHTML, like Gecko) Chrome/137.0.0.0 Safari/537.36"
172.18.0.1 - - [02/Jun/2025:08:48:22 +0000] "PUT /nifi-api/processors/2faeea1c-0197-1000-3218-e72cb6b6c1fc HTTP/1.1" 200 3275 "http://localhost:8181/nifi/?processGroupId=7b71d586-0196-1000-837c-7c5442c21299&componentIds=2faeea1c-0197-1000-3218-e72cb6b6c1fc" "Mozilla/5.0 (X11; Linux x86_64) AppleWebKit/537.36 (KHTML, like Gecko) Chrome/137.0.0.0 Safari/537.36"
172.18.0.1 - - [02/Jun/2025:08:48:23 +0000] "GET /nifi-api/processors/2faeea1c-0197-1000-3218-e72cb6b6c1fc HTTP/1.1" 200 3257 "http://localhost:8181/nifi/?processGroupId=7b71d586-0196-1000-837c-7c5442c21299&componentIds=2faeea1c-0197-1000-3218-e72cb6b6c1fc" "Mozilla/5.0 (X11; Linux x86_64) AppleWebKit/537.36 (KHTML, like Gecko) Chrome/137.0.0.0 Safari/537.36"
172.18.0.1 - - [02/Jun/2025:08:48:23 +0000] "GET /nifi-api/flow/history/components/2faeea1c-0197-1000-3218-e72cb6b6c1fc HTTP/1.1" 200 339 "http://localhost:8181/nifi/?processGroupId=7b71d586-0196-1000-837c-7c5442c21299&componentIds=2faeea1c-0197-1000-3218-e72cb6b6c1fc" "Mozilla/5.0 (X11; Linux x86_64) AppleWebKit/537.36 (KHTML, like Gecko) Chrome/137.0.0.0 Safari/537.36"
10.46.71.128 - - [02/Jun/2025:08:48:29 +0000] "GET /nifi-api/flow/status HTTP/1.1" 200 219 "http://10.46.67.15:8181/nifi/?processGroupId=7b71d586-0196-1000-837c-7c5442c21299&componentIds=2fc7ed14-0197-1000-72f7-816011f38074" "Mozilla/5.0 (X11; Linux x86_64) AppleWebKit/537.36 (KHTML, like Gecko) Chrome/137.0.0.0 Safari/537.36"
10.46.71.128 - - [02/Jun/2025:08:48:29 +0000] "GET /nifi-api/flow/cluster/summary HTTP/1.1" 200 93 "http://10.46.67.15:8181/nifi/?processGroupId=7b71d586-0196-1000-837c-7c5442c21299&componentIds=2fc7ed14-0197-1000-72f7-816011f38074" "Mozilla/5.0 (X11; Linux x86_64) AppleWebKit/537.36 (KHTML, like Gecko) Chrome/137.0.0.0 Safari/537.36"
10.46.71.128 - - [02/Jun/2025:08:48:29 +0000] "GET /nifi-api/flow/current-user HTTP/1.1" 200 392 "http://10.46.67.15:8181/nifi/?processGroupId=7b71d586-0196-1000-837c-7c5442c21299&componentIds=2fc7ed14-0197-1000-72f7-816011f38074" "Mozilla/5.0 (X11; Linux x86_64) AppleWebKit/537.36 (KHTML, like Gecko) Chrome/137.0.0.0 Safari/537.36"
10.46.71.128 - - [02/Jun/2025:08:48:29 +0000] "GET /nifi-api/flow/controller/bulletins HTTP/1.1" 200 109 "http://10.46.67.15:8181/nifi/?processGroupId=7b71d586-0196-1000-837c-7c5442c21299&componentIds=2fc7ed14-0197-1000-72f7-816011f38074" "Mozilla/5.0 (X11; Linux x86_64) AppleWebKit/537.36 (KHTML, like Gecko) Chrome/137.0.0.0 Safari/537.36"
10.46.71.128 - - [02/Jun/2025:08:48:29 +0000] "GET /nifi-api/flow/process-groups/7b71d586-0196-1000-837c-7c5442c21299?uiOnly=true HTTP/1.1" 200 5367 "http://10.46.67.15:8181/nifi/?processGroupId=7b71d586-0196-1000-837c-7c5442c21299&componentIds=2fc7ed14-0197-1000-72f7-816011f38074" "Mozilla/5.0 (X11; Linux x86_64) AppleWebKit/537.36 (KHTML, like Gecko) Chrome/137.0.0.0 Safari/537.36"
10.46.71.128 - - [02/Jun/2025:08:48:29 +0000] "GET /nifi-api/processors/2faeea1c-0197-1000-3218-e72cb6b6c1fc HTTP/1.1" 200 3263 "http://10.46.67.15:8181/nifi/?processGroupId=7b71d586-0196-1000-837c-7c5442c21299&componentIds=2fc7ed14-0197-1000-72f7-816011f38074" "Mozilla/5.0 (X11; Linux x86_64) AppleWebKit/537.36 (KHTML, like Gecko) Chrome/137.0.0.0 Safari/537.36"
172.18.0.1 - - [02/Jun/2025:08:48:29 +0000] "GET /nifi-api/flow/controller/bulletins HTTP/1.1" 200 109 "http://localhost:8181/nifi/?processGroupId=7b71d586-0196-1000-837c-7c5442c21299&componentIds=2faeea1c-0197-1000-3218-e72cb6b6c1fc" "Mozilla/5.0 (X11; Linux x86_64) AppleWebKit/537.36 (KHTML, like Gecko) Chrome/137.0.0.0 Safari/537.36"
172.18.0.1 - - [02/Jun/2025:08:48:29 +0000] "GET /nifi-api/flow/status HTTP/1.1" 200 219 "http://localhost:8181/nifi/?processGroupId=7b71d586-0196-1000-837c-7c5442c21299&componentIds=2faeea1c-0197-1000-3218-e72cb6b6c1fc" "Mozilla/5.0 (X11; Linux x86_64) AppleWebKit/537.36 (KHTML, like Gecko) Chrome/137.0.0.0 Safari/537.36"
172.18.0.1 - - [02/Jun/2025:08:48:29 +0000] "GET /nifi-api/flow/cluster/summary HTTP/1.1" 200 93 "http://localhost:8181/nifi/?processGroupId=7b71d586-0196-1000-837c-7c5442c21299&componentIds=2faeea1c-0197-1000-3218-e72cb6b6c1fc" "Mozilla/5.0 (X11; Linux x86_64) AppleWebKit/537.36 (KHTML, like Gecko) Chrome/137.0.0.0 Safari/537.36"
172.18.0.1 - - [02/Jun/2025:08:48:29 +0000] "GET /nifi-api/flow/current-user HTTP/1.1" 200 392 "http://localhost:8181/nifi/?processGroupId=7b71d586-0196-1000-837c-7c5442c21299&componentIds=2faeea1c-0197-1000-3218-e72cb6b6c1fc" "Mozilla/5.0 (X11; Linux x86_64) AppleWebKit/537.36 (KHTML, like Gecko) Chrome/137.0.0.0 Safari/537.36"
172.18.0.1 - - [02/Jun/2025:08:48:29 +0000] "GET /nifi-api/flow/process-groups/7b71d586-0196-1000-837c-7c5442c21299?uiOnly=true HTTP/1.1" 200 5365 "http://localhost:8181/nifi/?processGroupId=7b71d586-0196-1000-837c-7c5442c21299&componentIds=2faeea1c-0197-1000-3218-e72cb6b6c1fc" "Mozilla/5.0 (X11; Linux x86_64) AppleWebKit/537.36 (KHTML, like Gecko) Chrome/137.0.0.0 Safari/537.36"
172.18.0.1 - - [02/Jun/2025:08:48:36 +0000] "PUT /nifi-api/processors/2faeea1c-0197-1000-3218-e72cb6b6c1fc HTTP/1.1" 200 3291 "http://localhost:8181/nifi/?processGroupId=7b71d586-0196-1000-837c-7c5442c21299&componentIds=2faeea1c-0197-1000-3218-e72cb6b6c1fc" "Mozilla/5.0 (X11; Linux x86_64) AppleWebKit/537.36 (KHTML, like Gecko) Chrome/137.0.0.0 Safari/537.36"
172.18.0.1 - - [02/Jun/2025:08:48:36 +0000] "GET /nifi-api/connections/2fd336e8-0197-1000-b812-9e11f54ed319 HTTP/1.1" 200 864 "http://localhost:8181/nifi/?processGroupId=7b71d586-0196-1000-837c-7c5442c21299&componentIds=2faeea1c-0197-1000-3218-e72cb6b6c1fc" "Mozilla/5.0 (X11; Linux x86_64) AppleWebKit/537.36 (KHTML, like Gecko) Chrome/137.0.0.0 Safari/537.36"
172.18.0.1 - - [02/Jun/2025:08:48:48 +0000] "GET /nifi-api/processors/2faeea1c-0197-1000-3218-e72cb6b6c1fc HTTP/1.1" 200 3270 "http://localhost:8181/nifi/?processGroupId=7b71d586-0196-1000-837c-7c5442c21299&componentIds=2faeea1c-0197-1000-3218-e72cb6b6c1fc" "Mozilla/5.0 (X11; Linux x86_64) AppleWebKit/537.36 (KHTML, like Gecko) Chrome/137.0.0.0 Safari/537.36"
172.18.0.1 - - [02/Jun/2025:08:48:48 +0000] "GET /nifi-api/flow/history/components/2faeea1c-0197-1000-3218-e72cb6b6c1fc HTTP/1.1" 200 365 "http://localhost:8181/nifi/?processGroupId=7b71d586-0196-1000-837c-7c5442c21299&componentIds=2faeea1c-0197-1000-3218-e72cb6b6c1fc" "Mozilla/5.0 (X11; Linux x86_64) AppleWebKit/537.36 (KHTML, like Gecko) Chrome/137.0.0.0 Safari/537.36"
172.18.0.1 - - [02/Jun/2025:08:48:56 +0000] "PUT /nifi-api/processors/2faeea1c-0197-1000-3218-e72cb6b6c1fc HTTP/1.1" 200 3284 "http://localhost:8181/nifi/?processGroupId=7b71d586-0196-1000-837c-7c5442c21299&componentIds=2faeea1c-0197-1000-3218-e72cb6b6c1fc" "Mozilla/5.0 (X11; Linux x86_64) AppleWebKit/537.36 (KHTML, like Gecko) Chrome/137.0.0.0 Safari/537.36"
172.18.0.1 - - [02/Jun/2025:08:48:56 +0000] "GET /nifi-api/connections/2fd336e8-0197-1000-b812-9e11f54ed319 HTTP/1.1" 200 867 "http://localhost:8181/nifi/?processGroupId=7b71d586-0196-1000-837c-7c5442c21299&componentIds=2faeea1c-0197-1000-3218-e72cb6b6c1fc" "Mozilla/5.0 (X11; Linux x86_64) AppleWebKit/537.36 (KHTML, like Gecko) Chrome/137.0.0.0 Safari/537.36"
172.18.0.1 - - [02/Jun/2025:08:48:58 +0000] "GET /nifi-api/flow/history/components/2fc7ed14-0197-1000-72f7-816011f38074 HTTP/1.1" 200 209 "http://localhost:8181/nifi/?processGroupId=7b71d586-0196-1000-837c-7c5442c21299&componentIds=2fc7ed14-0197-1000-72f7-816011f38074" "Mozilla/5.0 (X11; Linux x86_64) AppleWebKit/537.36 (KHTML, like Gecko) Chrome/137.0.0.0 Safari/537.36"
172.18.0.1 - - [02/Jun/2025:08:48:58 +0000] "GET /nifi-api/processors/2fc7ed14-0197-1000-72f7-816011f38074 HTTP/1.1" 200 2772 "http://localhost:8181/nifi/?processGroupId=7b71d586-0196-1000-837c-7c5442c21299&componentIds=2fc7ed14-0197-1000-72f7-816011f38074" "Mozilla/5.0 (X11; Linux x86_64) AppleWebKit/537.36 (KHTML, like Gecko) Chrome/137.0.0.0 Safari/537.36"
10.46.71.128 - - [02/Jun/2025:08:48:59 +0000] "GET /nifi-api/flow/process-groups/7b71d586-0196-1000-837c-7c5442c21299?uiOnly=true HTTP/1.1" 200 5395 "http://10.46.67.15:8181/nifi/?processGroupId=7b71d586-0196-1000-837c-7c5442c21299&componentIds=2fc7ed14-0197-1000-72f7-816011f38074" "Mozilla/5.0 (X11; Linux x86_64) AppleWebKit/537.36 (KHTML, like Gecko) Chrome/137.0.0.0 Safari/537.36"
10.46.71.128 - - [02/Jun/2025:08:48:59 +0000] "GET /nifi-api/flow/status HTTP/1.1" 200 219 "http://10.46.67.15:8181/nifi/?processGroupId=7b71d586-0196-1000-837c-7c5442c21299&componentIds=2fc7ed14-0197-1000-72f7-816011f38074" "Mozilla/5.0 (X11; Linux x86_64) AppleWebKit/537.36 (KHTML, like Gecko) Chrome/137.0.0.0 Safari/537.36"
172.18.0.1 - - [02/Jun/2025:08:48:59 +0000] "GET /nifi-api/flow/status HTTP/1.1" 200 219 "http://localhost:8181/nifi/?processGroupId=7b71d586-0196-1000-837c-7c5442c21299&componentIds=2fc7ed14-0197-1000-72f7-816011f38074" "Mozilla/5.0 (X11; Linux x86_64) AppleWebKit/537.36 (KHTML, like Gecko) Chrome/137.0.0.0 Safari/537.36"
172.18.0.1 - - [02/Jun/2025:08:48:59 +0000] "GET /nifi-api/flow/controller/bulletins HTTP/1.1" 200 109 "http://localhost:8181/nifi/?processGroupId=7b71d586-0196-1000-837c-7c5442c21299&componentIds=2fc7ed14-0197-1000-72f7-816011f38074" "Mozilla/5.0 (X11; Linux x86_64) AppleWebKit/537.36 (KHTML, like Gecko) Chrome/137.0.0.0 Safari/537.36"
172.18.0.1 - - [02/Jun/2025:08:48:59 +0000] "GET /nifi-api/flow/cluster/summary HTTP/1.1" 200 93 "http://localhost:8181/nifi/?processGroupId=7b71d586-0196-1000-837c-7c5442c21299&componentIds=2fc7ed14-0197-1000-72f7-816011f38074" "Mozilla/5.0 (X11; Linux x86_64) AppleWebKit/537.36 (KHTML, like Gecko) Chrome/137.0.0.0 Safari/537.36"
172.18.0.1 - - [02/Jun/2025:08:48:59 +0000] "GET /nifi-api/flow/current-user HTTP/1.1" 200 392 "http://localhost:8181/nifi/?processGroupId=7b71d586-0196-1000-837c-7c5442c21299&componentIds=2fc7ed14-0197-1000-72f7-816011f38074" "Mozilla/5.0 (X11; Linux x86_64) AppleWebKit/537.36 (KHTML, like Gecko) Chrome/137.0.0.0 Safari/537.36"
172.18.0.1 - - [02/Jun/2025:08:48:59 +0000] "GET /nifi-api/flow/process-groups/7b71d586-0196-1000-837c-7c5442c21299?uiOnly=true HTTP/1.1" 200 5393 "http://localhost:8181/nifi/?processGroupId=7b71d586-0196-1000-837c-7c5442c21299&componentIds=2fc7ed14-0197-1000-72f7-816011f38074" "Mozilla/5.0 (X11; Linux x86_64) AppleWebKit/537.36 (KHTML, like Gecko) Chrome/137.0.0.0 Safari/537.36"
10.46.71.128 - - [02/Jun/2025:08:48:59 +0000] "GET /nifi-api/flow/controller/bulletins HTTP/1.1" 200 109 "http://10.46.67.15:8181/nifi/?processGroupId=7b71d586-0196-1000-837c-7c5442c21299&componentIds=2fc7ed14-0197-1000-72f7-816011f38074" "Mozilla/5.0 (X11; Linux x86_64) AppleWebKit/537.36 (KHTML, like Gecko) Chrome/137.0.0.0 Safari/537.36"
10.46.71.128 - - [02/Jun/2025:08:48:59 +0000] "GET /nifi-api/flow/current-user HTTP/1.1" 200 392 "http://10.46.67.15:8181/nifi/?processGroupId=7b71d586-0196-1000-837c-7c5442c21299&componentIds=2fc7ed14-0197-1000-72f7-816011f38074" "Mozilla/5.0 (X11; Linux x86_64) AppleWebKit/537.36 (KHTML, like Gecko) Chrome/137.0.0.0 Safari/537.36"
10.46.71.128 - - [02/Jun/2025:08:48:59 +0000] "GET /nifi-api/flow/cluster/summary HTTP/1.1" 200 93 "http://10.46.67.15:8181/nifi/?processGroupId=7b71d586-0196-1000-837c-7c5442c21299&componentIds=2fc7ed14-0197-1000-72f7-816011f38074" "Mozilla/5.0 (X11; Linux x86_64) AppleWebKit/537.36 (KHTML, like Gecko) Chrome/137.0.0.0 Safari/537.36"
172.18.0.1 - - [02/Jun/2025:08:49:05 +0000] "PUT /nifi-api/processors/2fc7ed14-0197-1000-72f7-816011f38074 HTTP/1.1" 200 2800 "http://localhost:8181/nifi/?processGroupId=7b71d586-0196-1000-837c-7c5442c21299&componentIds=2fc7ed14-0197-1000-72f7-816011f38074" "Mozilla/5.0 (X11; Linux x86_64) AppleWebKit/537.36 (KHTML, like Gecko) Chrome/137.0.0.0 Safari/537.36"
172.18.0.1 - - [02/Jun/2025:08:49:19 +0000] "GET /nifi-api/process-groups/7b71d586-0196-1000-837c-7c5442c21299 HTTP/1.1" 200 865 "http://localhost:8181/nifi/?processGroupId=7b71d586-0196-1000-837c-7c5442c21299&componentIds=2fc7ed14-0197-1000-72f7-816011f38074" "Mozilla/5.0 (X11; Linux x86_64) AppleWebKit/537.36 (KHTML, like Gecko) Chrome/137.0.0.0 Safari/537.36"
172.18.0.1 - - [02/Jun/2025:08:49:23 +0000] "POST /nifi-api/process-groups/7b71d586-0196-1000-837c-7c5442c21299/connections HTTP/1.1" 201 812 "http://localhost:8181/nifi/?processGroupId=7b71d586-0196-1000-837c-7c5442c21299&componentIds=2fc7ed14-0197-1000-72f7-816011f38074" "Mozilla/5.0 (X11; Linux x86_64) AppleWebKit/537.36 (KHTML, like Gecko) Chrome/137.0.0.0 Safari/537.36"
172.18.0.1 - - [02/Jun/2025:08:49:23 +0000] "GET /nifi-api/processors/2fc7ed14-0197-1000-72f7-816011f38074 HTTP/1.1" 200 2773 "http://localhost:8181/nifi/?processGroupId=7b71d586-0196-1000-837c-7c5442c21299&componentIds=2fc7ed14-0197-1000-72f7-816011f38074" "Mozilla/5.0 (X11; Linux x86_64) AppleWebKit/537.36 (KHTML, like Gecko) Chrome/137.0.0.0 Safari/537.36"
172.18.0.1 - - [02/Jun/2025:08:49:23 +0000] "GET /nifi-api/processors/2faeea1c-0197-1000-3218-e72cb6b6c1fc HTTP/1.1" 200 3206 "http://localhost:8181/nifi/?processGroupId=7b71d586-0196-1000-837c-7c5442c21299&componentIds=2fc7ed14-0197-1000-72f7-816011f38074" "Mozilla/5.0 (X11; Linux x86_64) AppleWebKit/537.36 (KHTML, like Gecko) Chrome/137.0.0.0 Safari/537.36"
172.18.0.1 - - [02/Jun/2025:08:49:29 +0000] "GET /nifi-api/flow/controller/bulletins HTTP/1.1" 200 109 "http://localhost:8181/nifi/?processGroupId=7b71d586-0196-1000-837c-7c5442c21299&componentIds=2fd4c695-0197-1000-5563-030c5e996c52" "Mozilla/5.0 (X11; Linux x86_64) AppleWebKit/537.36 (KHTML, like Gecko) Chrome/137.0.0.0 Safari/537.36"
172.18.0.1 - - [02/Jun/2025:08:49:29 +0000] "GET /nifi-api/flow/status HTTP/1.1" 200 218 "http://localhost:8181/nifi/?processGroupId=7b71d586-0196-1000-837c-7c5442c21299&componentIds=2fd4c695-0197-1000-5563-030c5e996c52" "Mozilla/5.0 (X11; Linux x86_64) AppleWebKit/537.36 (KHTML, like Gecko) Chrome/137.0.0.0 Safari/537.36"
172.18.0.1 - - [02/Jun/2025:08:49:29 +0000] "GET /nifi-api/flow/cluster/summary HTTP/1.1" 200 93 "http://localhost:8181/nifi/?processGroupId=7b71d586-0196-1000-837c-7c5442c21299&componentIds=2fd4c695-0197-1000-5563-030c5e996c52" "Mozilla/5.0 (X11; Linux x86_64) AppleWebKit/537.36 (KHTML, like Gecko) Chrome/137.0.0.0 Safari/537.36"
172.18.0.1 - - [02/Jun/2025:08:49:29 +0000] "GET /nifi-api/flow/current-user HTTP/1.1" 200 392 "http://localhost:8181/nifi/?processGroupId=7b71d586-0196-1000-837c-7c5442c21299&componentIds=2fd4c695-0197-1000-5563-030c5e996c52" "Mozilla/5.0 (X11; Linux x86_64) AppleWebKit/537.36 (KHTML, like Gecko) Chrome/137.0.0.0 Safari/537.36"
172.18.0.1 - - [02/Jun/2025:08:49:29 +0000] "GET /nifi-api/flow/process-groups/7b71d586-0196-1000-837c-7c5442c21299?uiOnly=true HTTP/1.1" 200 5452 "http://localhost:8181/nifi/?processGroupId=7b71d586-0196-1000-837c-7c5442c21299&componentIds=2fd4c695-0197-1000-5563-030c5e996c52" "Mozilla/5.0 (X11; Linux x86_64) AppleWebKit/537.36 (KHTML, like Gecko) Chrome/137.0.0.0 Safari/537.36"
10.46.71.128 - - [02/Jun/2025:08:49:30 +0000] "GET /nifi-api/flow/status HTTP/1.1" 200 218 "http://10.46.67.15:8181/nifi/?processGroupId=7b71d586-0196-1000-837c-7c5442c21299&componentIds=2fc7ed14-0197-1000-72f7-816011f38074" "Mozilla/5.0 (X11; Linux x86_64) AppleWebKit/537.36 (KHTML, like Gecko) Chrome/137.0.0.0 Safari/537.36"
10.46.71.128 - - [02/Jun/2025:08:49:30 +0000] "GET /nifi-api/flow/controller/bulletins HTTP/1.1" 200 109 "http://10.46.67.15:8181/nifi/?processGroupId=7b71d586-0196-1000-837c-7c5442c21299&componentIds=2fc7ed14-0197-1000-72f7-816011f38074" "Mozilla/5.0 (X11; Linux x86_64) AppleWebKit/537.36 (KHTML, like Gecko) Chrome/137.0.0.0 Safari/537.36"
10.46.71.128 - - [02/Jun/2025:08:49:30 +0000] "GET /nifi-api/flow/cluster/summary HTTP/1.1" 200 93 "http://10.46.67.15:8181/nifi/?processGroupId=7b71d586-0196-1000-837c-7c5442c21299&componentIds=2fc7ed14-0197-1000-72f7-816011f38074" "Mozilla/5.0 (X11; Linux x86_64) AppleWebKit/537.36 (KHTML, like Gecko) Chrome/137.0.0.0 Safari/537.36"
10.46.71.128 - - [02/Jun/2025:08:49:30 +0000] "GET /nifi-api/flow/process-groups/7b71d586-0196-1000-837c-7c5442c21299?uiOnly=true HTTP/1.1" 200 5454 "http://10.46.67.15:8181/nifi/?processGroupId=7b71d586-0196-1000-837c-7c5442c21299&componentIds=2fc7ed14-0197-1000-72f7-816011f38074" "Mozilla/5.0 (X11; Linux x86_64) AppleWebKit/537.36 (KHTML, like Gecko) Chrome/137.0.0.0 Safari/537.36"
10.46.71.128 - - [02/Jun/2025:08:49:30 +0000] "GET /nifi-api/flow/current-user HTTP/1.1" 200 392 "http://10.46.67.15:8181/nifi/?processGroupId=7b71d586-0196-1000-837c-7c5442c21299&componentIds=2fc7ed14-0197-1000-72f7-816011f38074" "Mozilla/5.0 (X11; Linux x86_64) AppleWebKit/537.36 (KHTML, like Gecko) Chrome/137.0.0.0 Safari/537.36"
10.46.71.128 - - [02/Jun/2025:08:49:30 +0000] "PUT /nifi-api/processors/2fc7ed14-0197-1000-72f7-816011f38074 HTTP/1.1" 400 144 "http://10.46.67.15:8181/nifi/?processGroupId=7b71d586-0196-1000-837c-7c5442c21299&componentIds=2fc7ed14-0197-1000-72f7-816011f38074" "Mozilla/5.0 (X11; Linux x86_64) AppleWebKit/537.36 (KHTML, like Gecko) Chrome/137.0.0.0 Safari/537.36"
10.46.71.128 - - [02/Jun/2025:08:49:37 +0000] "PUT /nifi-api/processors/2fc7ed14-0197-1000-72f7-816011f38074 HTTP/1.1" 200 2831 "http://10.46.67.15:8181/nifi/?processGroupId=7b71d586-0196-1000-837c-7c5442c21299&componentIds=2fc7ed14-0197-1000-72f7-816011f38074" "Mozilla/5.0 (X11; Linux x86_64) AppleWebKit/537.36 (KHTML, like Gecko) Chrome/137.0.0.0 Safari/537.36"
10.46.71.128 - - [02/Jun/2025:08:49:37 +0000] "GET /nifi-api/connections/2fd4c695-0197-1000-5563-030c5e996c52 HTTP/1.1" 200 799 "http://10.46.67.15:8181/nifi/?processGroupId=7b71d586-0196-1000-837c-7c5442c21299&componentIds=2fc7ed14-0197-1000-72f7-816011f38074" "Mozilla/5.0 (X11; Linux x86_64) AppleWebKit/537.36 (KHTML, like Gecko) Chrome/137.0.0.0 Safari/537.36"
10.46.71.128 - - [02/Jun/2025:08:49:46 +0000] "GET /nifi-api/processors/f7124d0e-0196-1000-c1e4-423889648820 HTTP/1.1" 200 2781 "http://10.46.67.15:8181/nifi/?processGroupId=7b71d586-0196-1000-837c-7c5442c21299&componentIds=f7124d0e-0196-1000-c1e4-423889648820" "Mozilla/5.0 (X11; Linux x86_64) AppleWebKit/537.36 (KHTML, like Gecko) Chrome/137.0.0.0 Safari/537.36"
10.46.71.128 - - [02/Jun/2025:08:49:46 +0000] "GET /nifi-api/flow/history/components/f7124d0e-0196-1000-c1e4-423889648820 HTTP/1.1" 200 99 "http://10.46.67.15:8181/nifi/?processGroupId=7b71d586-0196-1000-837c-7c5442c21299&componentIds=f7124d0e-0196-1000-c1e4-423889648820" "Mozilla/5.0 (X11; Linux x86_64) AppleWebKit/537.36 (KHTML, like Gecko) Chrome/137.0.0.0 Safari/537.36"
172.18.0.1 - - [02/Jun/2025:08:49:59 +0000] "GET /nifi-api/flow/cluster/summary HTTP/1.1" 200 93 "http://localhost:8181/nifi/?processGroupId=7b71d586-0196-1000-837c-7c5442c21299&componentIds=2fd4c695-0197-1000-5563-030c5e996c52" "Mozilla/5.0 (X11; Linux x86_64) AppleWebKit/537.36 (KHTML, like Gecko) Chrome/137.0.0.0 Safari/537.36"
172.18.0.1 - - [02/Jun/2025:08:49:59 +0000] "GET /nifi-api/flow/current-user HTTP/1.1" 200 392 "http://localhost:8181/nifi/?processGroupId=7b71d586-0196-1000-837c-7c5442c21299&componentIds=2fd4c695-0197-1000-5563-030c5e996c52" "Mozilla/5.0 (X11; Linux x86_64) AppleWebKit/537.36 (KHTML, like Gecko) Chrome/137.0.0.0 Safari/537.36"
172.18.0.1 - - [02/Jun/2025:08:49:59 +0000] "GET /nifi-api/flow/status HTTP/1.1" 200 218 "http://localhost:8181/nifi/?processGroupId=7b71d586-0196-1000-837c-7c5442c21299&componentIds=2fd4c695-0197-1000-5563-030c5e996c52" "Mozilla/5.0 (X11; Linux x86_64) AppleWebKit/537.36 (KHTML, like Gecko) Chrome/137.0.0.0 Safari/537.36"
172.18.0.1 - - [02/Jun/2025:08:49:59 +0000] "GET /nifi-api/flow/controller/bulletins HTTP/1.1" 200 109 "http://localhost:8181/nifi/?processGroupId=7b71d586-0196-1000-837c-7c5442c21299&componentIds=2fd4c695-0197-1000-5563-030c5e996c52" "Mozilla/5.0 (X11; Linux x86_64) AppleWebKit/537.36 (KHTML, like Gecko) Chrome/137.0.0.0 Safari/537.36"
172.18.0.1 - - [02/Jun/2025:08:49:59 +0000] "GET /nifi-api/flow/process-groups/7b71d586-0196-1000-837c-7c5442c21299?uiOnly=true HTTP/1.1" 200 5426 "http://localhost:8181/nifi/?processGroupId=7b71d586-0196-1000-837c-7c5442c21299&componentIds=2fd4c695-0197-1000-5563-030c5e996c52" "Mozilla/5.0 (X11; Linux x86_64) AppleWebKit/537.36 (KHTML, like Gecko) Chrome/137.0.0.0 Safari/537.36"
10.46.71.128 - - [02/Jun/2025:08:50:01 +0000] "GET /nifi-api/flow/status HTTP/1.1" 200 218 "http://10.46.67.15:8181/nifi/?processGroupId=7b71d586-0196-1000-837c-7c5442c21299&componentIds=f7124d0e-0196-1000-c1e4-423889648820" "Mozilla/5.0 (X11; Linux x86_64) AppleWebKit/537.36 (KHTML, like Gecko) Chrome/137.0.0.0 Safari/537.36"
10.46.71.128 - - [02/Jun/2025:08:50:01 +0000] "GET /nifi-api/flow/process-groups/7b71d586-0196-1000-837c-7c5442c21299?uiOnly=true HTTP/1.1" 200 5428 "http://10.46.67.15:8181/nifi/?processGroupId=7b71d586-0196-1000-837c-7c5442c21299&componentIds=f7124d0e-0196-1000-c1e4-423889648820" "Mozilla/5.0 (X11; Linux x86_64) AppleWebKit/537.36 (KHTML, like Gecko) Chrome/137.0.0.0 Safari/537.36"
10.46.71.128 - - [02/Jun/2025:08:50:02 +0000] "GET /nifi-api/flow/controller/bulletins HTTP/1.1" 200 109 "http://10.46.67.15:8181/nifi/?processGroupId=7b71d586-0196-1000-837c-7c5442c21299&componentIds=f7124d0e-0196-1000-c1e4-423889648820" "Mozilla/5.0 (X11; Linux x86_64) AppleWebKit/537.36 (KHTML, like Gecko) Chrome/137.0.0.0 Safari/537.36"
10.46.71.128 - - [02/Jun/2025:08:50:02 +0000] "GET /nifi-api/flow/current-user HTTP/1.1" 200 392 "http://10.46.67.15:8181/nifi/?processGroupId=7b71d586-0196-1000-837c-7c5442c21299&componentIds=f7124d0e-0196-1000-c1e4-423889648820" "Mozilla/5.0 (X11; Linux x86_64) AppleWebKit/537.36 (KHTML, like Gecko) Chrome/137.0.0.0 Safari/537.36"
10.46.71.128 - - [02/Jun/2025:08:50:02 +0000] "GET /nifi-api/flow/cluster/summary HTTP/1.1" 200 93 "http://10.46.67.15:8181/nifi/?processGroupId=7b71d586-0196-1000-837c-7c5442c21299&componentIds=f7124d0e-0196-1000-c1e4-423889648820" "Mozilla/5.0 (X11; Linux x86_64) AppleWebKit/537.36 (KHTML, like Gecko) Chrome/137.0.0.0 Safari/537.36"
172.18.0.1 - - [02/Jun/2025:08:50:29 +0000] "GET /nifi-api/flow/current-user HTTP/1.1" 200 392 "http://localhost:8181/nifi/?processGroupId=7b71d586-0196-1000-837c-7c5442c21299&componentIds=2fd4c695-0197-1000-5563-030c5e996c52" "Mozilla/5.0 (X11; Linux x86_64) AppleWebKit/537.36 (KHTML, like Gecko) Chrome/137.0.0.0 Safari/537.36"
172.18.0.1 - - [02/Jun/2025:08:50:29 +0000] "GET /nifi-api/flow/cluster/summary HTTP/1.1" 200 93 "http://localhost:8181/nifi/?processGroupId=7b71d586-0196-1000-837c-7c5442c21299&componentIds=2fd4c695-0197-1000-5563-030c5e996c52" "Mozilla/5.0 (X11; Linux x86_64) AppleWebKit/537.36 (KHTML, like Gecko) Chrome/137.0.0.0 Safari/537.36"
172.18.0.1 - - [02/Jun/2025:08:50:29 +0000] "GET /nifi-api/flow/controller/bulletins HTTP/1.1" 200 109 "http://localhost:8181/nifi/?processGroupId=7b71d586-0196-1000-837c-7c5442c21299&componentIds=2fd4c695-0197-1000-5563-030c5e996c52" "Mozilla/5.0 (X11; Linux x86_64) AppleWebKit/537.36 (KHTML, like Gecko) Chrome/137.0.0.0 Safari/537.36"
172.18.0.1 - - [02/Jun/2025:08:50:29 +0000] "GET /nifi-api/flow/status HTTP/1.1" 200 218 "http://localhost:8181/nifi/?processGroupId=7b71d586-0196-1000-837c-7c5442c21299&componentIds=2fd4c695-0197-1000-5563-030c5e996c52" "Mozilla/5.0 (X11; Linux x86_64) AppleWebKit/537.36 (KHTML, like Gecko) Chrome/137.0.0.0 Safari/537.36"
172.18.0.1 - - [02/Jun/2025:08:50:29 +0000] "GET /nifi-api/flow/process-groups/7b71d586-0196-1000-837c-7c5442c21299?uiOnly=true HTTP/1.1" 200 5425 "http://localhost:8181/nifi/?processGroupId=7b71d586-0196-1000-837c-7c5442c21299&componentIds=2fd4c695-0197-1000-5563-030c5e996c52" "Mozilla/5.0 (X11; Linux x86_64) AppleWebKit/537.36 (KHTML, like Gecko) Chrome/137.0.0.0 Safari/537.36"
10.46.71.128 - - [02/Jun/2025:08:50:33 +0000] "GET /nifi-api/flow/cluster/summary HTTP/1.1" 200 93 "http://10.46.67.15:8181/nifi/?processGroupId=7b71d586-0196-1000-837c-7c5442c21299&componentIds=f7124d0e-0196-1000-c1e4-423889648820" "Mozilla/5.0 (X11; Linux x86_64) AppleWebKit/537.36 (KHTML, like Gecko) Chrome/137.0.0.0 Safari/537.36"
10.46.71.128 - - [02/Jun/2025:08:50:33 +0000] "GET /nifi-api/flow/current-user HTTP/1.1" 200 392 "http://10.46.67.15:8181/nifi/?processGroupId=7b71d586-0196-1000-837c-7c5442c21299&componentIds=f7124d0e-0196-1000-c1e4-423889648820" "Mozilla/5.0 (X11; Linux x86_64) AppleWebKit/537.36 (KHTML, like Gecko) Chrome/137.0.0.0 Safari/537.36"
10.46.71.128 - - [02/Jun/2025:08:50:33 +0000] "GET /nifi-api/flow/controller/bulletins HTTP/1.1" 200 109 "http://10.46.67.15:8181/nifi/?processGroupId=7b71d586-0196-1000-837c-7c5442c21299&componentIds=f7124d0e-0196-1000-c1e4-423889648820" "Mozilla/5.0 (X11; Linux x86_64) AppleWebKit/537.36 (KHTML, like Gecko) Chrome/137.0.0.0 Safari/537.36"
10.46.71.128 - - [02/Jun/2025:08:50:33 +0000] "GET /nifi-api/flow/status HTTP/1.1" 200 218 "http://10.46.67.15:8181/nifi/?processGroupId=7b71d586-0196-1000-837c-7c5442c21299&componentIds=f7124d0e-0196-1000-c1e4-423889648820" "Mozilla/5.0 (X11; Linux x86_64) AppleWebKit/537.36 (KHTML, like Gecko) Chrome/137.0.0.0 Safari/537.36"
10.46.71.128 - - [02/Jun/2025:08:50:33 +0000] "GET /nifi-api/flow/process-groups/7b71d586-0196-1000-837c-7c5442c21299?uiOnly=true HTTP/1.1" 200 5427 "http://10.46.67.15:8181/nifi/?processGroupId=7b71d586-0196-1000-837c-7c5442c21299&componentIds=f7124d0e-0196-1000-c1e4-423889648820" "Mozilla/5.0 (X11; Linux x86_64) AppleWebKit/537.36 (KHTML, like Gecko) Chrome/137.0.0.0 Safari/537.36"
172.18.0.1 - - [02/Jun/2025:08:50:59 +0000] "GET /nifi-api/flow/current-user HTTP/1.1" 200 392 "http://localhost:8181/nifi/?processGroupId=7b71d586-0196-1000-837c-7c5442c21299&componentIds=2fd4c695-0197-1000-5563-030c5e996c52" "Mozilla/5.0 (X11; Linux x86_64) AppleWebKit/537.36 (KHTML, like Gecko) Chrome/137.0.0.0 Safari/537.36"
172.18.0.1 - - [02/Jun/2025:08:50:59 +0000] "GET /nifi-api/flow/status HTTP/1.1" 200 218 "http://localhost:8181/nifi/?processGroupId=7b71d586-0196-1000-837c-7c5442c21299&componentIds=2fd4c695-0197-1000-5563-030c5e996c52" "Mozilla/5.0 (X11; Linux x86_64) AppleWebKit/537.36 (KHTML, like Gecko) Chrome/137.0.0.0 Safari/537.36"
172.18.0.1 - - [02/Jun/2025:08:50:59 +0000] "GET /nifi-api/flow/controller/bulletins HTTP/1.1" 200 109 "http://localhost:8181/nifi/?processGroupId=7b71d586-0196-1000-837c-7c5442c21299&componentIds=2fd4c695-0197-1000-5563-030c5e996c52" "Mozilla/5.0 (X11; Linux x86_64) AppleWebKit/537.36 (KHTML, like Gecko) Chrome/137.0.0.0 Safari/537.36"
172.18.0.1 - - [02/Jun/2025:08:50:59 +0000] "GET /nifi-api/flow/cluster/summary HTTP/1.1" 200 93 "http://localhost:8181/nifi/?processGroupId=7b71d586-0196-1000-837c-7c5442c21299&componentIds=2fd4c695-0197-1000-5563-030c5e996c52" "Mozilla/5.0 (X11; Linux x86_64) AppleWebKit/537.36 (KHTML, like Gecko) Chrome/137.0.0.0 Safari/537.36"
172.18.0.1 - - [02/Jun/2025:08:50:59 +0000] "GET /nifi-api/flow/process-groups/7b71d586-0196-1000-837c-7c5442c21299?uiOnly=true HTTP/1.1" 200 5425 "http://localhost:8181/nifi/?processGroupId=7b71d586-0196-1000-837c-7c5442c21299&componentIds=2fd4c695-0197-1000-5563-030c5e996c52" "Mozilla/5.0 (X11; Linux x86_64) AppleWebKit/537.36 (KHTML, like Gecko) Chrome/137.0.0.0 Safari/537.36"
10.46.71.128 - - [02/Jun/2025:08:51:04 +0000] "GET /nifi-api/flow/status HTTP/1.1" 200 218 "http://10.46.67.15:8181/nifi/?processGroupId=7b71d586-0196-1000-837c-7c5442c21299&componentIds=f7124d0e-0196-1000-c1e4-423889648820" "Mozilla/5.0 (X11; Linux x86_64) AppleWebKit/537.36 (KHTML, like Gecko) Chrome/137.0.0.0 Safari/537.36"
10.46.71.128 - - [02/Jun/2025:08:51:04 +0000] "GET /nifi-api/flow/controller/bulletins HTTP/1.1" 200 109 "http://10.46.67.15:8181/nifi/?processGroupId=7b71d586-0196-1000-837c-7c5442c21299&componentIds=f7124d0e-0196-1000-c1e4-423889648820" "Mozilla/5.0 (X11; Linux x86_64) AppleWebKit/537.36 (KHTML, like Gecko) Chrome/137.0.0.0 Safari/537.36"
10.46.71.128 - - [02/Jun/2025:08:51:04 +0000] "GET /nifi-api/flow/cluster/summary HTTP/1.1" 200 93 "http://10.46.67.15:8181/nifi/?processGroupId=7b71d586-0196-1000-837c-7c5442c21299&componentIds=f7124d0e-0196-1000-c1e4-423889648820" "Mozilla/5.0 (X11; Linux x86_64) AppleWebKit/537.36 (KHTML, like Gecko) Chrome/137.0.0.0 Safari/537.36"
10.46.71.128 - - [02/Jun/2025:08:51:04 +0000] "GET /nifi-api/flow/current-user HTTP/1.1" 200 392 "http://10.46.67.15:8181/nifi/?processGroupId=7b71d586-0196-1000-837c-7c5442c21299&componentIds=f7124d0e-0196-1000-c1e4-423889648820" "Mozilla/5.0 (X11; Linux x86_64) AppleWebKit/537.36 (KHTML, like Gecko) Chrome/137.0.0.0 Safari/537.36"
10.46.71.128 - - [02/Jun/2025:08:51:04 +0000] "GET /nifi-api/flow/process-groups/7b71d586-0196-1000-837c-7c5442c21299?uiOnly=true HTTP/1.1" 200 5427 "http://10.46.67.15:8181/nifi/?processGroupId=7b71d586-0196-1000-837c-7c5442c21299&componentIds=f7124d0e-0196-1000-c1e4-423889648820" "Mozilla/5.0 (X11; Linux x86_64) AppleWebKit/537.36 (KHTML, like Gecko) Chrome/137.0.0.0 Safari/537.36"
172.18.0.1 - - [02/Jun/2025:08:51:29 +0000] "GET /nifi-api/flow/current-user HTTP/1.1" 200 392 "http://localhost:8181/nifi/?processGroupId=7b71d586-0196-1000-837c-7c5442c21299&componentIds=2fd4c695-0197-1000-5563-030c5e996c52" "Mozilla/5.0 (X11; Linux x86_64) AppleWebKit/537.36 (KHTML, like Gecko) Chrome/137.0.0.0 Safari/537.36"
172.18.0.1 - - [02/Jun/2025:08:51:29 +0000] "GET /nifi-api/flow/cluster/summary HTTP/1.1" 200 93 "http://localhost:8181/nifi/?processGroupId=7b71d586-0196-1000-837c-7c5442c21299&componentIds=2fd4c695-0197-1000-5563-030c5e996c52" "Mozilla/5.0 (X11; Linux x86_64) AppleWebKit/537.36 (KHTML, like Gecko) Chrome/137.0.0.0 Safari/537.36"
172.18.0.1 - - [02/Jun/2025:08:51:29 +0000] "GET /nifi-api/flow/controller/bulletins HTTP/1.1" 200 109 "http://localhost:8181/nifi/?processGroupId=7b71d586-0196-1000-837c-7c5442c21299&componentIds=2fd4c695-0197-1000-5563-030c5e996c52" "Mozilla/5.0 (X11; Linux x86_64) AppleWebKit/537.36 (KHTML, like Gecko) Chrome/137.0.0.0 Safari/537.36"
172.18.0.1 - - [02/Jun/2025:08:51:29 +0000] "GET /nifi-api/flow/status HTTP/1.1" 200 218 "http://localhost:8181/nifi/?processGroupId=7b71d586-0196-1000-837c-7c5442c21299&componentIds=2fd4c695-0197-1000-5563-030c5e996c52" "Mozilla/5.0 (X11; Linux x86_64) AppleWebKit/537.36 (KHTML, like Gecko) Chrome/137.0.0.0 Safari/537.36"
172.18.0.1 - - [02/Jun/2025:08:51:29 +0000] "GET /nifi-api/flow/process-groups/7b71d586-0196-1000-837c-7c5442c21299?uiOnly=true HTTP/1.1" 200 5425 "http://localhost:8181/nifi/?processGroupId=7b71d586-0196-1000-837c-7c5442c21299&componentIds=2fd4c695-0197-1000-5563-030c5e996c52" "Mozilla/5.0 (X11; Linux x86_64) AppleWebKit/537.36 (KHTML, like Gecko) Chrome/137.0.0.0 Safari/537.36"
10.46.71.128 - - [02/Jun/2025:08:51:35 +0000] "GET /nifi-api/flow/cluster/summary HTTP/1.1" 200 93 "http://10.46.67.15:8181/nifi/?processGroupId=7b71d586-0196-1000-837c-7c5442c21299&componentIds=f7124d0e-0196-1000-c1e4-423889648820" "Mozilla/5.0 (X11; Linux x86_64) AppleWebKit/537.36 (KHTML, like Gecko) Chrome/137.0.0.0 Safari/537.36"
10.46.71.128 - - [02/Jun/2025:08:51:35 +0000] "GET /nifi-api/flow/current-user HTTP/1.1" 200 392 "http://10.46.67.15:8181/nifi/?processGroupId=7b71d586-0196-1000-837c-7c5442c21299&componentIds=f7124d0e-0196-1000-c1e4-423889648820" "Mozilla/5.0 (X11; Linux x86_64) AppleWebKit/537.36 (KHTML, like Gecko) Chrome/137.0.0.0 Safari/537.36"
10.46.71.128 - - [02/Jun/2025:08:51:35 +0000] "GET /nifi-api/flow/status HTTP/1.1" 200 218 "http://10.46.67.15:8181/nifi/?processGroupId=7b71d586-0196-1000-837c-7c5442c21299&componentIds=f7124d0e-0196-1000-c1e4-423889648820" "Mozilla/5.0 (X11; Linux x86_64) AppleWebKit/537.36 (KHTML, like Gecko) Chrome/137.0.0.0 Safari/537.36"
10.46.71.128 - - [02/Jun/2025:08:51:35 +0000] "GET /nifi-api/flow/controller/bulletins HTTP/1.1" 200 109 "http://10.46.67.15:8181/nifi/?processGroupId=7b71d586-0196-1000-837c-7c5442c21299&componentIds=f7124d0e-0196-1000-c1e4-423889648820" "Mozilla/5.0 (X11; Linux x86_64) AppleWebKit/537.36 (KHTML, like Gecko) Chrome/137.0.0.0 Safari/537.36"
10.46.71.128 - - [02/Jun/2025:08:51:35 +0000] "GET /nifi-api/flow/process-groups/7b71d586-0196-1000-837c-7c5442c21299?uiOnly=true HTTP/1.1" 200 5427 "http://10.46.67.15:8181/nifi/?processGroupId=7b71d586-0196-1000-837c-7c5442c21299&componentIds=f7124d0e-0196-1000-c1e4-423889648820" "Mozilla/5.0 (X11; Linux x86_64) AppleWebKit/537.36 (KHTML, like Gecko) Chrome/137.0.0.0 Safari/537.36"
172.18.0.1 - - [02/Jun/2025:08:51:59 +0000] "GET /nifi-api/flow/cluster/summary HTTP/1.1" 200 93 "http://localhost:8181/nifi/?processGroupId=7b71d586-0196-1000-837c-7c5442c21299&componentIds=2fd4c695-0197-1000-5563-030c5e996c52" "Mozilla/5.0 (X11; Linux x86_64) AppleWebKit/537.36 (KHTML, like Gecko) Chrome/137.0.0.0 Safari/537.36"
172.18.0.1 - - [02/Jun/2025:08:51:59 +0000] "GET /nifi-api/flow/controller/bulletins HTTP/1.1" 200 109 "http://localhost:8181/nifi/?processGroupId=7b71d586-0196-1000-837c-7c5442c21299&componentIds=2fd4c695-0197-1000-5563-030c5e996c52" "Mozilla/5.0 (X11; Linux x86_64) AppleWebKit/537.36 (KHTML, like Gecko) Chrome/137.0.0.0 Safari/537.36"
172.18.0.1 - - [02/Jun/2025:08:51:59 +0000] "GET /nifi-api/flow/current-user HTTP/1.1" 200 392 "http://localhost:8181/nifi/?processGroupId=7b71d586-0196-1000-837c-7c5442c21299&componentIds=2fd4c695-0197-1000-5563-030c5e996c52" "Mozilla/5.0 (X11; Linux x86_64) AppleWebKit/537.36 (KHTML, like Gecko) Chrome/137.0.0.0 Safari/537.36"
172.18.0.1 - - [02/Jun/2025:08:51:59 +0000] "GET /nifi-api/flow/status HTTP/1.1" 200 218 "http://localhost:8181/nifi/?processGroupId=7b71d586-0196-1000-837c-7c5442c21299&componentIds=2fd4c695-0197-1000-5563-030c5e996c52" "Mozilla/5.0 (X11; Linux x86_64) AppleWebKit/537.36 (KHTML, like Gecko) Chrome/137.0.0.0 Safari/537.36"
172.18.0.1 - - [02/Jun/2025:08:51:59 +0000] "GET /nifi-api/flow/process-groups/7b71d586-0196-1000-837c-7c5442c21299?uiOnly=true HTTP/1.1" 200 5425 "http://localhost:8181/nifi/?processGroupId=7b71d586-0196-1000-837c-7c5442c21299&componentIds=2fd4c695-0197-1000-5563-030c5e996c52" "Mozilla/5.0 (X11; Linux x86_64) AppleWebKit/537.36 (KHTML, like Gecko) Chrome/137.0.0.0 Safari/537.36"
10.46.71.128 - - [02/Jun/2025:08:52:06 +0000] "GET /nifi-api/flow/controller/bulletins HTTP/1.1" 200 109 "http://10.46.67.15:8181/nifi/?processGroupId=7b71d586-0196-1000-837c-7c5442c21299&componentIds=f7124d0e-0196-1000-c1e4-423889648820" "Mozilla/5.0 (X11; Linux x86_64) AppleWebKit/537.36 (KHTML, like Gecko) Chrome/137.0.0.0 Safari/537.36"
10.46.71.128 - - [02/Jun/2025:08:52:06 +0000] "GET /nifi-api/flow/current-user HTTP/1.1" 200 392 "http://10.46.67.15:8181/nifi/?processGroupId=7b71d586-0196-1000-837c-7c5442c21299&componentIds=f7124d0e-0196-1000-c1e4-423889648820" "Mozilla/5.0 (X11; Linux x86_64) AppleWebKit/537.36 (KHTML, like Gecko) Chrome/137.0.0.0 Safari/537.36"
10.46.71.128 - - [02/Jun/2025:08:52:06 +0000] "GET /nifi-api/flow/cluster/summary HTTP/1.1" 200 93 "http://10.46.67.15:8181/nifi/?processGroupId=7b71d586-0196-1000-837c-7c5442c21299&componentIds=f7124d0e-0196-1000-c1e4-423889648820" "Mozilla/5.0 (X11; Linux x86_64) AppleWebKit/537.36 (KHTML, like Gecko) Chrome/137.0.0.0 Safari/537.36"
10.46.71.128 - - [02/Jun/2025:08:52:06 +0000] "GET /nifi-api/flow/status HTTP/1.1" 200 218 "http://10.46.67.15:8181/nifi/?processGroupId=7b71d586-0196-1000-837c-7c5442c21299&componentIds=f7124d0e-0196-1000-c1e4-423889648820" "Mozilla/5.0 (X11; Linux x86_64) AppleWebKit/537.36 (KHTML, like Gecko) Chrome/137.0.0.0 Safari/537.36"
10.46.71.128 - - [02/Jun/2025:08:52:06 +0000] "GET /nifi-api/flow/process-groups/7b71d586-0196-1000-837c-7c5442c21299?uiOnly=true HTTP/1.1" 200 5428 "http://10.46.67.15:8181/nifi/?processGroupId=7b71d586-0196-1000-837c-7c5442c21299&componentIds=f7124d0e-0196-1000-c1e4-423889648820" "Mozilla/5.0 (X11; Linux x86_64) AppleWebKit/537.36 (KHTML, like Gecko) Chrome/137.0.0.0 Safari/537.36"
10.46.71.128 - - [02/Jun/2025:08:52:20 +0000] "GET /nifi-api/processors/2fc7ed14-0197-1000-72f7-816011f38074 HTTP/1.1" 200 2815 "http://10.46.67.15:8181/nifi/?processGroupId=7b71d586-0196-1000-837c-7c5442c21299&componentIds=2fc7ed14-0197-1000-72f7-816011f38074" "Mozilla/5.0 (X11; Linux x86_64) AppleWebKit/537.36 (KHTML, like Gecko) Chrome/137.0.0.0 Safari/537.36"
10.46.71.128 - - [02/Jun/2025:08:52:20 +0000] "GET /nifi-api/flow/history/components/2fc7ed14-0197-1000-72f7-816011f38074 HTTP/1.1" 200 294 "http://10.46.67.15:8181/nifi/?processGroupId=7b71d586-0196-1000-837c-7c5442c21299&componentIds=2fc7ed14-0197-1000-72f7-816011f38074" "Mozilla/5.0 (X11; Linux x86_64) AppleWebKit/537.36 (KHTML, like Gecko) Chrome/137.0.0.0 Safari/537.36"
172.18.0.1 - - [02/Jun/2025:08:52:26 +0000] "GET /nifi-api/processors/2fc7ed14-0197-1000-72f7-816011f38074 HTTP/1.1" 200 2811 "http://localhost:8181/nifi/?processGroupId=7b71d586-0196-1000-837c-7c5442c21299&componentIds=2fc7ed14-0197-1000-72f7-816011f38074" "Mozilla/5.0 (X11; Linux x86_64) AppleWebKit/537.36 (KHTML, like Gecko) Chrome/137.0.0.0 Safari/537.36"
172.18.0.1 - - [02/Jun/2025:08:52:26 +0000] "GET /nifi-api/flow/history/components/2fc7ed14-0197-1000-72f7-816011f38074 HTTP/1.1" 200 294 "http://localhost:8181/nifi/?processGroupId=7b71d586-0196-1000-837c-7c5442c21299&componentIds=2fc7ed14-0197-1000-72f7-816011f38074" "Mozilla/5.0 (X11; Linux x86_64) AppleWebKit/537.36 (KHTML, like Gecko) Chrome/137.0.0.0 Safari/537.36"
172.18.0.1 - - [02/Jun/2025:08:52:29 +0000] "GET /nifi-api/flow/status HTTP/1.1" 200 218 "http://localhost:8181/nifi/?processGroupId=7b71d586-0196-1000-837c-7c5442c21299&componentIds=2fc7ed14-0197-1000-72f7-816011f38074" "Mozilla/5.0 (X11; Linux x86_64) AppleWebKit/537.36 (KHTML, like Gecko) Chrome/137.0.0.0 Safari/537.36"
172.18.0.1 - - [02/Jun/2025:08:52:29 +0000] "GET /nifi-api/flow/controller/bulletins HTTP/1.1" 200 109 "http://localhost:8181/nifi/?processGroupId=7b71d586-0196-1000-837c-7c5442c21299&componentIds=2fc7ed14-0197-1000-72f7-816011f38074" "Mozilla/5.0 (X11; Linux x86_64) AppleWebKit/537.36 (KHTML, like Gecko) Chrome/137.0.0.0 Safari/537.36"
172.18.0.1 - - [02/Jun/2025:08:52:29 +0000] "GET /nifi-api/flow/current-user HTTP/1.1" 200 392 "http://localhost:8181/nifi/?processGroupId=7b71d586-0196-1000-837c-7c5442c21299&componentIds=2fc7ed14-0197-1000-72f7-816011f38074" "Mozilla/5.0 (X11; Linux x86_64) AppleWebKit/537.36 (KHTML, like Gecko) Chrome/137.0.0.0 Safari/537.36"
172.18.0.1 - - [02/Jun/2025:08:52:29 +0000] "GET /nifi-api/flow/cluster/summary HTTP/1.1" 200 93 "http://localhost:8181/nifi/?processGroupId=7b71d586-0196-1000-837c-7c5442c21299&componentIds=2fc7ed14-0197-1000-72f7-816011f38074" "Mozilla/5.0 (X11; Linux x86_64) AppleWebKit/537.36 (KHTML, like Gecko) Chrome/137.0.0.0 Safari/537.36"
172.18.0.1 - - [02/Jun/2025:08:52:29 +0000] "GET /nifi-api/flow/process-groups/7b71d586-0196-1000-837c-7c5442c21299?uiOnly=true HTTP/1.1" 200 5425 "http://localhost:8181/nifi/?processGroupId=7b71d586-0196-1000-837c-7c5442c21299&componentIds=2fc7ed14-0197-1000-72f7-816011f38074" "Mozilla/5.0 (X11; Linux x86_64) AppleWebKit/537.36 (KHTML, like Gecko) Chrome/137.0.0.0 Safari/537.36"
172.18.0.1 - - [02/Jun/2025:08:52:32 +0000] "GET /nifi-api/processors/2fc7ed14-0197-1000-72f7-816011f38074 HTTP/1.1" 200 2811 "http://localhost:8181/nifi/?processGroupId=7b71d586-0196-1000-837c-7c5442c21299&componentIds=2fc7ed14-0197-1000-72f7-816011f38074" "Mozilla/5.0 (X11; Linux x86_64) AppleWebKit/537.36 (KHTML, like Gecko) Chrome/137.0.0.0 Safari/537.36"
172.18.0.1 - - [02/Jun/2025:08:52:32 +0000] "GET /nifi-api/flow/history/components/2fc7ed14-0197-1000-72f7-816011f38074 HTTP/1.1" 200 294 "http://localhost:8181/nifi/?processGroupId=7b71d586-0196-1000-837c-7c5442c21299&componentIds=2fc7ed14-0197-1000-72f7-816011f38074" "Mozilla/5.0 (X11; Linux x86_64) AppleWebKit/537.36 (KHTML, like Gecko) Chrome/137.0.0.0 Safari/537.36"
10.46.71.128 - - [02/Jun/2025:08:52:37 +0000] "GET /nifi-api/flow/status HTTP/1.1" 200 218 "http://10.46.67.15:8181/nifi/?processGroupId=7b71d586-0196-1000-837c-7c5442c21299&componentIds=2fc7ed14-0197-1000-72f7-816011f38074" "Mozilla/5.0 (X11; Linux x86_64) AppleWebKit/537.36 (KHTML, like Gecko) Chrome/137.0.0.0 Safari/537.36"
10.46.71.128 - - [02/Jun/2025:08:52:37 +0000] "GET /nifi-api/flow/process-groups/7b71d586-0196-1000-837c-7c5442c21299?uiOnly=true HTTP/1.1" 200 5428 "http://10.46.67.15:8181/nifi/?processGroupId=7b71d586-0196-1000-837c-7c5442c21299&componentIds=2fc7ed14-0197-1000-72f7-816011f38074" "Mozilla/5.0 (X11; Linux x86_64) AppleWebKit/537.36 (KHTML, like Gecko) Chrome/137.0.0.0 Safari/537.36"
