10.46.71.128 - - [02/Jun/2025:08:32:48 +0000] "GET /nifi-api/flow/connections/2fbccea5-0197-1000-4430-c7be5c1370a8/status HTTP/1.1" 200 425 "http://10.46.67.15:8181/nifi/" "Mozilla/5.0 (X11; Linux x86_64) AppleWebKit/537.36 (KHTML, like Gecko) Chrome/137.0.0.0 Safari/537.36"
172.18.0.1 - - [02/Jun/2025:08:32:48 +0000] "GET /nifi-api/flow/cluster/summary HTTP/1.1" 200 93 "http://localhost:8181/nifi/?processGroupId=7b71d586-0196-1000-837c-7c5442c21299&componentIds=2fa634fb-0197-1000-7816-72ddb989a049" "Mozilla/5.0 (X11; Linux x86_64) AppleWebKit/537.36 (KHTML, like Gecko) Chrome/137.0.0.0 Safari/537.36"
172.18.0.1 - - [02/Jun/2025:08:32:48 +0000] "GET /nifi-api/flow/current-user HTTP/1.1" 200 392 "http://localhost:8181/nifi/?processGroupId=7b71d586-0196-1000-837c-7c5442c21299&componentIds=2fa634fb-0197-1000-7816-72ddb989a049" "Mozilla/5.0 (X11; Linux x86_64) AppleWebKit/537.36 (KHTML, like Gecko) Chrome/137.0.0.0 Safari/537.36"
172.18.0.1 - - [02/Jun/2025:08:32:48 +0000] "GET /nifi-api/flow/process-groups/7b71d586-0196-1000-837c-7c5442c21299?uiOnly=true HTTP/1.1" 200 5990 "http://localhost:8181/nifi/?processGroupId=7b71d586-0196-1000-837c-7c5442c21299&componentIds=2fa634fb-0197-1000-7816-72ddb989a049" "Mozilla/5.0 (X11; Linux x86_64) AppleWebKit/537.36 (KHTML, like Gecko) Chrome/137.0.0.0 Safari/537.36"
172.18.0.1 - - [02/Jun/2025:08:32:48 +0000] "GET /nifi-api/flow/controller/bulletins HTTP/1.1" 200 109 "http://localhost:8181/nifi/?processGroupId=7b71d586-0196-1000-837c-7c5442c21299&componentIds=2fa634fb-0197-1000-7816-72ddb989a049" "Mozilla/5.0 (X11; Linux x86_64) AppleWebKit/537.36 (KHTML, like Gecko) Chrome/137.0.0.0 Safari/537.36"
172.18.0.1 - - [02/Jun/2025:08:32:48 +0000] "GET /nifi-api/flow/status HTTP/1.1" 200 218 "http://localhost:8181/nifi/?processGroupId=7b71d586-0196-1000-837c-7c5442c21299&componentIds=2fa634fb-0197-1000-7816-72ddb989a049" "Mozilla/5.0 (X11; Linux x86_64) AppleWebKit/537.36 (KHTML, like Gecko) Chrome/137.0.0.0 Safari/537.36"
10.46.71.128 - - [02/Jun/2025:08:32:55 +0000] "POST /nifi-api/flowfile-queues/2fae95cd-0197-1000-c02f-9f54f6fb7605/drop-requests HTTP/1.1" 202 346 "http://10.46.67.15:8181/nifi/?processGroupId=7b71d586-0196-1000-837c-7c5442c21299&componentIds=2fae95cd-0197-1000-c02f-9f54f6fb7605" "Mozilla/5.0 (X11; Linux x86_64) AppleWebKit/537.36 (KHTML, like Gecko) Chrome/137.0.0.0 Safari/537.36"
10.46.71.128 - - [02/Jun/2025:08:32:57 +0000] "GET /nifi-api/flowfile-queues/2fae95cd-0197-1000-c02f-9f54f6fb7605/drop-requests/2fc5b5de-0197-1000-db9f-e993f320491e HTTP/1.1" 200 326 "http://10.46.67.15:8181/nifi/" "Mozilla/5.0 (X11; Linux x86_64) AppleWebKit/537.36 (KHTML, like Gecko) Chrome/137.0.0.0 Safari/537.36"
10.46.71.128 - - [02/Jun/2025:08:32:57 +0000] "GET /nifi-api/flow/connections/2fae95cd-0197-1000-c02f-9f54f6fb7605/status HTTP/1.1" 200 429 "http://10.46.67.15:8181/nifi/" "Mozilla/5.0 (X11; Linux x86_64) AppleWebKit/537.36 (KHTML, like Gecko) Chrome/137.0.0.0 Safari/537.36"
10.46.71.128 - - [02/Jun/2025:08:32:57 +0000] "DELETE /nifi-api/flowfile-queues/2fae95cd-0197-1000-c02f-9f54f6fb7605/drop-requests/2fc5b5de-0197-1000-db9f-e993f320491e HTTP/1.1" 200 326 "http://10.46.67.15:8181/nifi/" "Mozilla/5.0 (X11; Linux x86_64) AppleWebKit/537.36 (KHTML, like Gecko) Chrome/137.0.0.0 Safari/537.36"
10.46.71.128 - - [02/Jun/2025:08:33:06 +0000] "GET /nifi-api/flow/process-groups/7b71d586-0196-1000-837c-7c5442c21299?uiOnly=true HTTP/1.1" 200 5946 "http://10.46.67.15:8181/nifi/" "Mozilla/5.0 (X11; Linux x86_64) AppleWebKit/537.36 (KHTML, like Gecko) Chrome/137.0.0.0 Safari/537.36"
10.46.71.128 - - [02/Jun/2025:08:33:06 +0000] "PUT /nifi-api/processors/01971008-8f8c-16b0-8156-0131b18621e8/run-status HTTP/1.1" 200 2700 "http://10.46.67.15:8181/nifi/?processGroupId=7b71d586-0196-1000-837c-7c5442c21299&componentIds=01971008-8f8c-16b0-8156-0131b18621e8" "Mozilla/5.0 (X11; Linux x86_64) AppleWebKit/537.36 (KHTML, like Gecko) Chrome/137.0.0.0 Safari/537.36"
10.46.71.128 - - [02/Jun/2025:08:33:06 +0000] "GET /nifi-api/flow/cluster/summary HTTP/1.1" 200 93 "http://10.46.67.15:8181/nifi/" "Mozilla/5.0 (X11; Linux x86_64) AppleWebKit/537.36 (KHTML, like Gecko) Chrome/137.0.0.0 Safari/537.36"
10.46.71.128 - - [02/Jun/2025:08:33:06 +0000] "GET /nifi-api/flow/status HTTP/1.1" 200 205 "http://10.46.67.15:8181/nifi/" "Mozilla/5.0 (X11; Linux x86_64) AppleWebKit/537.36 (KHTML, like Gecko) Chrome/137.0.0.0 Safari/537.36"
10.46.71.128 - - [02/Jun/2025:08:33:06 +0000] "GET /nifi-api/flow/controller/bulletins HTTP/1.1" 200 109 "http://10.46.67.15:8181/nifi/" "Mozilla/5.0 (X11; Linux x86_64) AppleWebKit/537.36 (KHTML, like Gecko) Chrome/137.0.0.0 Safari/537.36"
10.46.71.128 - - [02/Jun/2025:08:33:06 +0000] "GET /nifi-api/flow/current-user HTTP/1.1" 200 392 "http://10.46.67.15:8181/nifi/" "Mozilla/5.0 (X11; Linux x86_64) AppleWebKit/537.36 (KHTML, like Gecko) Chrome/137.0.0.0 Safari/537.36"
172.18.0.1 - - [02/Jun/2025:08:33:19 +0000] "GET /nifi-api/flow/controller/bulletins HTTP/1.1" 200 109 "http://localhost:8181/nifi/?processGroupId=7b71d586-0196-1000-837c-7c5442c21299&componentIds=2fa634fb-0197-1000-7816-72ddb989a049" "Mozilla/5.0 (X11; Linux x86_64) AppleWebKit/537.36 (KHTML, like Gecko) Chrome/137.0.0.0 Safari/537.36"
172.18.0.1 - - [02/Jun/2025:08:33:19 +0000] "GET /nifi-api/flow/cluster/summary HTTP/1.1" 200 93 "http://localhost:8181/nifi/?processGroupId=7b71d586-0196-1000-837c-7c5442c21299&componentIds=2fa634fb-0197-1000-7816-72ddb989a049" "Mozilla/5.0 (X11; Linux x86_64) AppleWebKit/537.36 (KHTML, like Gecko) Chrome/137.0.0.0 Safari/537.36"
172.18.0.1 - - [02/Jun/2025:08:33:19 +0000] "GET /nifi-api/flow/current-user HTTP/1.1" 200 392 "http://localhost:8181/nifi/?processGroupId=7b71d586-0196-1000-837c-7c5442c21299&componentIds=2fa634fb-0197-1000-7816-72ddb989a049" "Mozilla/5.0 (X11; Linux x86_64) AppleWebKit/537.36 (KHTML, like Gecko) Chrome/137.0.0.0 Safari/537.36"
172.18.0.1 - - [02/Jun/2025:08:33:19 +0000] "GET /nifi-api/flow/status HTTP/1.1" 200 216 "http://localhost:8181/nifi/?processGroupId=7b71d586-0196-1000-837c-7c5442c21299&componentIds=2fa634fb-0197-1000-7816-72ddb989a049" "Mozilla/5.0 (X11; Linux x86_64) AppleWebKit/537.36 (KHTML, like Gecko) Chrome/137.0.0.0 Safari/537.36"
172.18.0.1 - - [02/Jun/2025:08:33:19 +0000] "GET /nifi-api/flow/process-groups/7b71d586-0196-1000-837c-7c5442c21299?uiOnly=true HTTP/1.1" 200 6313 "http://localhost:8181/nifi/?processGroupId=7b71d586-0196-1000-837c-7c5442c21299&componentIds=2fa634fb-0197-1000-7816-72ddb989a049" "Mozilla/5.0 (X11; Linux x86_64) AppleWebKit/537.36 (KHTML, like Gecko) Chrome/137.0.0.0 Safari/537.36"
10.46.71.128 - - [02/Jun/2025:08:33:26 +0000] "POST /nifi-api/flowfile-queues/2fbccea5-0197-1000-4430-c7be5c1370a8/listing-requests HTTP/1.1" 202 329 "http://10.46.67.15:8181/nifi/?processGroupId=7b71d586-0196-1000-837c-7c5442c21299&componentIds=2fbccea5-0197-1000-4430-c7be5c1370a8" "Mozilla/5.0 (X11; Linux x86_64) AppleWebKit/537.36 (KHTML, like Gecko) Chrome/137.0.0.0 Safari/537.36"
10.46.71.128 - - [02/Jun/2025:08:33:27 +0000] "GET /nifi-api/flowfile-queues/2fbccea5-0197-1000-4430-c7be5c1370a8/listing-requests/2fc62d2b-0197-1000-3866-0997f1709e88 HTTP/1.1" 200 4651 "http://10.46.67.15:8181/nifi/" "Mozilla/5.0 (X11; Linux x86_64) AppleWebKit/537.36 (KHTML, like Gecko) Chrome/137.0.0.0 Safari/537.36"
10.46.71.128 - - [02/Jun/2025:08:33:27 +0000] "DELETE /nifi-api/flowfile-queues/2fbccea5-0197-1000-4430-c7be5c1370a8/listing-requests/2fc62d2b-0197-1000-3866-0997f1709e88 HTTP/1.1" 200 310 "http://10.46.67.15:8181/nifi/" "Mozilla/5.0 (X11; Linux x86_64) AppleWebKit/537.36 (KHTML, like Gecko) Chrome/137.0.0.0 Safari/537.36"
10.46.71.128 - - [02/Jun/2025:08:33:30 +0000] "GET /nifi-api/flowfile-queues/2fbccea5-0197-1000-4430-c7be5c1370a8/flowfiles/47eb4ba2-107d-436e-a50c-07f23ad27ca5 HTTP/1.1" 200 415 "http://10.46.67.15:8181/nifi/" "Mozilla/5.0 (X11; Linux x86_64) AppleWebKit/537.36 (KHTML, like Gecko) Chrome/137.0.0.0 Safari/537.36"
10.46.71.128 - - [02/Jun/2025:08:33:33 +0000] "GET /nifi-content-viewer/?ref=http%3A%2F%2F10.46.67.15%3A8181%2Fnifi-api%2Fflowfile-queues%2F2fbccea5-0197-1000-4430-c7be5c1370a8%2Fflowfiles%2F47eb4ba2-107d-436e-a50c-07f23ad27ca5%2Fcontent HTTP/1.1" 200 1863 "http://10.46.67.15:8181/nifi/" "Mozilla/5.0 (X11; Linux x86_64) AppleWebKit/537.36 (KHTML, like Gecko) Chrome/137.0.0.0 Safari/537.36"
10.46.71.128 - - [02/Jun/2025:08:33:37 +0000] "GET /nifi-api/flow/process-groups/7b71d586-0196-1000-837c-7c5442c21299?uiOnly=true HTTP/1.1" 200 6126 "http://10.46.67.15:8181/nifi/" "Mozilla/5.0 (X11; Linux x86_64) AppleWebKit/537.36 (KHTML, like Gecko) Chrome/137.0.0.0 Safari/537.36"
10.46.71.128 - - [02/Jun/2025:08:33:37 +0000] "GET /nifi-api/flow/status HTTP/1.1" 200 219 "http://10.46.67.15:8181/nifi/" "Mozilla/5.0 (X11; Linux x86_64) AppleWebKit/537.36 (KHTML, like Gecko) Chrome/137.0.0.0 Safari/537.36"
10.46.71.128 - - [02/Jun/2025:08:33:37 +0000] "GET /nifi-api/flow/current-user HTTP/1.1" 200 392 "http://10.46.67.15:8181/nifi/" "Mozilla/5.0 (X11; Linux x86_64) AppleWebKit/537.36 (KHTML, like Gecko) Chrome/137.0.0.0 Safari/537.36"
10.46.71.128 - - [02/Jun/2025:08:33:37 +0000] "GET /nifi-api/flow/controller/bulletins HTTP/1.1" 200 109 "http://10.46.67.15:8181/nifi/" "Mozilla/5.0 (X11; Linux x86_64) AppleWebKit/537.36 (KHTML, like Gecko) Chrome/137.0.0.0 Safari/537.36"
10.46.71.128 - - [02/Jun/2025:08:33:37 +0000] "GET /nifi-api/flow/cluster/summary HTTP/1.1" 200 93 "http://10.46.67.15:8181/nifi/" "Mozilla/5.0 (X11; Linux x86_64) AppleWebKit/537.36 (KHTML, like Gecko) Chrome/137.0.0.0 Safari/537.36"
10.46.71.128 - - [02/Jun/2025:08:33:49 +0000] "PUT /nifi-api/processors/2faeea1c-0197-1000-3218-e72cb6b6c1fc/run-status HTTP/1.1" 200 3091 "http://10.46.67.15:8181/nifi/?processGroupId=7b71d586-0196-1000-837c-7c5442c21299&componentIds=2faeea1c-0197-1000-3218-e72cb6b6c1fc" "Mozilla/5.0 (X11; Linux x86_64) AppleWebKit/537.36 (KHTML, like Gecko) Chrome/137.0.0.0 Safari/537.36"
172.18.0.1 - - [02/Jun/2025:08:33:50 +0000] "GET /nifi-api/flow/cluster/summary HTTP/1.1" 200 93 "http://localhost:8181/nifi/?processGroupId=7b71d586-0196-1000-837c-7c5442c21299&componentIds=2fa634fb-0197-1000-7816-72ddb989a049" "Mozilla/5.0 (X11; Linux x86_64) AppleWebKit/537.36 (KHTML, like Gecko) Chrome/137.0.0.0 Safari/537.36"
172.18.0.1 - - [02/Jun/2025:08:33:50 +0000] "GET /nifi-api/flow/status HTTP/1.1" 200 219 "http://localhost:8181/nifi/?processGroupId=7b71d586-0196-1000-837c-7c5442c21299&componentIds=2fa634fb-0197-1000-7816-72ddb989a049" "Mozilla/5.0 (X11; Linux x86_64) AppleWebKit/537.36 (KHTML, like Gecko) Chrome/137.0.0.0 Safari/537.36"
172.18.0.1 - - [02/Jun/2025:08:33:50 +0000] "GET /nifi-api/flow/current-user HTTP/1.1" 200 392 "http://localhost:8181/nifi/?processGroupId=7b71d586-0196-1000-837c-7c5442c21299&componentIds=2fa634fb-0197-1000-7816-72ddb989a049" "Mozilla/5.0 (X11; Linux x86_64) AppleWebKit/537.36 (KHTML, like Gecko) Chrome/137.0.0.0 Safari/537.36"
172.18.0.1 - - [02/Jun/2025:08:33:50 +0000] "GET /nifi-api/flow/controller/bulletins HTTP/1.1" 200 109 "http://localhost:8181/nifi/?processGroupId=7b71d586-0196-1000-837c-7c5442c21299&componentIds=2fa634fb-0197-1000-7816-72ddb989a049" "Mozilla/5.0 (X11; Linux x86_64) AppleWebKit/537.36 (KHTML, like Gecko) Chrome/137.0.0.0 Safari/537.36"
172.18.0.1 - - [02/Jun/2025:08:33:50 +0000] "GET /nifi-api/flow/process-groups/7b71d586-0196-1000-837c-7c5442c21299?uiOnly=true HTTP/1.1" 200 6204 "http://localhost:8181/nifi/?processGroupId=7b71d586-0196-1000-837c-7c5442c21299&componentIds=2fa634fb-0197-1000-7816-72ddb989a049" "Mozilla/5.0 (X11; Linux x86_64) AppleWebKit/537.36 (KHTML, like Gecko) Chrome/137.0.0.0 Safari/537.36"
10.46.71.128 - - [02/Jun/2025:08:33:57 +0000] "POST /nifi-api/flowfile-queues/2fc13934-0197-1000-8630-aae9c6d11205/listing-requests HTTP/1.1" 202 328 "http://10.46.67.15:8181/nifi/?processGroupId=7b71d586-0196-1000-837c-7c5442c21299&componentIds=2fc13934-0197-1000-8630-aae9c6d11205" "Mozilla/5.0 (X11; Linux x86_64) AppleWebKit/537.36 (KHTML, like Gecko) Chrome/137.0.0.0 Safari/537.36"
10.46.71.128 - - [02/Jun/2025:08:33:59 +0000] "GET /nifi-api/flowfile-queues/2fc13934-0197-1000-8630-aae9c6d11205/listing-requests/2fc6a779-0197-1000-5e7a-25c828756e9c HTTP/1.1" 200 4325 "http://10.46.67.15:8181/nifi/" "Mozilla/5.0 (X11; Linux x86_64) AppleWebKit/537.36 (KHTML, like Gecko) Chrome/137.0.0.0 Safari/537.36"
10.46.71.128 - - [02/Jun/2025:08:33:59 +0000] "DELETE /nifi-api/flowfile-queues/2fc13934-0197-1000-8630-aae9c6d11205/listing-requests/2fc6a779-0197-1000-5e7a-25c828756e9c HTTP/1.1" 200 312 "http://10.46.67.15:8181/nifi/" "Mozilla/5.0 (X11; Linux x86_64) AppleWebKit/537.36 (KHTML, like Gecko) Chrome/137.0.0.0 Safari/537.36"
10.46.71.128 - - [02/Jun/2025:08:34:01 +0000] "GET /nifi-content-viewer/?ref=http%3A%2F%2F10.46.67.15%3A8181%2Fnifi-api%2Fflowfile-queues%2F2fc13934-0197-1000-8630-aae9c6d11205%2Fflowfiles%2F47eb4ba2-107d-436e-a50c-07f23ad27ca5%2Fcontent HTTP/1.1" 200 1863 "http://10.46.67.15:8181/nifi/" "Mozilla/5.0 (X11; Linux x86_64) AppleWebKit/537.36 (KHTML, like Gecko) Chrome/137.0.0.0 Safari/537.36"
10.46.71.128 - - [02/Jun/2025:08:34:08 +0000] "GET /nifi-api/flow/process-groups/7b71d586-0196-1000-837c-7c5442c21299?uiOnly=true HTTP/1.1" 200 6206 "http://10.46.67.15:8181/nifi/" "Mozilla/5.0 (X11; Linux x86_64) AppleWebKit/537.36 (KHTML, like Gecko) Chrome/137.0.0.0 Safari/537.36"
10.46.71.128 - - [02/Jun/2025:08:34:08 +0000] "GET /nifi-api/flow/controller/bulletins HTTP/1.1" 200 109 "http://10.46.67.15:8181/nifi/" "Mozilla/5.0 (X11; Linux x86_64) AppleWebKit/537.36 (KHTML, like Gecko) Chrome/137.0.0.0 Safari/537.36"
10.46.71.128 - - [02/Jun/2025:08:34:08 +0000] "GET /nifi-api/flow/cluster/summary HTTP/1.1" 200 93 "http://10.46.67.15:8181/nifi/" "Mozilla/5.0 (X11; Linux x86_64) AppleWebKit/537.36 (KHTML, like Gecko) Chrome/137.0.0.0 Safari/537.36"
10.46.71.128 - - [02/Jun/2025:08:34:08 +0000] "GET /nifi-api/flow/current-user HTTP/1.1" 200 392 "http://10.46.67.15:8181/nifi/" "Mozilla/5.0 (X11; Linux x86_64) AppleWebKit/537.36 (KHTML, like Gecko) Chrome/137.0.0.0 Safari/537.36"
10.46.71.128 - - [02/Jun/2025:08:34:08 +0000] "GET /nifi-api/flow/status HTTP/1.1" 200 219 "http://10.46.67.15:8181/nifi/" "Mozilla/5.0 (X11; Linux x86_64) AppleWebKit/537.36 (KHTML, like Gecko) Chrome/137.0.0.0 Safari/537.36"
10.46.71.128 - - [02/Jun/2025:08:34:09 +0000] "GET /nifi-api/processors/2fa634fb-0197-1000-7816-72ddb989a049 HTTP/1.1" 200 1673 "http://10.46.67.15:8181/nifi/?processGroupId=7b71d586-0196-1000-837c-7c5442c21299&componentIds=2fa634fb-0197-1000-7816-72ddb989a049" "Mozilla/5.0 (X11; Linux x86_64) AppleWebKit/537.36 (KHTML, like Gecko) Chrome/137.0.0.0 Safari/537.36"
10.46.71.128 - - [02/Jun/2025:08:34:09 +0000] "GET /nifi-api/flow/history/components/2fa634fb-0197-1000-7816-72ddb989a049 HTTP/1.1" 200 233 "http://10.46.67.15:8181/nifi/?processGroupId=7b71d586-0196-1000-837c-7c5442c21299&componentIds=2fa634fb-0197-1000-7816-72ddb989a049" "Mozilla/5.0 (X11; Linux x86_64) AppleWebKit/537.36 (KHTML, like Gecko) Chrome/137.0.0.0 Safari/537.36"
172.18.0.1 - - [02/Jun/2025:08:34:21 +0000] "GET /nifi-api/flow/controller/bulletins HTTP/1.1" 200 109 "http://localhost:8181/nifi/?processGroupId=7b71d586-0196-1000-837c-7c5442c21299&componentIds=2fa634fb-0197-1000-7816-72ddb989a049" "Mozilla/5.0 (X11; Linux x86_64) AppleWebKit/537.36 (KHTML, like Gecko) Chrome/137.0.0.0 Safari/537.36"
172.18.0.1 - - [02/Jun/2025:08:34:21 +0000] "GET /nifi-api/flow/cluster/summary HTTP/1.1" 200 93 "http://localhost:8181/nifi/?processGroupId=7b71d586-0196-1000-837c-7c5442c21299&componentIds=2fa634fb-0197-1000-7816-72ddb989a049" "Mozilla/5.0 (X11; Linux x86_64) AppleWebKit/537.36 (KHTML, like Gecko) Chrome/137.0.0.0 Safari/537.36"
172.18.0.1 - - [02/Jun/2025:08:34:21 +0000] "GET /nifi-api/flow/current-user HTTP/1.1" 200 392 "http://localhost:8181/nifi/?processGroupId=7b71d586-0196-1000-837c-7c5442c21299&componentIds=2fa634fb-0197-1000-7816-72ddb989a049" "Mozilla/5.0 (X11; Linux x86_64) AppleWebKit/537.36 (KHTML, like Gecko) Chrome/137.0.0.0 Safari/537.36"
172.18.0.1 - - [02/Jun/2025:08:34:21 +0000] "GET /nifi-api/flow/status HTTP/1.1" 200 219 "http://localhost:8181/nifi/?processGroupId=7b71d586-0196-1000-837c-7c5442c21299&componentIds=2fa634fb-0197-1000-7816-72ddb989a049" "Mozilla/5.0 (X11; Linux x86_64) AppleWebKit/537.36 (KHTML, like Gecko) Chrome/137.0.0.0 Safari/537.36"
172.18.0.1 - - [02/Jun/2025:08:34:21 +0000] "GET /nifi-api/flow/process-groups/7b71d586-0196-1000-837c-7c5442c21299?uiOnly=true HTTP/1.1" 200 6204 "http://localhost:8181/nifi/?processGroupId=7b71d586-0196-1000-837c-7c5442c21299&componentIds=2fa634fb-0197-1000-7816-72ddb989a049" "Mozilla/5.0 (X11; Linux x86_64) AppleWebKit/537.36 (KHTML, like Gecko) Chrome/137.0.0.0 Safari/537.36"
10.46.71.128 - - [02/Jun/2025:08:34:22 +0000] "GET /nifi-api/flow/history/components/f7124d0e-0196-1000-c1e4-423889648820 HTTP/1.1" 200 99 "http://10.46.67.15:8181/nifi/?processGroupId=7b71d586-0196-1000-837c-7c5442c21299&componentIds=f7124d0e-0196-1000-c1e4-423889648820" "Mozilla/5.0 (X11; Linux x86_64) AppleWebKit/537.36 (KHTML, like Gecko) Chrome/137.0.0.0 Safari/537.36"
10.46.71.128 - - [02/Jun/2025:08:34:22 +0000] "GET /nifi-api/processors/f7124d0e-0196-1000-c1e4-423889648820 HTTP/1.1" 200 2781 "http://10.46.67.15:8181/nifi/?processGroupId=7b71d586-0196-1000-837c-7c5442c21299&componentIds=f7124d0e-0196-1000-c1e4-423889648820" "Mozilla/5.0 (X11; Linux x86_64) AppleWebKit/537.36 (KHTML, like Gecko) Chrome/137.0.0.0 Safari/537.36"
10.46.71.128 - - [02/Jun/2025:08:34:38 +0000] "PUT /nifi-api/processors/2faeea1c-0197-1000-3218-e72cb6b6c1fc/run-status HTTP/1.1" 200 3194 "http://10.46.67.15:8181/nifi/?processGroupId=7b71d586-0196-1000-837c-7c5442c21299&componentIds=2faeea1c-0197-1000-3218-e72cb6b6c1fc" "Mozilla/5.0 (X11; Linux x86_64) AppleWebKit/537.36 (KHTML, like Gecko) Chrome/137.0.0.0 Safari/537.36"
10.46.71.128 - - [02/Jun/2025:08:34:39 +0000] "GET /nifi-api/flow/current-user HTTP/1.1" 200 392 "http://10.46.67.15:8181/nifi/?processGroupId=7b71d586-0196-1000-837c-7c5442c21299&componentIds=2faeea1c-0197-1000-3218-e72cb6b6c1fc" "Mozilla/5.0 (X11; Linux x86_64) AppleWebKit/537.36 (KHTML, like Gecko) Chrome/137.0.0.0 Safari/537.36"
10.46.71.128 - - [02/Jun/2025:08:34:39 +0000] "GET /nifi-api/flow/status HTTP/1.1" 200 218 "http://10.46.67.15:8181/nifi/?processGroupId=7b71d586-0196-1000-837c-7c5442c21299&componentIds=2faeea1c-0197-1000-3218-e72cb6b6c1fc" "Mozilla/5.0 (X11; Linux x86_64) AppleWebKit/537.36 (KHTML, like Gecko) Chrome/137.0.0.0 Safari/537.36"
10.46.71.128 - - [02/Jun/2025:08:34:39 +0000] "GET /nifi-api/flow/process-groups/7b71d586-0196-1000-837c-7c5442c21299?uiOnly=true HTTP/1.1" 200 6219 "http://10.46.67.15:8181/nifi/?processGroupId=7b71d586-0196-1000-837c-7c5442c21299&componentIds=2faeea1c-0197-1000-3218-e72cb6b6c1fc" "Mozilla/5.0 (X11; Linux x86_64) AppleWebKit/537.36 (KHTML, like Gecko) Chrome/137.0.0.0 Safari/537.36"
10.46.71.128 - - [02/Jun/2025:08:34:39 +0000] "GET /nifi-api/flow/cluster/summary HTTP/1.1" 200 93 "http://10.46.67.15:8181/nifi/?processGroupId=7b71d586-0196-1000-837c-7c5442c21299&componentIds=2faeea1c-0197-1000-3218-e72cb6b6c1fc" "Mozilla/5.0 (X11; Linux x86_64) AppleWebKit/537.36 (KHTML, like Gecko) Chrome/137.0.0.0 Safari/537.36"
10.46.71.128 - - [02/Jun/2025:08:34:39 +0000] "GET /nifi-api/flow/controller/bulletins HTTP/1.1" 200 109 "http://10.46.67.15:8181/nifi/?processGroupId=7b71d586-0196-1000-837c-7c5442c21299&componentIds=2faeea1c-0197-1000-3218-e72cb6b6c1fc" "Mozilla/5.0 (X11; Linux x86_64) AppleWebKit/537.36 (KHTML, like Gecko) Chrome/137.0.0.0 Safari/537.36"
10.46.71.128 - - [02/Jun/2025:08:34:41 +0000] "PUT /nifi-api/processors/2faeea1c-0197-1000-3218-e72cb6b6c1fc HTTP/1.1" 200 3191 "http://10.46.67.15:8181/nifi/?processGroupId=7b71d586-0196-1000-837c-7c5442c21299&componentIds=2faeea1c-0197-1000-3218-e72cb6b6c1fc" "Mozilla/5.0 (X11; Linux x86_64) AppleWebKit/537.36 (KHTML, like Gecko) Chrome/137.0.0.0 Safari/537.36"
172.18.0.1 - - [02/Jun/2025:08:34:52 +0000] "GET /nifi-api/flow/cluster/summary HTTP/1.1" 200 93 "http://localhost:8181/nifi/?processGroupId=7b71d586-0196-1000-837c-7c5442c21299&componentIds=2fa634fb-0197-1000-7816-72ddb989a049" "Mozilla/5.0 (X11; Linux x86_64) AppleWebKit/537.36 (KHTML, like Gecko) Chrome/137.0.0.0 Safari/537.36"
172.18.0.1 - - [02/Jun/2025:08:34:52 +0000] "GET /nifi-api/flow/status HTTP/1.1" 200 218 "http://localhost:8181/nifi/?processGroupId=7b71d586-0196-1000-837c-7c5442c21299&componentIds=2fa634fb-0197-1000-7816-72ddb989a049" "Mozilla/5.0 (X11; Linux x86_64) AppleWebKit/537.36 (KHTML, like Gecko) Chrome/137.0.0.0 Safari/537.36"
172.18.0.1 - - [02/Jun/2025:08:34:52 +0000] "GET /nifi-api/flow/controller/bulletins HTTP/1.1" 200 109 "http://localhost:8181/nifi/?processGroupId=7b71d586-0196-1000-837c-7c5442c21299&componentIds=2fa634fb-0197-1000-7816-72ddb989a049" "Mozilla/5.0 (X11; Linux x86_64) AppleWebKit/537.36 (KHTML, like Gecko) Chrome/137.0.0.0 Safari/537.36"
172.18.0.1 - - [02/Jun/2025:08:34:52 +0000] "GET /nifi-api/flow/current-user HTTP/1.1" 200 392 "http://localhost:8181/nifi/?processGroupId=7b71d586-0196-1000-837c-7c5442c21299&componentIds=2fa634fb-0197-1000-7816-72ddb989a049" "Mozilla/5.0 (X11; Linux x86_64) AppleWebKit/537.36 (KHTML, like Gecko) Chrome/137.0.0.0 Safari/537.36"
172.18.0.1 - - [02/Jun/2025:08:34:52 +0000] "GET /nifi-api/flow/process-groups/7b71d586-0196-1000-837c-7c5442c21299?uiOnly=true HTTP/1.1" 200 6218 "http://localhost:8181/nifi/?processGroupId=7b71d586-0196-1000-837c-7c5442c21299&componentIds=2fa634fb-0197-1000-7816-72ddb989a049" "Mozilla/5.0 (X11; Linux x86_64) AppleWebKit/537.36 (KHTML, like Gecko) Chrome/137.0.0.0 Safari/537.36"
10.46.71.128 - - [02/Jun/2025:08:34:58 +0000] "PUT /nifi-api/processors/2fa634fb-0197-1000-7816-72ddb989a049/run-status HTTP/1.1" 200 1691 "http://10.46.67.15:8181/nifi/?processGroupId=7b71d586-0196-1000-837c-7c5442c21299&componentIds=2fa634fb-0197-1000-7816-72ddb989a049" "Mozilla/5.0 (X11; Linux x86_64) AppleWebKit/537.36 (KHTML, like Gecko) Chrome/137.0.0.0 Safari/537.36"
10.46.71.128 - - [02/Jun/2025:08:35:05 +0000] "PUT /nifi-api/processors/2fa634fb-0197-1000-7816-72ddb989a049/run-status HTTP/1.1" 200 1691 "http://10.46.67.15:8181/nifi/?processGroupId=7b71d586-0196-1000-837c-7c5442c21299&componentIds=2fa634fb-0197-1000-7816-72ddb989a049" "Mozilla/5.0 (X11; Linux x86_64) AppleWebKit/537.36 (KHTML, like Gecko) Chrome/137.0.0.0 Safari/537.36"
10.46.71.128 - - [02/Jun/2025:08:35:09 +0000] "GET /nifi-api/flow/status HTTP/1.1" 200 218 "http://10.46.67.15:8181/nifi/?processGroupId=7b71d586-0196-1000-837c-7c5442c21299&componentIds=2fbccea5-0197-1000-4430-c7be5c1370a8" "Mozilla/5.0 (X11; Linux x86_64) AppleWebKit/537.36 (KHTML, like Gecko) Chrome/137.0.0.0 Safari/537.36"
10.46.71.128 - - [02/Jun/2025:08:35:09 +0000] "GET /nifi-api/flow/process-groups/7b71d586-0196-1000-837c-7c5442c21299?uiOnly=true HTTP/1.1" 200 6234 "http://10.46.67.15:8181/nifi/?processGroupId=7b71d586-0196-1000-837c-7c5442c21299&componentIds=2fbccea5-0197-1000-4430-c7be5c1370a8" "Mozilla/5.0 (X11; Linux x86_64) AppleWebKit/537.36 (KHTML, like Gecko) Chrome/137.0.0.0 Safari/537.36"
10.46.71.128 - - [02/Jun/2025:08:35:09 +0000] "GET /nifi-api/flow/current-user HTTP/1.1" 200 392 "http://10.46.67.15:8181/nifi/?processGroupId=7b71d586-0196-1000-837c-7c5442c21299&componentIds=2fbccea5-0197-1000-4430-c7be5c1370a8" "Mozilla/5.0 (X11; Linux x86_64) AppleWebKit/537.36 (KHTML, like Gecko) Chrome/137.0.0.0 Safari/537.36"
10.46.71.128 - - [02/Jun/2025:08:35:09 +0000] "GET /nifi-api/flow/controller/bulletins HTTP/1.1" 200 109 "http://10.46.67.15:8181/nifi/?processGroupId=7b71d586-0196-1000-837c-7c5442c21299&componentIds=2fbccea5-0197-1000-4430-c7be5c1370a8" "Mozilla/5.0 (X11; Linux x86_64) AppleWebKit/537.36 (KHTML, like Gecko) Chrome/137.0.0.0 Safari/537.36"
10.46.71.128 - - [02/Jun/2025:08:35:10 +0000] "GET /nifi-api/flow/cluster/summary HTTP/1.1" 200 93 "http://10.46.67.15:8181/nifi/?processGroupId=7b71d586-0196-1000-837c-7c5442c21299&componentIds=2fbccea5-0197-1000-4430-c7be5c1370a8" "Mozilla/5.0 (X11; Linux x86_64) AppleWebKit/537.36 (KHTML, like Gecko) Chrome/137.0.0.0 Safari/537.36"
10.46.71.128 - - [02/Jun/2025:08:35:11 +0000] "DELETE /nifi-api/connections/2fbccea5-0197-1000-4430-c7be5c1370a8?version=1&clientId=2f9db86a-0197-1000-ad6a-c431da27d924&disconnectedNodeAcknowledged=false HTTP/1.1" 200 536 "http://10.46.67.15:8181/nifi/?processGroupId=7b71d586-0196-1000-837c-7c5442c21299&componentIds=2fbccea5-0197-1000-4430-c7be5c1370a8" "Mozilla/5.0 (X11; Linux x86_64) AppleWebKit/537.36 (KHTML, like Gecko) Chrome/137.0.0.0 Safari/537.36"
10.46.71.128 - - [02/Jun/2025:08:35:11 +0000] "GET /nifi-api/processors/2fa634fb-0197-1000-7816-72ddb989a049 HTTP/1.1" 200 1728 "http://10.46.67.15:8181/nifi/" "Mozilla/5.0 (X11; Linux x86_64) AppleWebKit/537.36 (KHTML, like Gecko) Chrome/137.0.0.0 Safari/537.36"
10.46.71.128 - - [02/Jun/2025:08:35:11 +0000] "GET /nifi-api/processors/2faeea1c-0197-1000-3218-e72cb6b6c1fc HTTP/1.1" 200 3235 "http://10.46.67.15:8181/nifi/" "Mozilla/5.0 (X11; Linux x86_64) AppleWebKit/537.36 (KHTML, like Gecko) Chrome/137.0.0.0 Safari/537.36"
10.46.71.128 - - [02/Jun/2025:08:35:20 +0000] "POST /nifi-api/process-groups/7b71d586-0196-1000-837c-7c5442c21299/processors HTTP/1.1" 201 2786 "http://10.46.67.15:8181/nifi/?processGroupId=7b71d586-0196-1000-837c-7c5442c21299&componentIds=" "Mozilla/5.0 (X11; Linux x86_64) AppleWebKit/537.36 (KHTML, like Gecko) Chrome/137.0.0.0 Safari/537.36"
172.18.0.1 - - [02/Jun/2025:08:35:23 +0000] "GET /nifi-api/flow/controller/bulletins HTTP/1.1" 200 109 "http://localhost:8181/nifi/?processGroupId=7b71d586-0196-1000-837c-7c5442c21299&componentIds=2fa634fb-0197-1000-7816-72ddb989a049" "Mozilla/5.0 (X11; Linux x86_64) AppleWebKit/537.36 (KHTML, like Gecko) Chrome/137.0.0.0 Safari/537.36"
172.18.0.1 - - [02/Jun/2025:08:35:23 +0000] "GET /nifi-api/flow/cluster/summary HTTP/1.1" 200 93 "http://localhost:8181/nifi/?processGroupId=7b71d586-0196-1000-837c-7c5442c21299&componentIds=2fa634fb-0197-1000-7816-72ddb989a049" "Mozilla/5.0 (X11; Linux x86_64) AppleWebKit/537.36 (KHTML, like Gecko) Chrome/137.0.0.0 Safari/537.36"
172.18.0.1 - - [02/Jun/2025:08:35:23 +0000] "GET /nifi-api/flow/status HTTP/1.1" 200 220 "http://localhost:8181/nifi/?processGroupId=7b71d586-0196-1000-837c-7c5442c21299&componentIds=2fa634fb-0197-1000-7816-72ddb989a049" "Mozilla/5.0 (X11; Linux x86_64) AppleWebKit/537.36 (KHTML, like Gecko) Chrome/137.0.0.0 Safari/537.36"
172.18.0.1 - - [02/Jun/2025:08:35:23 +0000] "GET /nifi-api/flow/current-user HTTP/1.1" 200 392 "http://localhost:8181/nifi/?processGroupId=7b71d586-0196-1000-837c-7c5442c21299&componentIds=2fa634fb-0197-1000-7816-72ddb989a049" "Mozilla/5.0 (X11; Linux x86_64) AppleWebKit/537.36 (KHTML, like Gecko) Chrome/137.0.0.0 Safari/537.36"
172.18.0.1 - - [02/Jun/2025:08:35:23 +0000] "GET /nifi-api/flow/process-groups/7b71d586-0196-1000-837c-7c5442c21299?uiOnly=true HTTP/1.1" 200 6339 "http://localhost:8181/nifi/?processGroupId=7b71d586-0196-1000-837c-7c5442c21299&componentIds=2fa634fb-0197-1000-7816-72ddb989a049" "Mozilla/5.0 (X11; Linux x86_64) AppleWebKit/537.36 (KHTML, like Gecko) Chrome/137.0.0.0 Safari/537.36"
172.18.0.1 - - [02/Jun/2025:08:35:24 +0000] "GET /nifi-api/processors/2fa634fb-0197-1000-7816-72ddb989a049 HTTP/1.1" 200 1726 "http://localhost:8181/nifi/?processGroupId=7b71d586-0196-1000-837c-7c5442c21299&componentIds=2fa634fb-0197-1000-7816-72ddb989a049" "Mozilla/5.0 (X11; Linux x86_64) AppleWebKit/537.36 (KHTML, like Gecko) Chrome/137.0.0.0 Safari/537.36"
172.18.0.1 - - [02/Jun/2025:08:35:24 +0000] "GET /nifi-api/processors/2faeea1c-0197-1000-3218-e72cb6b6c1fc HTTP/1.1" 200 3231 "http://localhost:8181/nifi/?processGroupId=7b71d586-0196-1000-837c-7c5442c21299&componentIds=2fa634fb-0197-1000-7816-72ddb989a049" "Mozilla/5.0 (X11; Linux x86_64) AppleWebKit/537.36 (KHTML, like Gecko) Chrome/137.0.0.0 Safari/537.36"
10.46.71.128 - - [02/Jun/2025:08:35:24 +0000] "PUT /nifi-api/processors/2fc7ed14-0197-1000-72f7-816011f38074 HTTP/1.1" 200 2767 "http://10.46.67.15:8181/nifi/?processGroupId=7b71d586-0196-1000-837c-7c5442c21299&componentIds=2fc7ed14-0197-1000-72f7-816011f38074" "Mozilla/5.0 (X11; Linux x86_64) AppleWebKit/537.36 (KHTML, like Gecko) Chrome/137.0.0.0 Safari/537.36"
10.46.71.128 - - [02/Jun/2025:08:35:27 +0000] "GET /nifi-api/process-groups/7b71d586-0196-1000-837c-7c5442c21299 HTTP/1.1" 200 959 "http://10.46.67.15:8181/nifi/?processGroupId=7b71d586-0196-1000-837c-7c5442c21299&componentIds=2fc7ed14-0197-1000-72f7-816011f38074" "Mozilla/5.0 (X11; Linux x86_64) AppleWebKit/537.36 (KHTML, like Gecko) Chrome/137.0.0.0 Safari/537.36"
10.46.71.128 - - [02/Jun/2025:08:35:30 +0000] "POST /nifi-api/process-groups/7b71d586-0196-1000-837c-7c5442c21299/connections HTTP/1.1" 201 819 "http://10.46.67.15:8181/nifi/?processGroupId=7b71d586-0196-1000-837c-7c5442c21299&componentIds=2fc7ed14-0197-1000-72f7-816011f38074" "Mozilla/5.0 (X11; Linux x86_64) AppleWebKit/537.36 (KHTML, like Gecko) Chrome/137.0.0.0 Safari/537.36"
10.46.71.128 - - [02/Jun/2025:08:35:31 +0000] "GET /nifi-api/processors/2fa634fb-0197-1000-7816-72ddb989a049 HTTP/1.1" 200 1672 "http://10.46.67.15:8181/nifi/?processGroupId=7b71d586-0196-1000-837c-7c5442c21299&componentIds=2fc7ed14-0197-1000-72f7-816011f38074" "Mozilla/5.0 (X11; Linux x86_64) AppleWebKit/537.36 (KHTML, like Gecko) Chrome/137.0.0.0 Safari/537.36"
10.46.71.128 - - [02/Jun/2025:08:35:31 +0000] "GET /nifi-api/processors/2fc7ed14-0197-1000-72f7-816011f38074 HTTP/1.1" 200 2711 "http://10.46.67.15:8181/nifi/?processGroupId=7b71d586-0196-1000-837c-7c5442c21299&componentIds=2fc7ed14-0197-1000-72f7-816011f38074" "Mozilla/5.0 (X11; Linux x86_64) AppleWebKit/537.36 (KHTML, like Gecko) Chrome/137.0.0.0 Safari/537.36"
10.46.71.128 - - [02/Jun/2025:08:35:39 +0000] "GET /nifi-api/processors/2fc7ed14-0197-1000-72f7-816011f38074 HTTP/1.1" 200 2711 "http://10.46.67.15:8181/nifi/?processGroupId=7b71d586-0196-1000-837c-7c5442c21299&componentIds=2fc7ed14-0197-1000-72f7-816011f38074" "Mozilla/5.0 (X11; Linux x86_64) AppleWebKit/537.36 (KHTML, like Gecko) Chrome/137.0.0.0 Safari/537.36"
10.46.71.128 - - [02/Jun/2025:08:35:39 +0000] "GET /nifi-api/flow/history/components/2fc7ed14-0197-1000-72f7-816011f38074 HTTP/1.1" 200 99 "http://10.46.67.15:8181/nifi/?processGroupId=7b71d586-0196-1000-837c-7c5442c21299&componentIds=2fc7ed14-0197-1000-72f7-816011f38074" "Mozilla/5.0 (X11; Linux x86_64) AppleWebKit/537.36 (KHTML, like Gecko) Chrome/137.0.0.0 Safari/537.36"
10.46.71.128 - - [02/Jun/2025:08:35:40 +0000] "GET /nifi-api/flow/status HTTP/1.1" 200 220 "http://10.46.67.15:8181/nifi/?processGroupId=7b71d586-0196-1000-837c-7c5442c21299&componentIds=2fc7ed14-0197-1000-72f7-816011f38074" "Mozilla/5.0 (X11; Linux x86_64) AppleWebKit/537.36 (KHTML, like Gecko) Chrome/137.0.0.0 Safari/537.36"
10.46.71.128 - - [02/Jun/2025:08:35:40 +0000] "GET /nifi-api/flow/process-groups/7b71d586-0196-1000-837c-7c5442c21299?uiOnly=true HTTP/1.1" 200 6426 "http://10.46.67.15:8181/nifi/?processGroupId=7b71d586-0196-1000-837c-7c5442c21299&componentIds=2fc7ed14-0197-1000-72f7-816011f38074" "Mozilla/5.0 (X11; Linux x86_64) AppleWebKit/537.36 (KHTML, like Gecko) Chrome/137.0.0.0 Safari/537.36"
10.46.71.128 - - [02/Jun/2025:08:35:40 +0000] "GET /nifi-api/flow/current-user HTTP/1.1" 200 392 "http://10.46.67.15:8181/nifi/?processGroupId=7b71d586-0196-1000-837c-7c5442c21299&componentIds=2fc7ed14-0197-1000-72f7-816011f38074" "Mozilla/5.0 (X11; Linux x86_64) AppleWebKit/537.36 (KHTML, like Gecko) Chrome/137.0.0.0 Safari/537.36"
10.46.71.128 - - [02/Jun/2025:08:35:40 +0000] "GET /nifi-api/flow/cluster/summary HTTP/1.1" 200 93 "http://10.46.67.15:8181/nifi/?processGroupId=7b71d586-0196-1000-837c-7c5442c21299&componentIds=2fc7ed14-0197-1000-72f7-816011f38074" "Mozilla/5.0 (X11; Linux x86_64) AppleWebKit/537.36 (KHTML, like Gecko) Chrome/137.0.0.0 Safari/537.36"
10.46.71.128 - - [02/Jun/2025:08:35:40 +0000] "GET /nifi-api/flow/controller/bulletins HTTP/1.1" 200 109 "http://10.46.67.15:8181/nifi/?processGroupId=7b71d586-0196-1000-837c-7c5442c21299&componentIds=2fc7ed14-0197-1000-72f7-816011f38074" "Mozilla/5.0 (X11; Linux x86_64) AppleWebKit/537.36 (KHTML, like Gecko) Chrome/137.0.0.0 Safari/537.36"
10.46.71.128 - - [02/Jun/2025:08:35:46 +0000] "PUT /nifi-api/processors/2fc7ed14-0197-1000-72f7-816011f38074 HTTP/1.1" 200 2727 "http://10.46.67.15:8181/nifi/?processGroupId=7b71d586-0196-1000-837c-7c5442c21299&componentIds=2fc7ed14-0197-1000-72f7-816011f38074" "Mozilla/5.0 (X11; Linux x86_64) AppleWebKit/537.36 (KHTML, like Gecko) Chrome/137.0.0.0 Safari/537.36"
10.46.71.128 - - [02/Jun/2025:08:35:48 +0000] "GET /nifi-api/flow/history/components/2fc7ed14-0197-1000-72f7-816011f38074 HTTP/1.1" 200 99 "http://10.46.67.15:8181/nifi/?processGroupId=7b71d586-0196-1000-837c-7c5442c21299&componentIds=2fc7ed14-0197-1000-72f7-816011f38074" "Mozilla/5.0 (X11; Linux x86_64) AppleWebKit/537.36 (KHTML, like Gecko) Chrome/137.0.0.0 Safari/537.36"
10.46.71.128 - - [02/Jun/2025:08:35:48 +0000] "GET /nifi-api/processors/2fc7ed14-0197-1000-72f7-816011f38074 HTTP/1.1" 200 2711 "http://10.46.67.15:8181/nifi/?processGroupId=7b71d586-0196-1000-837c-7c5442c21299&componentIds=2fc7ed14-0197-1000-72f7-816011f38074" "Mozilla/5.0 (X11; Linux x86_64) AppleWebKit/537.36 (KHTML, like Gecko) Chrome/137.0.0.0 Safari/537.36"
172.18.0.1 - - [02/Jun/2025:08:35:54 +0000] "GET /nifi-api/flow/status HTTP/1.1" 200 220 "http://localhost:8181/nifi/?processGroupId=7b71d586-0196-1000-837c-7c5442c21299&componentIds=2fa634fb-0197-1000-7816-72ddb989a049" "Mozilla/5.0 (X11; Linux x86_64) AppleWebKit/537.36 (KHTML, like Gecko) Chrome/137.0.0.0 Safari/537.36"
172.18.0.1 - - [02/Jun/2025:08:35:54 +0000] "GET /nifi-api/flow/controller/bulletins HTTP/1.1" 200 109 "http://localhost:8181/nifi/?processGroupId=7b71d586-0196-1000-837c-7c5442c21299&componentIds=2fa634fb-0197-1000-7816-72ddb989a049" "Mozilla/5.0 (X11; Linux x86_64) AppleWebKit/537.36 (KHTML, like Gecko) Chrome/137.0.0.0 Safari/537.36"
172.18.0.1 - - [02/Jun/2025:08:35:54 +0000] "GET /nifi-api/flow/current-user HTTP/1.1" 200 392 "http://localhost:8181/nifi/?processGroupId=7b71d586-0196-1000-837c-7c5442c21299&componentIds=2fa634fb-0197-1000-7816-72ddb989a049" "Mozilla/5.0 (X11; Linux x86_64) AppleWebKit/537.36 (KHTML, like Gecko) Chrome/137.0.0.0 Safari/537.36"
172.18.0.1 - - [02/Jun/2025:08:35:54 +0000] "GET /nifi-api/flow/cluster/summary HTTP/1.1" 200 93 "http://localhost:8181/nifi/?processGroupId=7b71d586-0196-1000-837c-7c5442c21299&componentIds=2fa634fb-0197-1000-7816-72ddb989a049" "Mozilla/5.0 (X11; Linux x86_64) AppleWebKit/537.36 (KHTML, like Gecko) Chrome/137.0.0.0 Safari/537.36"
172.18.0.1 - - [02/Jun/2025:08:35:54 +0000] "GET /nifi-api/flow/process-groups/7b71d586-0196-1000-837c-7c5442c21299?uiOnly=true HTTP/1.1" 200 6425 "http://localhost:8181/nifi/?processGroupId=7b71d586-0196-1000-837c-7c5442c21299&componentIds=2fa634fb-0197-1000-7816-72ddb989a049" "Mozilla/5.0 (X11; Linux x86_64) AppleWebKit/537.36 (KHTML, like Gecko) Chrome/137.0.0.0 Safari/537.36"
10.46.71.128 - - [02/Jun/2025:08:36:05 +0000] "GET /nifi-api/processors/2fc7ed14-0197-1000-72f7-816011f38074/descriptors?propertyName=VEHID&sensitive=false HTTP/1.1" 200 163 "http://10.46.67.15:8181/nifi/?processGroupId=7b71d586-0196-1000-837c-7c5442c21299&componentIds=2fc7ed14-0197-1000-72f7-816011f38074" "Mozilla/5.0 (X11; Linux x86_64) AppleWebKit/537.36 (KHTML, like Gecko) Chrome/137.0.0.0 Safari/537.36"
10.46.71.128 - - [02/Jun/2025:08:36:10 +0000] "GET /nifi-api/flow/status HTTP/1.1" 200 220 "http://10.46.67.15:8181/nifi/?processGroupId=7b71d586-0196-1000-837c-7c5442c21299&componentIds=2fc7ed14-0197-1000-72f7-816011f38074" "Mozilla/5.0 (X11; Linux x86_64) AppleWebKit/537.36 (KHTML, like Gecko) Chrome/137.0.0.0 Safari/537.36"
10.46.71.128 - - [02/Jun/2025:08:36:10 +0000] "GET /nifi-api/flow/process-groups/7b71d586-0196-1000-837c-7c5442c21299?uiOnly=true HTTP/1.1" 200 6426 "http://10.46.67.15:8181/nifi/?processGroupId=7b71d586-0196-1000-837c-7c5442c21299&componentIds=2fc7ed14-0197-1000-72f7-816011f38074" "Mozilla/5.0 (X11; Linux x86_64) AppleWebKit/537.36 (KHTML, like Gecko) Chrome/137.0.0.0 Safari/537.36"
10.46.71.128 - - [02/Jun/2025:08:36:10 +0000] "GET /nifi-api/flow/current-user HTTP/1.1" 200 392 "http://10.46.67.15:8181/nifi/?processGroupId=7b71d586-0196-1000-837c-7c5442c21299&componentIds=2fc7ed14-0197-1000-72f7-816011f38074" "Mozilla/5.0 (X11; Linux x86_64) AppleWebKit/537.36 (KHTML, like Gecko) Chrome/137.0.0.0 Safari/537.36"
10.46.71.128 - - [02/Jun/2025:08:36:10 +0000] "GET /nifi-api/flow/cluster/summary HTTP/1.1" 200 93 "http://10.46.67.15:8181/nifi/?processGroupId=7b71d586-0196-1000-837c-7c5442c21299&componentIds=2fc7ed14-0197-1000-72f7-816011f38074" "Mozilla/5.0 (X11; Linux x86_64) AppleWebKit/537.36 (KHTML, like Gecko) Chrome/137.0.0.0 Safari/537.36"
10.46.71.128 - - [02/Jun/2025:08:36:10 +0000] "GET /nifi-api/flow/controller/bulletins HTTP/1.1" 200 109 "http://10.46.67.15:8181/nifi/?processGroupId=7b71d586-0196-1000-837c-7c5442c21299&componentIds=2fc7ed14-0197-1000-72f7-816011f38074" "Mozilla/5.0 (X11; Linux x86_64) AppleWebKit/537.36 (KHTML, like Gecko) Chrome/137.0.0.0 Safari/537.36"
172.18.0.1 - - [02/Jun/2025:08:36:25 +0000] "GET /nifi-api/flow/controller/bulletins HTTP/1.1" 200 109 "http://localhost:8181/nifi/?processGroupId=7b71d586-0196-1000-837c-7c5442c21299&componentIds=2fa634fb-0197-1000-7816-72ddb989a049" "Mozilla/5.0 (X11; Linux x86_64) AppleWebKit/537.36 (KHTML, like Gecko) Chrome/137.0.0.0 Safari/537.36"
172.18.0.1 - - [02/Jun/2025:08:36:25 +0000] "GET /nifi-api/flow/status HTTP/1.1" 200 220 "http://localhost:8181/nifi/?processGroupId=7b71d586-0196-1000-837c-7c5442c21299&componentIds=2fa634fb-0197-1000-7816-72ddb989a049" "Mozilla/5.0 (X11; Linux x86_64) AppleWebKit/537.36 (KHTML, like Gecko) Chrome/137.0.0.0 Safari/537.36"
172.18.0.1 - - [02/Jun/2025:08:36:25 +0000] "GET /nifi-api/flow/cluster/summary HTTP/1.1" 200 93 "http://localhost:8181/nifi/?processGroupId=7b71d586-0196-1000-837c-7c5442c21299&componentIds=2fa634fb-0197-1000-7816-72ddb989a049" "Mozilla/5.0 (X11; Linux x86_64) AppleWebKit/537.36 (KHTML, like Gecko) Chrome/137.0.0.0 Safari/537.36"
172.18.0.1 - - [02/Jun/2025:08:36:25 +0000] "GET /nifi-api/flow/current-user HTTP/1.1" 200 392 "http://localhost:8181/nifi/?processGroupId=7b71d586-0196-1000-837c-7c5442c21299&componentIds=2fa634fb-0197-1000-7816-72ddb989a049" "Mozilla/5.0 (X11; Linux x86_64) AppleWebKit/537.36 (KHTML, like Gecko) Chrome/137.0.0.0 Safari/537.36"
172.18.0.1 - - [02/Jun/2025:08:36:25 +0000] "GET /nifi-api/flow/process-groups/7b71d586-0196-1000-837c-7c5442c21299?uiOnly=true HTTP/1.1" 200 6425 "http://localhost:8181/nifi/?processGroupId=7b71d586-0196-1000-837c-7c5442c21299&componentIds=2fa634fb-0197-1000-7816-72ddb989a049" "Mozilla/5.0 (X11; Linux x86_64) AppleWebKit/537.36 (KHTML, like Gecko) Chrome/137.0.0.0 Safari/537.36"
10.46.71.128 - - [02/Jun/2025:08:36:41 +0000] "GET /nifi-api/flow/cluster/summary HTTP/1.1" 200 93 "http://10.46.67.15:8181/nifi/?processGroupId=7b71d586-0196-1000-837c-7c5442c21299&componentIds=2fc7ed14-0197-1000-72f7-816011f38074" "Mozilla/5.0 (X11; Linux x86_64) AppleWebKit/537.36 (KHTML, like Gecko) Chrome/137.0.0.0 Safari/537.36"
10.46.71.128 - - [02/Jun/2025:08:36:41 +0000] "GET /nifi-api/flow/status HTTP/1.1" 200 220 "http://10.46.67.15:8181/nifi/?processGroupId=7b71d586-0196-1000-837c-7c5442c21299&componentIds=2fc7ed14-0197-1000-72f7-816011f38074" "Mozilla/5.0 (X11; Linux x86_64) AppleWebKit/537.36 (KHTML, like Gecko) Chrome/137.0.0.0 Safari/537.36"
10.46.71.128 - - [02/Jun/2025:08:36:41 +0000] "GET /nifi-api/flow/controller/bulletins HTTP/1.1" 200 109 "http://10.46.67.15:8181/nifi/?processGroupId=7b71d586-0196-1000-837c-7c5442c21299&componentIds=2fc7ed14-0197-1000-72f7-816011f38074" "Mozilla/5.0 (X11; Linux x86_64) AppleWebKit/537.36 (KHTML, like Gecko) Chrome/137.0.0.0 Safari/537.36"
10.46.71.128 - - [02/Jun/2025:08:36:41 +0000] "GET /nifi-api/flow/current-user HTTP/1.1" 200 392 "http://10.46.67.15:8181/nifi/?processGroupId=7b71d586-0196-1000-837c-7c5442c21299&componentIds=2fc7ed14-0197-1000-72f7-816011f38074" "Mozilla/5.0 (X11; Linux x86_64) AppleWebKit/537.36 (KHTML, like Gecko) Chrome/137.0.0.0 Safari/537.36"
10.46.71.128 - - [02/Jun/2025:08:36:41 +0000] "GET /nifi-api/flow/process-groups/7b71d586-0196-1000-837c-7c5442c21299?uiOnly=true HTTP/1.1" 200 6603 "http://10.46.67.15:8181/nifi/?processGroupId=7b71d586-0196-1000-837c-7c5442c21299&componentIds=2fc7ed14-0197-1000-72f7-816011f38074" "Mozilla/5.0 (X11; Linux x86_64) AppleWebKit/537.36 (KHTML, like Gecko) Chrome/137.0.0.0 Safari/537.36"
172.18.0.1 - - [02/Jun/2025:08:36:56 +0000] "GET /nifi-api/flow/status HTTP/1.1" 200 220 "http://localhost:8181/nifi/?processGroupId=7b71d586-0196-1000-837c-7c5442c21299&componentIds=2fa634fb-0197-1000-7816-72ddb989a049" "Mozilla/5.0 (X11; Linux x86_64) AppleWebKit/537.36 (KHTML, like Gecko) Chrome/137.0.0.0 Safari/537.36"
172.18.0.1 - - [02/Jun/2025:08:36:56 +0000] "GET /nifi-api/flow/current-user HTTP/1.1" 200 392 "http://localhost:8181/nifi/?processGroupId=7b71d586-0196-1000-837c-7c5442c21299&componentIds=2fa634fb-0197-1000-7816-72ddb989a049" "Mozilla/5.0 (X11; Linux x86_64) AppleWebKit/537.36 (KHTML, like Gecko) Chrome/137.0.0.0 Safari/537.36"
172.18.0.1 - - [02/Jun/2025:08:36:56 +0000] "GET /nifi-api/flow/controller/bulletins HTTP/1.1" 200 109 "http://localhost:8181/nifi/?processGroupId=7b71d586-0196-1000-837c-7c5442c21299&componentIds=2fa634fb-0197-1000-7816-72ddb989a049" "Mozilla/5.0 (X11; Linux x86_64) AppleWebKit/537.36 (KHTML, like Gecko) Chrome/137.0.0.0 Safari/537.36"
172.18.0.1 - - [02/Jun/2025:08:36:56 +0000] "GET /nifi-api/flow/cluster/summary HTTP/1.1" 200 93 "http://localhost:8181/nifi/?processGroupId=7b71d586-0196-1000-837c-7c5442c21299&componentIds=2fa634fb-0197-1000-7816-72ddb989a049" "Mozilla/5.0 (X11; Linux x86_64) AppleWebKit/537.36 (KHTML, like Gecko) Chrome/137.0.0.0 Safari/537.36"
172.18.0.1 - - [02/Jun/2025:08:36:56 +0000] "GET /nifi-api/flow/process-groups/7b71d586-0196-1000-837c-7c5442c21299?uiOnly=true HTTP/1.1" 200 6408 "http://localhost:8181/nifi/?processGroupId=7b71d586-0196-1000-837c-7c5442c21299&componentIds=2fa634fb-0197-1000-7816-72ddb989a049" "Mozilla/5.0 (X11; Linux x86_64) AppleWebKit/537.36 (KHTML, like Gecko) Chrome/137.0.0.0 Safari/537.36"
10.46.71.128 - - [02/Jun/2025:08:37:12 +0000] "GET /nifi-api/flow/status HTTP/1.1" 200 220 "http://10.46.67.15:8181/nifi/?processGroupId=7b71d586-0196-1000-837c-7c5442c21299&componentIds=2fc7ed14-0197-1000-72f7-816011f38074" "Mozilla/5.0 (X11; Linux x86_64) AppleWebKit/537.36 (KHTML, like Gecko) Chrome/137.0.0.0 Safari/537.36"
10.46.71.128 - - [02/Jun/2025:08:37:12 +0000] "GET /nifi-api/flow/controller/bulletins HTTP/1.1" 200 109 "http://10.46.67.15:8181/nifi/?processGroupId=7b71d586-0196-1000-837c-7c5442c21299&componentIds=2fc7ed14-0197-1000-72f7-816011f38074" "Mozilla/5.0 (X11; Linux x86_64) AppleWebKit/537.36 (KHTML, like Gecko) Chrome/137.0.0.0 Safari/537.36"
10.46.71.128 - - [02/Jun/2025:08:37:12 +0000] "GET /nifi-api/flow/current-user HTTP/1.1" 200 392 "http://10.46.67.15:8181/nifi/?processGroupId=7b71d586-0196-1000-837c-7c5442c21299&componentIds=2fc7ed14-0197-1000-72f7-816011f38074" "Mozilla/5.0 (X11; Linux x86_64) AppleWebKit/537.36 (KHTML, like Gecko) Chrome/137.0.0.0 Safari/537.36"
10.46.71.128 - - [02/Jun/2025:08:37:12 +0000] "GET /nifi-api/flow/cluster/summary HTTP/1.1" 200 93 "http://10.46.67.15:8181/nifi/?processGroupId=7b71d586-0196-1000-837c-7c5442c21299&componentIds=2fc7ed14-0197-1000-72f7-816011f38074" "Mozilla/5.0 (X11; Linux x86_64) AppleWebKit/537.36 (KHTML, like Gecko) Chrome/137.0.0.0 Safari/537.36"
10.46.71.128 - - [02/Jun/2025:08:37:12 +0000] "GET /nifi-api/flow/process-groups/7b71d586-0196-1000-837c-7c5442c21299?uiOnly=true HTTP/1.1" 200 6371 "http://10.46.67.15:8181/nifi/?processGroupId=7b71d586-0196-1000-837c-7c5442c21299&componentIds=2fc7ed14-0197-1000-72f7-816011f38074" "Mozilla/5.0 (X11; Linux x86_64) AppleWebKit/537.36 (KHTML, like Gecko) Chrome/137.0.0.0 Safari/537.36"
10.46.71.128 - - [02/Jun/2025:08:37:20 +0000] "GET /nifi-api/flow/history/components/2fc7ed14-0197-1000-72f7-816011f38074 HTTP/1.1" 200 99 "http://10.46.67.15:8181/nifi/?processGroupId=7b71d586-0196-1000-837c-7c5442c21299&componentIds=2fc7ed14-0197-1000-72f7-816011f38074" "Mozilla/5.0 (X11; Linux x86_64) AppleWebKit/537.36 (KHTML, like Gecko) Chrome/137.0.0.0 Safari/537.36"
10.46.71.128 - - [02/Jun/2025:08:37:20 +0000] "GET /nifi-api/processors/2fc7ed14-0197-1000-72f7-816011f38074 HTTP/1.1" 200 2710 "http://10.46.67.15:8181/nifi/?processGroupId=7b71d586-0196-1000-837c-7c5442c21299&componentIds=2fc7ed14-0197-1000-72f7-816011f38074" "Mozilla/5.0 (X11; Linux x86_64) AppleWebKit/537.36 (KHTML, like Gecko) Chrome/137.0.0.0 Safari/537.36"
172.18.0.1 - - [02/Jun/2025:08:37:27 +0000] "GET /nifi-api/flow/status HTTP/1.1" 200 220 "http://localhost:8181/nifi/?processGroupId=7b71d586-0196-1000-837c-7c5442c21299&componentIds=2fa634fb-0197-1000-7816-72ddb989a049" "Mozilla/5.0 (X11; Linux x86_64) AppleWebKit/537.36 (KHTML, like Gecko) Chrome/137.0.0.0 Safari/537.36"
172.18.0.1 - - [02/Jun/2025:08:37:27 +0000] "GET /nifi-api/flow/current-user HTTP/1.1" 200 392 "http://localhost:8181/nifi/?processGroupId=7b71d586-0196-1000-837c-7c5442c21299&componentIds=2fa634fb-0197-1000-7816-72ddb989a049" "Mozilla/5.0 (X11; Linux x86_64) AppleWebKit/537.36 (KHTML, like Gecko) Chrome/137.0.0.0 Safari/537.36"
172.18.0.1 - - [02/Jun/2025:08:37:27 +0000] "GET /nifi-api/flow/cluster/summary HTTP/1.1" 200 93 "http://localhost:8181/nifi/?processGroupId=7b71d586-0196-1000-837c-7c5442c21299&componentIds=2fa634fb-0197-1000-7816-72ddb989a049" "Mozilla/5.0 (X11; Linux x86_64) AppleWebKit/537.36 (KHTML, like Gecko) Chrome/137.0.0.0 Safari/537.36"
172.18.0.1 - - [02/Jun/2025:08:37:27 +0000] "GET /nifi-api/flow/controller/bulletins HTTP/1.1" 200 109 "http://localhost:8181/nifi/?processGroupId=7b71d586-0196-1000-837c-7c5442c21299&componentIds=2fa634fb-0197-1000-7816-72ddb989a049" "Mozilla/5.0 (X11; Linux x86_64) AppleWebKit/537.36 (KHTML, like Gecko) Chrome/137.0.0.0 Safari/537.36"
172.18.0.1 - - [02/Jun/2025:08:37:27 +0000] "GET /nifi-api/flow/process-groups/7b71d586-0196-1000-837c-7c5442c21299?uiOnly=true HTTP/1.1" 200 6370 "http://localhost:8181/nifi/?processGroupId=7b71d586-0196-1000-837c-7c5442c21299&componentIds=2fa634fb-0197-1000-7816-72ddb989a049" "Mozilla/5.0 (X11; Linux x86_64) AppleWebKit/537.36 (KHTML, like Gecko) Chrome/137.0.0.0 Safari/537.36"
10.46.71.128 - - [02/Jun/2025:08:37:31 +0000] "GET /nifi-api/flow/history/components/f7124d0e-0196-1000-c1e4-423889648820 HTTP/1.1" 200 99 "http://10.46.67.15:8181/nifi/?processGroupId=7b71d586-0196-1000-837c-7c5442c21299&componentIds=f7124d0e-0196-1000-c1e4-423889648820" "Mozilla/5.0 (X11; Linux x86_64) AppleWebKit/537.36 (KHTML, like Gecko) Chrome/137.0.0.0 Safari/537.36"
10.46.71.128 - - [02/Jun/2025:08:37:31 +0000] "GET /nifi-api/processors/f7124d0e-0196-1000-c1e4-423889648820 HTTP/1.1" 200 2780 "http://10.46.67.15:8181/nifi/?processGroupId=7b71d586-0196-1000-837c-7c5442c21299&componentIds=f7124d0e-0196-1000-c1e4-423889648820" "Mozilla/5.0 (X11; Linux x86_64) AppleWebKit/537.36 (KHTML, like Gecko) Chrome/137.0.0.0 Safari/537.36"
10.46.71.128 - - [02/Jun/2025:08:37:41 +0000] "GET /nifi-api/flow/history/components/f708a83d-0196-1000-a91f-bb66e1ffeae9 HTTP/1.1" 200 100 "http://10.46.67.15:8181/nifi/?processGroupId=7b71d586-0196-1000-837c-7c5442c21299&componentIds=f708a83d-0196-1000-a91f-bb66e1ffeae9" "Mozilla/5.0 (X11; Linux x86_64) AppleWebKit/537.36 (KHTML, like Gecko) Chrome/137.0.0.0 Safari/537.36"
10.46.71.128 - - [02/Jun/2025:08:37:41 +0000] "GET /nifi-api/processors/f708a83d-0196-1000-a91f-bb66e1ffeae9 HTTP/1.1" 200 2863 "http://10.46.67.15:8181/nifi/?processGroupId=7b71d586-0196-1000-837c-7c5442c21299&componentIds=f708a83d-0196-1000-a91f-bb66e1ffeae9" "Mozilla/5.0 (X11; Linux x86_64) AppleWebKit/537.36 (KHTML, like Gecko) Chrome/137.0.0.0 Safari/537.36"
10.46.71.128 - - [02/Jun/2025:08:37:42 +0000] "GET /nifi-api/flow/status HTTP/1.1" 200 220 "http://10.46.67.15:8181/nifi/?processGroupId=7b71d586-0196-1000-837c-7c5442c21299&componentIds=f708a83d-0196-1000-a91f-bb66e1ffeae9" "Mozilla/5.0 (X11; Linux x86_64) AppleWebKit/537.36 (KHTML, like Gecko) Chrome/137.0.0.0 Safari/537.36"
10.46.71.128 - - [02/Jun/2025:08:37:42 +0000] "GET /nifi-api/flow/process-groups/7b71d586-0196-1000-837c-7c5442c21299?uiOnly=true HTTP/1.1" 200 6372 "http://10.46.67.15:8181/nifi/?processGroupId=7b71d586-0196-1000-837c-7c5442c21299&componentIds=f708a83d-0196-1000-a91f-bb66e1ffeae9" "Mozilla/5.0 (X11; Linux x86_64) AppleWebKit/537.36 (KHTML, like Gecko) Chrome/137.0.0.0 Safari/537.36"
10.46.71.128 - - [02/Jun/2025:08:37:42 +0000] "GET /nifi-api/flow/current-user HTTP/1.1" 200 392 "http://10.46.67.15:8181/nifi/?processGroupId=7b71d586-0196-1000-837c-7c5442c21299&componentIds=f708a83d-0196-1000-a91f-bb66e1ffeae9" "Mozilla/5.0 (X11; Linux x86_64) AppleWebKit/537.36 (KHTML, like Gecko) Chrome/137.0.0.0 Safari/537.36"
10.46.71.128 - - [02/Jun/2025:08:37:42 +0000] "GET /nifi-api/flow/controller/bulletins HTTP/1.1" 200 109 "http://10.46.67.15:8181/nifi/?processGroupId=7b71d586-0196-1000-837c-7c5442c21299&componentIds=f708a83d-0196-1000-a91f-bb66e1ffeae9" "Mozilla/5.0 (X11; Linux x86_64) AppleWebKit/537.36 (KHTML, like Gecko) Chrome/137.0.0.0 Safari/537.36"
10.46.71.128 - - [02/Jun/2025:08:37:42 +0000] "GET /nifi-api/flow/cluster/summary HTTP/1.1" 200 93 "http://10.46.67.15:8181/nifi/?processGroupId=7b71d586-0196-1000-837c-7c5442c21299&componentIds=f708a83d-0196-1000-a91f-bb66e1ffeae9" "Mozilla/5.0 (X11; Linux x86_64) AppleWebKit/537.36 (KHTML, like Gecko) Chrome/137.0.0.0 Safari/537.36"
